Archive member included to satisfy reference by file (symbol)

/Applications/STM32CubeIDE.app/Contents/Eclipse/plugins/com.st.stm32cube.ide.mcu.externaltools.gnu-tools-for-stm32.9-2020-q2-update.macos64_2.0.0.202105311346/tools/bin/../lib/gcc/arm-none-eabi/9.3.1/../../../../arm-none-eabi/lib/thumb/v7-m/nofp/libc_nano.a(lib_a-errno.o)
                              ./Core/Src/syscalls.o (__errno)
/Applications/STM32CubeIDE.app/Contents/Eclipse/plugins/com.st.stm32cube.ide.mcu.externaltools.gnu-tools-for-stm32.9-2020-q2-update.macos64_2.0.0.202105311346/tools/bin/../lib/gcc/arm-none-eabi/9.3.1/../../../../arm-none-eabi/lib/thumb/v7-m/nofp/libc_nano.a(lib_a-exit.o)
                              /Applications/STM32CubeIDE.app/Contents/Eclipse/plugins/com.st.stm32cube.ide.mcu.externaltools.gnu-tools-for-stm32.9-2020-q2-update.macos64_2.0.0.202105311346/tools/bin/../lib/gcc/arm-none-eabi/9.3.1/../../../../arm-none-eabi/lib/thumb/v7-m/nofp/crt0.o (exit)
/Applications/STM32CubeIDE.app/Contents/Eclipse/plugins/com.st.stm32cube.ide.mcu.externaltools.gnu-tools-for-stm32.9-2020-q2-update.macos64_2.0.0.202105311346/tools/bin/../lib/gcc/arm-none-eabi/9.3.1/../../../../arm-none-eabi/lib/thumb/v7-m/nofp/libc_nano.a(lib_a-impure.o)
                              /Applications/STM32CubeIDE.app/Contents/Eclipse/plugins/com.st.stm32cube.ide.mcu.externaltools.gnu-tools-for-stm32.9-2020-q2-update.macos64_2.0.0.202105311346/tools/bin/../lib/gcc/arm-none-eabi/9.3.1/../../../../arm-none-eabi/lib/thumb/v7-m/nofp/libc_nano.a(lib_a-exit.o) (_global_impure_ptr)
/Applications/STM32CubeIDE.app/Contents/Eclipse/plugins/com.st.stm32cube.ide.mcu.externaltools.gnu-tools-for-stm32.9-2020-q2-update.macos64_2.0.0.202105311346/tools/bin/../lib/gcc/arm-none-eabi/9.3.1/../../../../arm-none-eabi/lib/thumb/v7-m/nofp/libc_nano.a(lib_a-init.o)
                              /Applications/STM32CubeIDE.app/Contents/Eclipse/plugins/com.st.stm32cube.ide.mcu.externaltools.gnu-tools-for-stm32.9-2020-q2-update.macos64_2.0.0.202105311346/tools/bin/../lib/gcc/arm-none-eabi/9.3.1/../../../../arm-none-eabi/lib/thumb/v7-m/nofp/crt0.o (__libc_init_array)
/Applications/STM32CubeIDE.app/Contents/Eclipse/plugins/com.st.stm32cube.ide.mcu.externaltools.gnu-tools-for-stm32.9-2020-q2-update.macos64_2.0.0.202105311346/tools/bin/../lib/gcc/arm-none-eabi/9.3.1/../../../../arm-none-eabi/lib/thumb/v7-m/nofp/libc_nano.a(lib_a-memset.o)
                              /Applications/STM32CubeIDE.app/Contents/Eclipse/plugins/com.st.stm32cube.ide.mcu.externaltools.gnu-tools-for-stm32.9-2020-q2-update.macos64_2.0.0.202105311346/tools/bin/../lib/gcc/arm-none-eabi/9.3.1/../../../../arm-none-eabi/lib/thumb/v7-m/nofp/crt0.o (memset)
/Applications/STM32CubeIDE.app/Contents/Eclipse/plugins/com.st.stm32cube.ide.mcu.externaltools.gnu-tools-for-stm32.9-2020-q2-update.macos64_2.0.0.202105311346/tools/bin/../lib/gcc/arm-none-eabi/9.3.1/thumb/v7-m/nofp/libgcc.a(_arm_muldf3.o)
                              ./Core/Src/main.o (__aeabi_dmul)
/Applications/STM32CubeIDE.app/Contents/Eclipse/plugins/com.st.stm32cube.ide.mcu.externaltools.gnu-tools-for-stm32.9-2020-q2-update.macos64_2.0.0.202105311346/tools/bin/../lib/gcc/arm-none-eabi/9.3.1/thumb/v7-m/nofp/libgcc.a(_arm_addsubdf3.o)
                              ./Core/Src/main.o (__aeabi_dsub)
/Applications/STM32CubeIDE.app/Contents/Eclipse/plugins/com.st.stm32cube.ide.mcu.externaltools.gnu-tools-for-stm32.9-2020-q2-update.macos64_2.0.0.202105311346/tools/bin/../lib/gcc/arm-none-eabi/9.3.1/thumb/v7-m/nofp/libgcc.a(_arm_truncdfsf2.o)
                              ./Core/Src/main.o (__aeabi_d2f)
/Applications/STM32CubeIDE.app/Contents/Eclipse/plugins/com.st.stm32cube.ide.mcu.externaltools.gnu-tools-for-stm32.9-2020-q2-update.macos64_2.0.0.202105311346/tools/bin/../lib/gcc/arm-none-eabi/9.3.1/thumb/v7-m/nofp/libgcc.a(_arm_fixunssfsi.o)
                              ./Core/Src/main.o (__aeabi_f2uiz)

Allocating common symbols
Common symbol       size              file

hUsbDeviceFS        0x2c4             ./USB_DEVICE/App/usb_device.o
uwTick              0x4               ./Drivers/STM32F1xx_HAL_Driver/Src/stm32f1xx_hal.o
pFlash              0x20              ./Drivers/STM32F1xx_HAL_Driver/Src/stm32f1xx_hal_flash.o
UserRxBufferFS      0x3e8             ./USB_DEVICE/App/usbd_cdc_if.o
dma_buf             0x30              ./Core/Src/main.o
UserTxBufferFS      0x3e8             ./USB_DEVICE/App/usbd_cdc_if.o
USB_Rx_Buffer       0x40              ./Core/Src/usbd_midi.o
buf_ptr             0x4               ./Core/Src/dma.o
tmp_buf             0xc0              ./Core/Src/dma.o
APP_Rx_Buffer       0x800             ./Core/Src/usbd_midi.o
hpcd_USB_FS         0x2ec             ./USB_DEVICE/Target/usbd_conf.o
data_updated        0x1               ./Core/Src/main.o
USBD_StrDesc        0x200             ./USB_DEVICE/App/usbd_desc.o

Discarded input sections

[...]
Memory Configuration

Name             Origin             Length             Attributes
RAM              0x0000000020000000 0x0000000000005000 xrw
FLASH            0x0000000008000000 0x0000000000010000 xr
*default*        0x0000000000000000 0xffffffffffffffff

Linker script and memory map

LOAD /Applications/STM32CubeIDE.app/Contents/Eclipse/plugins/com.st.stm32cube.ide.mcu.externaltools.gnu-tools-for-stm32.9-2020-q2-update.macos64_2.0.0.202105311346/tools/bin/../lib/gcc/arm-none-eabi/9.3.1/thumb/v7-m/nofp/crti.o
LOAD /Applications/STM32CubeIDE.app/Contents/Eclipse/plugins/com.st.stm32cube.ide.mcu.externaltools.gnu-tools-for-stm32.9-2020-q2-update.macos64_2.0.0.202105311346/tools/bin/../lib/gcc/arm-none-eabi/9.3.1/thumb/v7-m/nofp/crtbegin.o
LOAD /Applications/STM32CubeIDE.app/Contents/Eclipse/plugins/com.st.stm32cube.ide.mcu.externaltools.gnu-tools-for-stm32.9-2020-q2-update.macos64_2.0.0.202105311346/tools/bin/../lib/gcc/arm-none-eabi/9.3.1/../../../../arm-none-eabi/lib/thumb/v7-m/nofp/crt0.o
LOAD ./Core/Src/debug_led.o
LOAD ./Core/Src/dma.o
LOAD ./Core/Src/gpio.o
LOAD ./Core/Src/init.o
LOAD ./Core/Src/main.o
LOAD ./Core/Src/stm32f1xx_hal_msp.o
LOAD ./Core/Src/stm32f1xx_it.o
LOAD ./Core/Src/syscalls.o
LOAD ./Core/Src/sysmem.o
LOAD ./Core/Src/system_stm32f1xx.o
LOAD ./Core/Src/timer.o
LOAD ./Core/Src/usbd_midi.o
LOAD ./Core/Src/usbd_midi_if.o
LOAD ./Core/Startup/startup_stm32f103c8tx.o
LOAD ./Drivers/STM32F1xx_HAL_Driver/Src/stm32f1xx_hal.o
LOAD ./Drivers/STM32F1xx_HAL_Driver/Src/stm32f1xx_hal_cortex.o
LOAD ./Drivers/STM32F1xx_HAL_Driver/Src/stm32f1xx_hal_dma.o
LOAD ./Drivers/STM32F1xx_HAL_Driver/Src/stm32f1xx_hal_exti.o
LOAD ./Drivers/STM32F1xx_HAL_Driver/Src/stm32f1xx_hal_flash.o
LOAD ./Drivers/STM32F1xx_HAL_Driver/Src/stm32f1xx_hal_flash_ex.o
LOAD ./Drivers/STM32F1xx_HAL_Driver/Src/stm32f1xx_hal_gpio.o
LOAD ./Drivers/STM32F1xx_HAL_Driver/Src/stm32f1xx_hal_gpio_ex.o
LOAD ./Drivers/STM32F1xx_HAL_Driver/Src/stm32f1xx_hal_pcd.o
LOAD ./Drivers/STM32F1xx_HAL_Driver/Src/stm32f1xx_hal_pcd_ex.o
LOAD ./Drivers/STM32F1xx_HAL_Driver/Src/stm32f1xx_hal_pwr.o
LOAD ./Drivers/STM32F1xx_HAL_Driver/Src/stm32f1xx_hal_rcc.o
LOAD ./Drivers/STM32F1xx_HAL_Driver/Src/stm32f1xx_hal_rcc_ex.o
LOAD ./Drivers/STM32F1xx_HAL_Driver/Src/stm32f1xx_hal_tim.o
LOAD ./Drivers/STM32F1xx_HAL_Driver/Src/stm32f1xx_hal_tim_ex.o
LOAD ./Drivers/STM32F1xx_HAL_Driver/Src/stm32f1xx_ll_usb.o
LOAD ./Middlewares/ST/STM32_USB_Device_Library/Class/CDC/Src/usbd_cdc.o
LOAD ./Middlewares/ST/STM32_USB_Device_Library/Core/Src/usbd_core.o
LOAD ./Middlewares/ST/STM32_USB_Device_Library/Core/Src/usbd_ctlreq.o
LOAD ./Middlewares/ST/STM32_USB_Device_Library/Core/Src/usbd_ioreq.o
LOAD ./USB_DEVICE/App/usb_device.o
LOAD ./USB_DEVICE/App/usbd_cdc_if.o
LOAD ./USB_DEVICE/App/usbd_desc.o
LOAD ./USB_DEVICE/Target/usbd_conf.o
START GROUP
LOAD /Applications/STM32CubeIDE.app/Contents/Eclipse/plugins/com.st.stm32cube.ide.mcu.externaltools.gnu-tools-for-stm32.9-2020-q2-update.macos64_2.0.0.202105311346/tools/bin/../lib/gcc/arm-none-eabi/9.3.1/../../../../arm-none-eabi/lib/thumb/v7-m/nofp/libc_nano.a
LOAD /Applications/STM32CubeIDE.app/Contents/Eclipse/plugins/com.st.stm32cube.ide.mcu.externaltools.gnu-tools-for-stm32.9-2020-q2-update.macos64_2.0.0.202105311346/tools/bin/../lib/gcc/arm-none-eabi/9.3.1/../../../../arm-none-eabi/lib/thumb/v7-m/nofp/libm.a
END GROUP
START GROUP
LOAD /Applications/STM32CubeIDE.app/Contents/Eclipse/plugins/com.st.stm32cube.ide.mcu.externaltools.gnu-tools-for-stm32.9-2020-q2-update.macos64_2.0.0.202105311346/tools/bin/../lib/gcc/arm-none-eabi/9.3.1/thumb/v7-m/nofp/libgcc.a
LOAD /Applications/STM32CubeIDE.app/Contents/Eclipse/plugins/com.st.stm32cube.ide.mcu.externaltools.gnu-tools-for-stm32.9-2020-q2-update.macos64_2.0.0.202105311346/tools/bin/../lib/gcc/arm-none-eabi/9.3.1/../../../../arm-none-eabi/lib/thumb/v7-m/nofp/libc_nano.a
END GROUP
START GROUP
LOAD /Applications/STM32CubeIDE.app/Contents/Eclipse/plugins/com.st.stm32cube.ide.mcu.externaltools.gnu-tools-for-stm32.9-2020-q2-update.macos64_2.0.0.202105311346/tools/bin/../lib/gcc/arm-none-eabi/9.3.1/thumb/v7-m/nofp/libgcc.a
LOAD /Applications/STM32CubeIDE.app/Contents/Eclipse/plugins/com.st.stm32cube.ide.mcu.externaltools.gnu-tools-for-stm32.9-2020-q2-update.macos64_2.0.0.202105311346/tools/bin/../lib/gcc/arm-none-eabi/9.3.1/../../../../arm-none-eabi/lib/thumb/v7-m/nofp/libc_nano.a
LOAD /Applications/STM32CubeIDE.app/Contents/Eclipse/plugins/com.st.stm32cube.ide.mcu.externaltools.gnu-tools-for-stm32.9-2020-q2-update.macos64_2.0.0.202105311346/tools/bin/../lib/gcc/arm-none-eabi/9.3.1/../../../../arm-none-eabi/lib/thumb/v7-m/nofp/libnosys.a
END GROUP
START GROUP
LOAD /Applications/STM32CubeIDE.app/Contents/Eclipse/plugins/com.st.stm32cube.ide.mcu.externaltools.gnu-tools-for-stm32.9-2020-q2-update.macos64_2.0.0.202105311346/tools/bin/../lib/gcc/arm-none-eabi/9.3.1/thumb/v7-m/nofp/libgcc.a
LOAD /Applications/STM32CubeIDE.app/Contents/Eclipse/plugins/com.st.stm32cube.ide.mcu.externaltools.gnu-tools-for-stm32.9-2020-q2-update.macos64_2.0.0.202105311346/tools/bin/../lib/gcc/arm-none-eabi/9.3.1/../../../../arm-none-eabi/lib/thumb/v7-m/nofp/libc_nano.a
LOAD /Applications/STM32CubeIDE.app/Contents/Eclipse/plugins/com.st.stm32cube.ide.mcu.externaltools.gnu-tools-for-stm32.9-2020-q2-update.macos64_2.0.0.202105311346/tools/bin/../lib/gcc/arm-none-eabi/9.3.1/../../../../arm-none-eabi/lib/thumb/v7-m/nofp/libnosys.a
END GROUP
LOAD /Applications/STM32CubeIDE.app/Contents/Eclipse/plugins/com.st.stm32cube.ide.mcu.externaltools.gnu-tools-for-stm32.9-2020-q2-update.macos64_2.0.0.202105311346/tools/bin/../lib/gcc/arm-none-eabi/9.3.1/thumb/v7-m/nofp/crtend.o
LOAD /Applications/STM32CubeIDE.app/Contents/Eclipse/plugins/com.st.stm32cube.ide.mcu.externaltools.gnu-tools-for-stm32.9-2020-q2-update.macos64_2.0.0.202105311346/tools/bin/../lib/gcc/arm-none-eabi/9.3.1/thumb/v7-m/nofp/crtn.o
                0x0000000020005000                _estack = (ORIGIN (RAM) + LENGTH (RAM))
                0x0000000000000200                _Min_Heap_Size = 0x200
                0x0000000000000400                _Min_Stack_Size = 0x400

.isr_vector     0x0000000008000000      0x10c
                0x0000000008000000                . = ALIGN (0x4)
 *(.isr_vector)
 .isr_vector    0x0000000008000000      0x10c ./Core/Startup/startup_stm32f103c8tx.o
                0x0000000008000000                g_pfnVectors
                0x000000000800010c                . = ALIGN (0x4)

.text           0x0000000008000110     0x44fc
                0x0000000008000110                . = ALIGN (0x4)
 *(.text)
 .text          0x0000000008000110       0x40 /Applications/STM32CubeIDE.app/Contents/Eclipse/plugins/com.st.stm32cube.ide.mcu.externaltools.gnu-tools-for-stm32.9-2020-q2-update.macos64_2.0.0.202105311346/tools/bin/../lib/gcc/arm-none-eabi/9.3.1/thumb/v7-m/nofp/crtbegin.o
 .text          0x0000000008000150      0x254 /Applications/STM32CubeIDE.app/Contents/Eclipse/plugins/com.st.stm32cube.ide.mcu.externaltools.gnu-tools-for-stm32.9-2020-q2-update.macos64_2.0.0.202105311346/tools/bin/../lib/gcc/arm-none-eabi/9.3.1/thumb/v7-m/nofp/libgcc.a(_arm_muldf3.o)
                0x0000000008000150                __aeabi_dmul
                0x0000000008000150                __muldf3
 .text          0x00000000080003a4      0x378 /Applications/STM32CubeIDE.app/Contents/Eclipse/plugins/com.st.stm32cube.ide.mcu.externaltools.gnu-tools-for-stm32.9-2020-q2-update.macos64_2.0.0.202105311346/tools/bin/../lib/gcc/arm-none-eabi/9.3.1/thumb/v7-m/nofp/libgcc.a(_arm_addsubdf3.o)
                0x00000000080003a4                __aeabi_drsub
                0x00000000080003ac                __subdf3
                0x00000000080003ac                __aeabi_dsub
                0x00000000080003b0                __aeabi_dadd
                0x00000000080003b0                __adddf3
                0x0000000008000628                __aeabi_ui2d
                0x0000000008000628                __floatunsidf
                0x0000000008000648                __floatsidf
                0x0000000008000648                __aeabi_i2d
                0x000000000800066c                __extendsfdf2
                0x000000000800066c                __aeabi_f2d
                0x00000000080006b0                __aeabi_ul2d
                0x00000000080006b0                __floatundidf
                0x00000000080006c0                __aeabi_l2d
                0x00000000080006c0                __floatdidf
 .text          0x000000000800071c       0xa0 /Applications/STM32CubeIDE.app/Contents/Eclipse/plugins/com.st.stm32cube.ide.mcu.externaltools.gnu-tools-for-stm32.9-2020-q2-update.macos64_2.0.0.202105311346/tools/bin/../lib/gcc/arm-none-eabi/9.3.1/thumb/v7-m/nofp/libgcc.a(_arm_truncdfsf2.o)
                0x000000000800071c                __aeabi_d2f
                0x000000000800071c                __truncdfsf2
 .text          0x00000000080007bc       0x40 /Applications/STM32CubeIDE.app/Contents/Eclipse/plugins/com.st.stm32cube.ide.mcu.externaltools.gnu-tools-for-stm32.9-2020-q2-update.macos64_2.0.0.202105311346/tools/bin/../lib/gcc/arm-none-eabi/9.3.1/thumb/v7-m/nofp/libgcc.a(_arm_fixunssfsi.o)
                0x00000000080007bc                __aeabi_f2uiz
                0x00000000080007bc                __fixunssfsi
 *(.text*)
 .text.TurnLedOn
                0x00000000080007fc        0xc ./Core/Src/debug_led.o
                0x00000000080007fc                TurnLedOn
 .text.TurnLedOff
                0x0000000008000808        0xc ./Core/Src/debug_led.o
                0x0000000008000808                TurnLedOff
 .text.DMA1_Channel3_IRQHandler
                0x0000000008000814       0x80 ./Core/Src/dma.o
                0x0000000008000814                DMA1_Channel3_IRQHandler
 .text.InitDma  0x0000000008000894       0x38 ./Core/Src/dma.o
                0x0000000008000894                InitDma
 .text.IsDataReady
                0x00000000080008cc       0x10 ./Core/Src/dma.o
                0x00000000080008cc                IsDataReady
 .text.SetGpioMode
                0x00000000080008dc       0x38 ./Core/Src/gpio.o
                0x00000000080008dc                SetGpioMode
 .text.SetPin   0x0000000008000914        0x8 ./Core/Src/gpio.o
                0x0000000008000914                SetPin
 .text.ResetPin
                0x000000000800091c        0xc ./Core/Src/gpio.o
                0x000000000800091c                ResetPin
 .text.InitRcc  0x0000000008000928       0x48 ./Core/Src/init.o
                0x0000000008000928                InitRcc
 .text.InitInterrupt
                0x0000000008000970       0x10 ./Core/Src/init.o
                0x0000000008000970                InitInterrupt
 .text.InitGpio
                0x0000000008000980       0x84 ./Core/Src/init.o
                0x0000000008000980                InitGpio
 .text.SystemClock_Config
                0x0000000008000a04       0x90 ./Core/Src/main.o
                0x0000000008000a04                SystemClock_Config
 *fill*         0x0000000008000a94        0x4 
 .text.startup.main
                0x0000000008000a98      0x234 ./Core/Src/main.o
                0x0000000008000a98                main
 .text.Error_Handler
                0x0000000008000ccc        0x4 ./Core/Src/main.o
                0x0000000008000ccc                Error_Handler
 .text.HAL_MspInit
                0x0000000008000cd0       0x44 ./Core/Src/stm32f1xx_hal_msp.o
                0x0000000008000cd0                HAL_MspInit
 .text.NMI_Handler
                0x0000000008000d14        0x4 ./Core/Src/stm32f1xx_it.o
                0x0000000008000d14                NMI_Handler
 .text.HardFault_Handler
                0x0000000008000d18        0x4 ./Core/Src/stm32f1xx_it.o
                0x0000000008000d18                HardFault_Handler
 .text.MemManage_Handler
                0x0000000008000d1c        0x4 ./Core/Src/stm32f1xx_it.o
                0x0000000008000d1c                MemManage_Handler
 .text.BusFault_Handler
                0x0000000008000d20        0x4 ./Core/Src/stm32f1xx_it.o
                0x0000000008000d20                BusFault_Handler
 .text.UsageFault_Handler
                0x0000000008000d24        0x4 ./Core/Src/stm32f1xx_it.o
                0x0000000008000d24                UsageFault_Handler
 .text.SVC_Handler
                0x0000000008000d28        0x4 ./Core/Src/stm32f1xx_it.o
                0x0000000008000d28                SVC_Handler
 .text.DebugMon_Handler
                0x0000000008000d2c        0x4 ./Core/Src/stm32f1xx_it.o
                0x0000000008000d2c                DebugMon_Handler
 .text.PendSV_Handler
                0x0000000008000d30        0x4 ./Core/Src/stm32f1xx_it.o
                0x0000000008000d30                PendSV_Handler
 .text.USB_LP_CAN1_RX0_IRQHandler
                0x0000000008000d34        0xc ./Core/Src/stm32f1xx_it.o
                0x0000000008000d34                USB_LP_CAN1_RX0_IRQHandler
 .text.SystemInit
                0x0000000008000d40        0x4 ./Core/Src/system_stm32f1xx.o
                0x0000000008000d40                SystemInit
 .text.SysTick_Handler
                0x0000000008000d44       0x10 ./Core/Src/timer.o
                0x0000000008000d44                SysTick_Handler
 .text.InitSysTick
                0x0000000008000d54       0x18 ./Core/Src/timer.o
                0x0000000008000d54                InitSysTick
 .text.InitTim2
                0x0000000008000d6c       0x40 ./Core/Src/timer.o
                0x0000000008000d6c                InitTim2
 .text.InitTim3
                0x0000000008000dac       0x44 ./Core/Src/timer.o
                0x0000000008000dac                InitTim3
 .text.delay_ms
                0x0000000008000df0       0x40 ./Core/Src/timer.o
                0x0000000008000df0                delay_ms
 .text.USBD_MIDI_GetCfgDesc
                0x0000000008000e30       0x10 ./Core/Src/usbd_midi.o
 .text.USBD_MIDI_DataOut
                0x0000000008000e40       0x34 ./Core/Src/usbd_midi.o
 .text.USBD_MIDI_DeInit
                0x0000000008000e74       0x20 ./Core/Src/usbd_midi.o
 .text.USBD_MIDI_Init
                0x0000000008000e94       0x38 ./Core/Src/usbd_midi.o
 .text.USBD_MIDI_DataIn
                0x0000000008000ecc       0x30 ./Core/Src/usbd_midi.o
 .text.USBD_MIDI_RegisterInterface
                0x0000000008000efc       0x10 ./Core/Src/usbd_midi.o
                0x0000000008000efc                USBD_MIDI_RegisterInterface
 .text.USBD_MIDI_SendPacket
                0x0000000008000f0c       0x80 ./Core/Src/usbd_midi.o
                0x0000000008000f0c                USBD_MIDI_SendPacket
 .text.MIDI_DataRx
                0x0000000008000f8c       0x10 ./Core/Src/usbd_midi_if.o
 .text.USBD_AddNoteOn
                0x0000000008000f9c       0x74 ./Core/Src/usbd_midi_if.o
                0x0000000008000f9c                USBD_AddNoteOn
 .text.USBD_AddNoteOff
                0x0000000008001010       0x78 ./Core/Src/usbd_midi_if.o
                0x0000000008001010                USBD_AddNoteOff
 .text.USBD_SendMidiMessages
                0x0000000008001088       0x14 ./Core/Src/usbd_midi_if.o
                0x0000000008001088                USBD_SendMidiMessages
 .text.Reset_Handler
                0x000000000800109c       0x48 ./Core/Startup/startup_stm32f103c8tx.o
                0x000000000800109c                Reset_Handler
 .text.Default_Handler
                0x00000000080010e4        0x2 ./Core/Startup/startup_stm32f103c8tx.o
                0x00000000080010e4                USBWakeUp_IRQHandler
                0x00000000080010e4                EXTI2_IRQHandler
                0x00000000080010e4                TIM1_CC_IRQHandler
                0x00000000080010e4                PVD_IRQHandler
                0x00000000080010e4                EXTI3_IRQHandler
                0x00000000080010e4                EXTI0_IRQHandler
                0x00000000080010e4                I2C2_EV_IRQHandler
                0x00000000080010e4                ADC1_2_IRQHandler
                0x00000000080010e4                SPI1_IRQHandler
                0x00000000080010e4                TAMPER_IRQHandler
                0x00000000080010e4                DMA1_Channel4_IRQHandler
                0x00000000080010e4                USART3_IRQHandler
                0x00000000080010e4                RTC_IRQHandler
                0x00000000080010e4                DMA1_Channel7_IRQHandler
                0x00000000080010e4                CAN1_RX1_IRQHandler
                0x00000000080010e4                TIM4_IRQHandler
                0x00000000080010e4                I2C1_EV_IRQHandler
                0x00000000080010e4                DMA1_Channel6_IRQHandler
                0x00000000080010e4                TIM3_IRQHandler
                0x00000000080010e4                RCC_IRQHandler
                0x00000000080010e4                TIM1_TRG_COM_IRQHandler
                0x00000000080010e4                DMA1_Channel1_IRQHandler
                0x00000000080010e4                Default_Handler
                0x00000000080010e4                EXTI15_10_IRQHandler
                0x00000000080010e4                EXTI9_5_IRQHandler
                0x00000000080010e4                SPI2_IRQHandler
                0x00000000080010e4                DMA1_Channel5_IRQHandler
                0x00000000080010e4                EXTI4_IRQHandler
                0x00000000080010e4                USB_HP_CAN1_TX_IRQHandler
                0x00000000080010e4                TIM1_UP_IRQHandler
                0x00000000080010e4                WWDG_IRQHandler
                0x00000000080010e4                TIM2_IRQHandler
                0x00000000080010e4                TIM1_BRK_IRQHandler
                0x00000000080010e4                EXTI1_IRQHandler
                0x00000000080010e4                USART2_IRQHandler
                0x00000000080010e4                I2C2_ER_IRQHandler
                0x00000000080010e4                DMA1_Channel2_IRQHandler
                0x00000000080010e4                CAN1_SCE_IRQHandler
                0x00000000080010e4                FLASH_IRQHandler
                0x00000000080010e4                USART1_IRQHandler
                0x00000000080010e4                I2C1_ER_IRQHandler
                0x00000000080010e4                RTC_Alarm_IRQHandler
 *fill*         0x00000000080010e6        0x2 
 .text.HAL_InitTick
                0x00000000080010e8       0x48 ./Drivers/STM32F1xx_HAL_Driver/Src/stm32f1xx_hal.o
                0x00000000080010e8                HAL_InitTick
 .text.HAL_Init
                0x0000000008001130       0x24 ./Drivers/STM32F1xx_HAL_Driver/Src/stm32f1xx_hal.o
                0x0000000008001130                HAL_Init
 .text.HAL_GetTick
                0x0000000008001154        0xc ./Drivers/STM32F1xx_HAL_Driver/Src/stm32f1xx_hal.o
                0x0000000008001154                HAL_GetTick
 .text.HAL_NVIC_SetPriorityGrouping
                0x0000000008001160       0x24 ./Drivers/STM32F1xx_HAL_Driver/Src/stm32f1xx_hal_cortex.o
                0x0000000008001160                HAL_NVIC_SetPriorityGrouping
 .text.HAL_NVIC_SetPriority
                0x0000000008001184       0x70 ./Drivers/STM32F1xx_HAL_Driver/Src/stm32f1xx_hal_cortex.o
                0x0000000008001184                HAL_NVIC_SetPriority
 .text.HAL_NVIC_EnableIRQ
                0x00000000080011f4       0x1c ./Drivers/STM32F1xx_HAL_Driver/Src/stm32f1xx_hal_cortex.o
                0x00000000080011f4                HAL_NVIC_EnableIRQ
 .text.HAL_SYSTICK_Config
                0x0000000008001210       0x30 ./Drivers/STM32F1xx_HAL_Driver/Src/stm32f1xx_hal_cortex.o
                0x0000000008001210                HAL_SYSTICK_Config
 .text.HAL_PCD_Init
                0x0000000008001240       0xf8 ./Drivers/STM32F1xx_HAL_Driver/Src/stm32f1xx_hal_pcd.o
                0x0000000008001240                HAL_PCD_Init
 .text.HAL_PCD_Start
                0x0000000008001338       0x34 ./Drivers/STM32F1xx_HAL_Driver/Src/stm32f1xx_hal_pcd.o
                0x0000000008001338                HAL_PCD_Start
 .text.HAL_PCD_IRQHandler
                0x000000000800136c      0xbc8 ./Drivers/STM32F1xx_HAL_Driver/Src/stm32f1xx_hal_pcd.o
                0x000000000800136c                HAL_PCD_IRQHandler
 .text.HAL_PCD_SetAddress
                0x0000000008001f34       0x28 ./Drivers/STM32F1xx_HAL_Driver/Src/stm32f1xx_hal_pcd.o
                0x0000000008001f34                HAL_PCD_SetAddress
 .text.HAL_PCD_EP_Open
                0x0000000008001f5c       0x68 ./Drivers/STM32F1xx_HAL_Driver/Src/stm32f1xx_hal_pcd.o
                0x0000000008001f5c                HAL_PCD_EP_Open
 .text.HAL_PCD_EP_Close
                0x0000000008001fc4       0x60 ./Drivers/STM32F1xx_HAL_Driver/Src/stm32f1xx_hal_pcd.o
                0x0000000008001fc4                HAL_PCD_EP_Close
 .text.HAL_PCD_EP_Receive
                0x0000000008002024       0x30 ./Drivers/STM32F1xx_HAL_Driver/Src/stm32f1xx_hal_pcd.o
                0x0000000008002024                HAL_PCD_EP_Receive
 .text.HAL_PCD_EP_Transmit
                0x0000000008002054       0x3c ./Drivers/STM32F1xx_HAL_Driver/Src/stm32f1xx_hal_pcd.o
                0x0000000008002054                HAL_PCD_EP_Transmit
 .text.HAL_PCD_EP_SetStall
                0x0000000008002090       0x78 ./Drivers/STM32F1xx_HAL_Driver/Src/stm32f1xx_hal_pcd.o
                0x0000000008002090                HAL_PCD_EP_SetStall
 .text.HAL_PCD_EP_ClrStall
                0x0000000008002108       0x74 ./Drivers/STM32F1xx_HAL_Driver/Src/stm32f1xx_hal_pcd.o
                0x0000000008002108                HAL_PCD_EP_ClrStall
 .text.HAL_PCDEx_PMAConfig
                0x000000000800217c       0x38 ./Drivers/STM32F1xx_HAL_Driver/Src/stm32f1xx_hal_pcd_ex.o
                0x000000000800217c                HAL_PCDEx_PMAConfig
 .text.HAL_RCC_OscConfig
                0x00000000080021b4      0x400 ./Drivers/STM32F1xx_HAL_Driver/Src/stm32f1xx_hal_rcc.o
                0x00000000080021b4                HAL_RCC_OscConfig
 .text.HAL_RCC_ClockConfig
                0x00000000080025b4      0x19c ./Drivers/STM32F1xx_HAL_Driver/Src/stm32f1xx_hal_rcc.o
                0x00000000080025b4                HAL_RCC_ClockConfig
 .text.HAL_RCCEx_PeriphCLKConfig
                0x0000000008002750      0x100 ./Drivers/STM32F1xx_HAL_Driver/Src/stm32f1xx_hal_rcc_ex.o
                0x0000000008002750                HAL_RCCEx_PeriphCLKConfig
 .text.USB_CoreInit
                0x0000000008002850       0x10 ./Drivers/STM32F1xx_HAL_Driver/Src/stm32f1xx_ll_usb.o
                0x0000000008002850                USB_CoreInit
 .text.USB_EnableGlobalInt
                0x0000000008002860       0x14 ./Drivers/STM32F1xx_HAL_Driver/Src/stm32f1xx_ll_usb.o
                0x0000000008002860                USB_EnableGlobalInt
 .text.USB_DisableGlobalInt
                0x0000000008002874       0x14 ./Drivers/STM32F1xx_HAL_Driver/Src/stm32f1xx_ll_usb.o
                0x0000000008002874                USB_DisableGlobalInt
 .text.USB_SetCurrentMode
                0x0000000008002888        0x4 ./Drivers/STM32F1xx_HAL_Driver/Src/stm32f1xx_ll_usb.o
                0x0000000008002888                USB_SetCurrentMode
 .text.USB_DevInit
                0x000000000800288c       0x28 ./Drivers/STM32F1xx_HAL_Driver/Src/stm32f1xx_ll_usb.o
                0x000000000800288c                USB_DevInit
 .text.USB_ActivateEndpoint
                0x00000000080028b4      0x304 ./Drivers/STM32F1xx_HAL_Driver/Src/stm32f1xx_ll_usb.o
                0x00000000080028b4                USB_ActivateEndpoint
 .text.USB_DeactivateEndpoint
                0x0000000008002bb8      0x1ec ./Drivers/STM32F1xx_HAL_Driver/Src/stm32f1xx_ll_usb.o
                0x0000000008002bb8                USB_DeactivateEndpoint
 .text.USB_EPStartXfer
                0x0000000008002da4      0xa08 ./Drivers/STM32F1xx_HAL_Driver/Src/stm32f1xx_ll_usb.o
                0x0000000008002da4                USB_EPStartXfer
 .text.USB_EPSetStall
                0x00000000080037ac       0x50 ./Drivers/STM32F1xx_HAL_Driver/Src/stm32f1xx_ll_usb.o
                0x00000000080037ac                USB_EPSetStall
 .text.USB_EPClearStall
                0x00000000080037fc       0xb0 ./Drivers/STM32F1xx_HAL_Driver/Src/stm32f1xx_ll_usb.o
                0x00000000080037fc                USB_EPClearStall
 .text.USB_SetDevAddress
                0x00000000080038ac        0xc ./Drivers/STM32F1xx_HAL_Driver/Src/stm32f1xx_ll_usb.o
                0x00000000080038ac                USB_SetDevAddress
 .text.USB_DevConnect
                0x00000000080038b8        0x4 ./Drivers/STM32F1xx_HAL_Driver/Src/stm32f1xx_ll_usb.o
                0x00000000080038b8                USB_DevConnect
 .text.USB_DevDisconnect
                0x00000000080038bc        0x4 ./Drivers/STM32F1xx_HAL_Driver/Src/stm32f1xx_ll_usb.o
                0x00000000080038bc                USB_DevDisconnect
 .text.USB_ReadInterrupts
                0x00000000080038c0        0x8 ./Drivers/STM32F1xx_HAL_Driver/Src/stm32f1xx_ll_usb.o
                0x00000000080038c0                USB_ReadInterrupts
 .text.USB_EP0_OutStart
                0x00000000080038c8        0x4 ./Drivers/STM32F1xx_HAL_Driver/Src/stm32f1xx_ll_usb.o
                0x00000000080038c8                USB_EP0_OutStart
 .text.USB_WritePMA
                0x00000000080038cc       0x20 ./Drivers/STM32F1xx_HAL_Driver/Src/stm32f1xx_ll_usb.o
                0x00000000080038cc                USB_WritePMA
 .text.USB_ReadPMA
                0x00000000080038ec       0x48 ./Drivers/STM32F1xx_HAL_Driver/Src/stm32f1xx_ll_usb.o
                0x00000000080038ec                USB_ReadPMA
 .text.USBD_Init
                0x0000000008003934       0x2c ./Middlewares/ST/STM32_USB_Device_Library/Core/Src/usbd_core.o
                0x0000000008003934                USBD_Init
 .text.USBD_RegisterClass
                0x0000000008003960       0x10 ./Middlewares/ST/STM32_USB_Device_Library/Core/Src/usbd_core.o
                0x0000000008003960                USBD_RegisterClass
 .text.USBD_Start
                0x0000000008003970        0xc ./Middlewares/ST/STM32_USB_Device_Library/Core/Src/usbd_core.o
                0x0000000008003970                USBD_Start
 .text.USBD_SetClassConfig
                0x000000000800397c       0x14 ./Middlewares/ST/STM32_USB_Device_Library/Core/Src/usbd_core.o
                0x000000000800397c                USBD_SetClassConfig
 .text.USBD_ClrClassConfig
                0x0000000008003990       0x10 ./Middlewares/ST/STM32_USB_Device_Library/Core/Src/usbd_core.o
                0x0000000008003990                USBD_ClrClassConfig
 .text.USBD_LL_SetupStage
                0x00000000080039a0       0x5c ./Middlewares/ST/STM32_USB_Device_Library/Core/Src/usbd_core.o
                0x00000000080039a0                USBD_LL_SetupStage
 .text.USBD_LL_DataOutStage
                0x00000000080039fc       0x7c ./Middlewares/ST/STM32_USB_Device_Library/Core/Src/usbd_core.o
                0x00000000080039fc                USBD_LL_DataOutStage
 .text.USBD_LL_DataInStage
                0x0000000008003a78       0xc0 ./Middlewares/ST/STM32_USB_Device_Library/Core/Src/usbd_core.o
                0x0000000008003a78                USBD_LL_DataInStage
 .text.USBD_LL_Reset
                0x0000000008003b38       0x50 ./Middlewares/ST/STM32_USB_Device_Library/Core/Src/usbd_core.o
                0x0000000008003b38                USBD_LL_Reset
 .text.USBD_LL_SetSpeed
                0x0000000008003b88        0x8 ./Middlewares/ST/STM32_USB_Device_Library/Core/Src/usbd_core.o
                0x0000000008003b88                USBD_LL_SetSpeed
 .text.USBD_LL_Suspend
                0x0000000008003b90       0x14 ./Middlewares/ST/STM32_USB_Device_Library/Core/Src/usbd_core.o
                0x0000000008003b90                USBD_LL_Suspend
 .text.USBD_LL_Resume
                0x0000000008003ba4       0x14 ./Middlewares/ST/STM32_USB_Device_Library/Core/Src/usbd_core.o
                0x0000000008003ba4                USBD_LL_Resume
 .text.USBD_LL_SOF
                0x0000000008003bb8       0x1c ./Middlewares/ST/STM32_USB_Device_Library/Core/Src/usbd_core.o
                0x0000000008003bb8                USBD_LL_SOF
 .text.USBD_StdDevReq
                0x0000000008003bd4      0x2f4 ./Middlewares/ST/STM32_USB_Device_Library/Core/Src/usbd_ctlreq.o
                0x0000000008003bd4                USBD_StdDevReq
 .text.USBD_StdItfReq
                0x0000000008003ec8       0x68 ./Middlewares/ST/STM32_USB_Device_Library/Core/Src/usbd_ctlreq.o
                0x0000000008003ec8                USBD_StdItfReq
 .text.USBD_StdEPReq
                0x0000000008003f30      0x130 ./Middlewares/ST/STM32_USB_Device_Library/Core/Src/usbd_ctlreq.o
                0x0000000008003f30                USBD_StdEPReq
 .text.USBD_ParseSetupRequest
                0x0000000008004060       0x28 ./Middlewares/ST/STM32_USB_Device_Library/Core/Src/usbd_ctlreq.o
                0x0000000008004060                USBD_ParseSetupRequest
 .text.USBD_GetString
                0x0000000008004088       0x4c ./Middlewares/ST/STM32_USB_Device_Library/Core/Src/usbd_ctlreq.o
                0x0000000008004088                USBD_GetString
 .text.USBD_CtlSendData
                0x00000000080040d4       0x1c ./Middlewares/ST/STM32_USB_Device_Library/Core/Src/usbd_ioreq.o
                0x00000000080040d4                USBD_CtlSendData
 .text.USBD_CtlContinueSendData
                0x00000000080040f0       0x14 ./Middlewares/ST/STM32_USB_Device_Library/Core/Src/usbd_ioreq.o
                0x00000000080040f0                USBD_CtlContinueSendData
 .text.USBD_CtlContinueRx
                0x0000000008004104       0x14 ./Middlewares/ST/STM32_USB_Device_Library/Core/Src/usbd_ioreq.o
                0x0000000008004104                USBD_CtlContinueRx
 .text.USBD_CtlSendStatus
                0x0000000008004118       0x18 ./Middlewares/ST/STM32_USB_Device_Library/Core/Src/usbd_ioreq.o
                0x0000000008004118                USBD_CtlSendStatus
 .text.USBD_CtlReceiveStatus
                0x0000000008004130       0x18 ./Middlewares/ST/STM32_USB_Device_Library/Core/Src/usbd_ioreq.o
                0x0000000008004130                USBD_CtlReceiveStatus
 .text.MX_USB_DEVICE_Init
                0x0000000008004148       0x74 ./USB_DEVICE/App/usb_device.o
                0x0000000008004148                MX_USB_DEVICE_Init
 .text.USBD_FS_DeviceDescriptor
                0x00000000080041bc        0xc ./USB_DEVICE/App/usbd_desc.o
                0x00000000080041bc                USBD_FS_DeviceDescriptor
 .text.USBD_FS_LangIDStrDescriptor
                0x00000000080041c8        0xc ./USB_DEVICE/App/usbd_desc.o
                0x00000000080041c8                USBD_FS_LangIDStrDescriptor
 .text.USBD_FS_ManufacturerStrDescriptor
                0x00000000080041d4       0x1c ./USB_DEVICE/App/usbd_desc.o
                0x00000000080041d4                USBD_FS_ManufacturerStrDescriptor
 .text.USBD_FS_ProductStrDescriptor
                0x00000000080041f0       0x1c ./USB_DEVICE/App/usbd_desc.o
                0x00000000080041f0                USBD_FS_ProductStrDescriptor
 .text.USBD_FS_ConfigStrDescriptor
                0x000000000800420c       0x1c ./USB_DEVICE/App/usbd_desc.o
                0x000000000800420c                USBD_FS_ConfigStrDescriptor
 .text.USBD_FS_InterfaceStrDescriptor
                0x0000000008004228       0x1c ./USB_DEVICE/App/usbd_desc.o
                0x0000000008004228                USBD_FS_InterfaceStrDescriptor
 .text.USBD_FS_SerialStrDescriptor
                0x0000000008004244      0x10c ./USB_DEVICE/App/usbd_desc.o
                0x0000000008004244                USBD_FS_SerialStrDescriptor
 .text.HAL_PCD_MspInit
                0x0000000008004350       0x40 ./USB_DEVICE/Target/usbd_conf.o
                0x0000000008004350                HAL_PCD_MspInit
 .text.HAL_PCD_SetupStageCallback
                0x0000000008004390        0xc ./USB_DEVICE/Target/usbd_conf.o
                0x0000000008004390                HAL_PCD_SetupStageCallback
 .text.HAL_PCD_DataOutStageCallback
                0x000000000800439c       0x14 ./USB_DEVICE/Target/usbd_conf.o
                0x000000000800439c                HAL_PCD_DataOutStageCallback
 .text.HAL_PCD_DataInStageCallback
                0x00000000080043b0       0x14 ./USB_DEVICE/Target/usbd_conf.o
                0x00000000080043b0                HAL_PCD_DataInStageCallback
 .text.HAL_PCD_SOFCallback
                0x00000000080043c4        0x8 ./USB_DEVICE/Target/usbd_conf.o
                0x00000000080043c4                HAL_PCD_SOFCallback
 .text.HAL_PCD_ResetCallback
                0x00000000080043cc       0x24 ./USB_DEVICE/Target/usbd_conf.o
                0x00000000080043cc                HAL_PCD_ResetCallback
 .text.HAL_PCD_SuspendCallback
                0x00000000080043f0       0x20 ./USB_DEVICE/Target/usbd_conf.o
                0x00000000080043f0                HAL_PCD_SuspendCallback
 .text.HAL_PCD_ResumeCallback
                0x0000000008004410        0x8 ./USB_DEVICE/Target/usbd_conf.o
                0x0000000008004410                HAL_PCD_ResumeCallback
 .text.USBD_LL_Init
                0x0000000008004418       0x84 ./USB_DEVICE/Target/usbd_conf.o
                0x0000000008004418                USBD_LL_Init
 .text.USBD_LL_Start
                0x000000000800449c       0x1c ./USB_DEVICE/Target/usbd_conf.o
                0x000000000800449c                USBD_LL_Start
 .text.USBD_LL_OpenEP
                0x00000000080044b8       0x20 ./USB_DEVICE/Target/usbd_conf.o
                0x00000000080044b8                USBD_LL_OpenEP
 .text.USBD_LL_CloseEP
                0x00000000080044d8       0x1c ./USB_DEVICE/Target/usbd_conf.o
                0x00000000080044d8                USBD_LL_CloseEP
 .text.USBD_LL_StallEP
                0x00000000080044f4       0x1c ./USB_DEVICE/Target/usbd_conf.o
                0x00000000080044f4                USBD_LL_StallEP
 .text.USBD_LL_ClearStallEP
                0x0000000008004510       0x1c ./USB_DEVICE/Target/usbd_conf.o
                0x0000000008004510                USBD_LL_ClearStallEP
 .text.USBD_LL_IsStallEP
                0x000000000800452c       0x28 ./USB_DEVICE/Target/usbd_conf.o
                0x000000000800452c                USBD_LL_IsStallEP
 .text.USBD_LL_SetUSBAddress
                0x0000000008004554       0x1c ./USB_DEVICE/Target/usbd_conf.o
                0x0000000008004554                USBD_LL_SetUSBAddress
 .text.USBD_LL_Transmit
                0x0000000008004570       0x1c ./USB_DEVICE/Target/usbd_conf.o
                0x0000000008004570                USBD_LL_Transmit
 .text.USBD_LL_PrepareReceive
                0x000000000800458c       0x1c ./USB_DEVICE/Target/usbd_conf.o
                0x000000000800458c                USBD_LL_PrepareReceive
 .text.HAL_PCDEx_SetConnectionState
                0x00000000080045a8        0x4 ./USB_DEVICE/Target/usbd_conf.o
                0x00000000080045a8                HAL_PCDEx_SetConnectionState
 .text.__libc_init_array
                0x00000000080045ac       0x48 /Applications/STM32CubeIDE.app/Contents/Eclipse/plugins/com.st.stm32cube.ide.mcu.externaltools.gnu-tools-for-stm32.9-2020-q2-update.macos64_2.0.0.202105311346/tools/bin/../lib/gcc/arm-none-eabi/9.3.1/../../../../arm-none-eabi/lib/thumb/v7-m/nofp/libc_nano.a(lib_a-init.o)
                0x00000000080045ac                __libc_init_array
 *(.glue_7)
 .glue_7        0x00000000080045f4        0x0 linker stubs
 *(.glue_7t)
 .glue_7t       0x00000000080045f4        0x0 linker stubs
 *(.eh_frame)
 .eh_frame      0x00000000080045f4        0x0 /Applications/STM32CubeIDE.app/Contents/Eclipse/plugins/com.st.stm32cube.ide.mcu.externaltools.gnu-tools-for-stm32.9-2020-q2-update.macos64_2.0.0.202105311346/tools/bin/../lib/gcc/arm-none-eabi/9.3.1/thumb/v7-m/nofp/crtbegin.o
 *(.init)
 .init          0x00000000080045f4        0x4 /Applications/STM32CubeIDE.app/Contents/Eclipse/plugins/com.st.stm32cube.ide.mcu.externaltools.gnu-tools-for-stm32.9-2020-q2-update.macos64_2.0.0.202105311346/tools/bin/../lib/gcc/arm-none-eabi/9.3.1/thumb/v7-m/nofp/crti.o
                0x00000000080045f4                _init
 .init          0x00000000080045f8        0x8 /Applications/STM32CubeIDE.app/Contents/Eclipse/plugins/com.st.stm32cube.ide.mcu.externaltools.gnu-tools-for-stm32.9-2020-q2-update.macos64_2.0.0.202105311346/tools/bin/../lib/gcc/arm-none-eabi/9.3.1/thumb/v7-m/nofp/crtn.o
 *(.fini)
 .fini          0x0000000008004600        0x4 /Applications/STM32CubeIDE.app/Contents/Eclipse/plugins/com.st.stm32cube.ide.mcu.externaltools.gnu-tools-for-stm32.9-2020-q2-update.macos64_2.0.0.202105311346/tools/bin/../lib/gcc/arm-none-eabi/9.3.1/thumb/v7-m/nofp/crti.o
                0x0000000008004600                _fini
 .fini          0x0000000008004604        0x8 /Applications/STM32CubeIDE.app/Contents/Eclipse/plugins/com.st.stm32cube.ide.mcu.externaltools.gnu-tools-for-stm32.9-2020-q2-update.macos64_2.0.0.202105311346/tools/bin/../lib/gcc/arm-none-eabi/9.3.1/thumb/v7-m/nofp/crtn.o
                0x000000000800460c                . = ALIGN (0x4)
                0x000000000800460c                _etext = .

.vfp11_veneer   0x000000000800460c        0x0
 .vfp11_veneer  0x000000000800460c        0x0 linker stubs

.v4_bx          0x000000000800460c        0x0
 .v4_bx         0x000000000800460c        0x0 linker stubs

.iplt           0x000000000800460c        0x0
 .iplt          0x000000000800460c        0x0 /Applications/STM32CubeIDE.app/Contents/Eclipse/plugins/com.st.stm32cube.ide.mcu.externaltools.gnu-tools-for-stm32.9-2020-q2-update.macos64_2.0.0.202105311346/tools/bin/../lib/gcc/arm-none-eabi/9.3.1/thumb/v7-m/nofp/crtbegin.o

.rodata         0x000000000800460c       0x64
                0x000000000800460c                . = ALIGN (0x4)
 *(.rodata)
 *(.rodata*)
 .rodata.AHBPrescTable
                0x000000000800460c       0x10 ./Core/Src/system_stm32f1xx.o
                0x000000000800460c                AHBPrescTable
 .rodata.HAL_RCC_ClockConfig.str1.4
                0x000000000800461c       0x11 ./Drivers/STM32F1xx_HAL_Driver/Src/stm32f1xx_hal_rcc.o
 *fill*         0x000000000800462d        0x3 
 .rodata.USBD_FS_ManufacturerStrDescriptor.str1.4
                0x0000000008004630       0x13 ./USB_DEVICE/App/usbd_desc.o
 *fill*         0x0000000008004643        0x1 
 .rodata.USBD_FS_ProductStrDescriptor.str1.4
                0x0000000008004644        0xb ./USB_DEVICE/App/usbd_desc.o
 *fill*         0x000000000800464f        0x1 
 .rodata.USBD_FS_ConfigStrDescriptor.str1.4
                0x0000000008004650        0xb ./USB_DEVICE/App/usbd_desc.o
 *fill*         0x000000000800465b        0x1 
 .rodata.USBD_FS_InterfaceStrDescriptor.str1.4
                0x000000000800465c        0xe ./USB_DEVICE/App/usbd_desc.o
 *fill*         0x000000000800466a        0x2 
 .rodata.CSWTCH.3
                0x000000000800466c        0x4 ./USB_DEVICE/Target/usbd_conf.o
                0x0000000008004670                . = ALIGN (0x4)

.rel.dyn        0x0000000008004670        0x0
 .rel.iplt      0x0000000008004670        0x0 /Applications/STM32CubeIDE.app/Contents/Eclipse/plugins/com.st.stm32cube.ide.mcu.externaltools.gnu-tools-for-stm32.9-2020-q2-update.macos64_2.0.0.202105311346/tools/bin/../lib/gcc/arm-none-eabi/9.3.1/thumb/v7-m/nofp/crtbegin.o

.ARM.extab      0x0000000008004670        0x0
                0x0000000008004670                . = ALIGN (0x4)
 *(.ARM.extab* .gnu.linkonce.armextab.*)
                0x0000000008004670                . = ALIGN (0x4)

.ARM            0x0000000008004670        0x0
                0x0000000008004670                . = ALIGN (0x4)
                0x0000000008004670                __exidx_start = .
 *(.ARM.exidx*)
                0x0000000008004670                __exidx_end = .
                0x0000000008004670                . = ALIGN (0x4)

.preinit_array  0x0000000008004670        0x0
                0x0000000008004670                . = ALIGN (0x4)
                0x0000000008004670                PROVIDE (__preinit_array_start = .)
 *(.preinit_array*)
                0x0000000008004670                PROVIDE (__preinit_array_end = .)
                0x0000000008004670                . = ALIGN (0x4)

.init_array     0x0000000008004670        0x4
                0x0000000008004670                . = ALIGN (0x4)
                0x0000000008004670                PROVIDE (__init_array_start = .)
 *(SORT_BY_NAME(.init_array.*))
 *(.init_array*)
 .init_array    0x0000000008004670        0x4 /Applications/STM32CubeIDE.app/Contents/Eclipse/plugins/com.st.stm32cube.ide.mcu.externaltools.gnu-tools-for-stm32.9-2020-q2-update.macos64_2.0.0.202105311346/tools/bin/../lib/gcc/arm-none-eabi/9.3.1/thumb/v7-m/nofp/crtbegin.o
                0x0000000008004674                PROVIDE (__init_array_end = .)
                0x0000000008004674                . = ALIGN (0x4)

.fini_array     0x0000000008004674        0x4
                0x0000000008004674                . = ALIGN (0x4)
                [!provide]                        PROVIDE (__fini_array_start = .)
 *(SORT_BY_NAME(.fini_array.*))
 *(.fini_array*)
 .fini_array    0x0000000008004674        0x4 /Applications/STM32CubeIDE.app/Contents/Eclipse/plugins/com.st.stm32cube.ide.mcu.externaltools.gnu-tools-for-stm32.9-2020-q2-update.macos64_2.0.0.202105311346/tools/bin/../lib/gcc/arm-none-eabi/9.3.1/thumb/v7-m/nofp/crtbegin.o
                [!provide]                        PROVIDE (__fini_array_end = .)
                0x0000000008004678                . = ALIGN (0x4)
                0x0000000008004678                _sidata = LOADADDR (.data)

.data           0x0000000020000000      0x100 load address 0x0000000008004678
                0x0000000020000000                . = ALIGN (0x4)
                0x0000000020000000                _sdata = .
 *(.data)
 *(.data*)
 .data.SystemCoreClock
                0x0000000020000000        0x4 ./Core/Src/system_stm32f1xx.o
                0x0000000020000000                SystemCoreClock
 .data.USBD_MIDI
                0x0000000020000004       0x38 ./Core/Src/usbd_midi.o
                0x0000000020000004                USBD_MIDI
 .data.USBD_MIDI_CfgDesc
                0x000000002000003c       0x65 ./Core/Src/usbd_midi.o
                0x000000002000003c                USBD_MIDI_CfgDesc
 *fill*         0x00000000200000a1        0x3 
 .data.USBD_Interface_fops_FS
                0x00000000200000a4        0x4 ./Core/Src/usbd_midi_if.o
                0x00000000200000a4                USBD_Interface_fops_FS
 .data.uwTickFreq
                0x00000000200000a8        0x1 ./Drivers/STM32F1xx_HAL_Driver/Src/stm32f1xx_hal.o
                0x00000000200000a8                uwTickFreq
 *fill*         0x00000000200000a9        0x3 
 .data.uwTickPrio
                0x00000000200000ac        0x4 ./Drivers/STM32F1xx_HAL_Driver/Src/stm32f1xx_hal.o
                0x00000000200000ac                uwTickPrio
 .data.FS_Desc  0x00000000200000b0       0x1c ./USB_DEVICE/App/usbd_desc.o
                0x00000000200000b0                FS_Desc
 .data.USBD_FS_DeviceDesc
                0x00000000200000cc       0x12 ./USB_DEVICE/App/usbd_desc.o
                0x00000000200000cc                USBD_FS_DeviceDesc
 *fill*         0x00000000200000de        0x2 
 .data.USBD_LangIDDesc
                0x00000000200000e0        0x4 ./USB_DEVICE/App/usbd_desc.o
                0x00000000200000e0                USBD_LangIDDesc
 .data.USBD_StringSerial
                0x00000000200000e4       0x1a ./USB_DEVICE/App/usbd_desc.o
                0x00000000200000e4                USBD_StringSerial
 *(.RamFunc)
 *(.RamFunc*)
                0x0000000020000100                . = ALIGN (0x4)
 *fill*         0x00000000200000fe        0x2 
                0x0000000020000100                _edata = .

.igot.plt       0x0000000020000100        0x0 load address 0x0000000008004778
 .igot.plt      0x0000000020000100        0x0 /Applications/STM32CubeIDE.app/Contents/Eclipse/plugins/com.st.stm32cube.ide.mcu.externaltools.gnu-tools-for-stm32.9-2020-q2-update.macos64_2.0.0.202105311346/tools/bin/../lib/gcc/arm-none-eabi/9.3.1/thumb/v7-m/nofp/crtbegin.o
                0x0000000020000100                . = ALIGN (0x4)

.bss            0x0000000020000100     0x1ae8 load address 0x0000000008004778
                0x0000000020000100                _sbss = .
                0x0000000020000100                __bss_start__ = _sbss
 *(.bss)
 .bss           0x0000000020000100       0x1c /Applications/STM32CubeIDE.app/Contents/Eclipse/plugins/com.st.stm32cube.ide.mcu.externaltools.gnu-tools-for-stm32.9-2020-q2-update.macos64_2.0.0.202105311346/tools/bin/../lib/gcc/arm-none-eabi/9.3.1/thumb/v7-m/nofp/crtbegin.o
 *(.bss*)
 .bss.data_ready_flag
                0x000000002000011c        0x1 ./Core/Src/dma.o
 .bss.key       0x000000002000011d        0x1 ./Core/Src/main.o
                0x000000002000011d                key
 *fill*         0x000000002000011e        0x2 
 .bss.key_dma   0x0000000020000120      0x108 ./Core/Src/main.o
                0x0000000020000120                key_dma
 .bss.on        0x0000000020000228       0x58 ./Core/Src/main.o
                0x0000000020000228                on
 .bss.speed_table
                0x0000000020000280      0x5a0 ./Core/Src/main.o
                0x0000000020000280                speed_table
 .bss.txx       0x0000000020000820      0x160 ./Core/Src/main.o
                0x0000000020000820                txx
 .bss.tyy       0x0000000020000980      0x160 ./Core/Src/main.o
                0x0000000020000980                tyy
 .bss.sys_tick  0x0000000020000ae0        0x4 ./Core/Src/timer.o
                0x0000000020000ae0                sys_tick
 .bss.APP_Rx_length
                0x0000000020000ae4        0x4 ./Core/Src/usbd_midi.o
                0x0000000020000ae4                APP_Rx_length
 .bss.APP_Rx_ptr_in
                0x0000000020000ae8        0x4 ./Core/Src/usbd_midi.o
                0x0000000020000ae8                APP_Rx_ptr_in
 .bss.APP_Rx_ptr_out
                0x0000000020000aec        0x4 ./Core/Src/usbd_midi.o
                0x0000000020000aec                APP_Rx_ptr_out
 .bss.USB_Tx_State
                0x0000000020000af0        0x1 ./Core/Src/usbd_midi.o
                0x0000000020000af0                USB_Tx_State
 *fill*         0x0000000020000af1        0x3 
 .bss.pInstance
                0x0000000020000af4        0x4 ./Core/Src/usbd_midi.o
                0x0000000020000af4                pInstance
 .bss.cfgidx.8230
                0x0000000020000af8        0x1 ./Middlewares/ST/STM32_USB_Device_Library/Core/Src/usbd_ctlreq.o
 *(COMMON)
 *fill*         0x0000000020000af9        0x3 
 COMMON         0x0000000020000afc       0xc4 ./Core/Src/dma.o
                0x0000000020000afc                buf_ptr
                0x0000000020000b00                tmp_buf
 COMMON         0x0000000020000bc0       0x31 ./Core/Src/main.o
                0x0000000020000bc0                dma_buf
                0x0000000020000bf0                data_updated
 *fill*         0x0000000020000bf1        0x3 
 COMMON         0x0000000020000bf4      0x840 ./Core/Src/usbd_midi.o
                0x0000000020000bf4                USB_Rx_Buffer
                0x0000000020000c34                APP_Rx_Buffer
 COMMON         0x0000000020001434        0x4 ./Drivers/STM32F1xx_HAL_Driver/Src/stm32f1xx_hal.o
                0x0000000020001434                uwTick
 COMMON         0x0000000020001438      0x2c4 ./USB_DEVICE/App/usb_device.o
                0x0000000020001438                hUsbDeviceFS
 COMMON         0x00000000200016fc      0x200 ./USB_DEVICE/App/usbd_desc.o
                0x00000000200016fc                USBD_StrDesc
 COMMON         0x00000000200018fc      0x2ec ./USB_DEVICE/Target/usbd_conf.o
                0x00000000200018fc                hpcd_USB_FS
                0x0000000020001be8                . = ALIGN (0x4)
                0x0000000020001be8                _ebss = .
                0x0000000020001be8                __bss_end__ = _ebss

._user_heap_stack
                0x0000000020001be8      0x600 load address 0x0000000008004778
                0x0000000020001be8                . = ALIGN (0x8)
                [!provide]                        PROVIDE (end = .)
                0x0000000020001be8                PROVIDE (_end = .)
                0x0000000020001de8                . = (. + _Min_Heap_Size)
 *fill*         0x0000000020001be8      0x200 
                0x00000000200021e8                . = (. + _Min_Stack_Size)
 *fill*         0x0000000020001de8      0x400 
                0x00000000200021e8                . = ALIGN (0x8)

/DISCARD/
 libc.a(*)
 libm.a(*)
 libgcc.a(*)

.ARM.attributes
                0x0000000000000000       0x29
 *(.ARM.attributes)
 .ARM.attributes
                0x0000000000000000       0x1d /Applications/STM32CubeIDE.app/Contents/Eclipse/plugins/com.st.stm32cube.ide.mcu.externaltools.gnu-tools-for-stm32.9-2020-q2-update.macos64_2.0.0.202105311346/tools/bin/../lib/gcc/arm-none-eabi/9.3.1/thumb/v7-m/nofp/crti.o
 .ARM.attributes
                0x000000000000001d       0x2d /Applications/STM32CubeIDE.app/Contents/Eclipse/plugins/com.st.stm32cube.ide.mcu.externaltools.gnu-tools-for-stm32.9-2020-q2-update.macos64_2.0.0.202105311346/tools/bin/../lib/gcc/arm-none-eabi/9.3.1/thumb/v7-m/nofp/crtbegin.o
 .ARM.attributes
                0x000000000000004a       0x2d ./Core/Src/debug_led.o
 .ARM.attributes
                0x0000000000000077       0x2d ./Core/Src/dma.o
 .ARM.attributes
                0x00000000000000a4       0x2d ./Core/Src/gpio.o
 .ARM.attributes
                0x00000000000000d1       0x2d ./Core/Src/init.o
 .ARM.attributes
                0x00000000000000fe       0x2d ./Core/Src/main.o
 .ARM.attributes
                0x000000000000012b       0x2d ./Core/Src/stm32f1xx_hal_msp.o
 .ARM.attributes
                0x0000000000000158       0x2d ./Core/Src/stm32f1xx_it.o
 .ARM.attributes
                0x0000000000000185       0x2d ./Core/Src/system_stm32f1xx.o
 .ARM.attributes
                0x00000000000001b2       0x2d ./Core/Src/timer.o
 .ARM.attributes
                0x00000000000001df       0x2d ./Core/Src/usbd_midi.o
 .ARM.attributes
                0x000000000000020c       0x2d ./Core/Src/usbd_midi_if.o
 .ARM.attributes
                0x0000000000000239       0x21 ./Core/Startup/startup_stm32f103c8tx.o
 .ARM.attributes
                0x000000000000025a       0x2d ./Drivers/STM32F1xx_HAL_Driver/Src/stm32f1xx_hal.o
 .ARM.attributes
                0x0000000000000287       0x2d ./Drivers/STM32F1xx_HAL_Driver/Src/stm32f1xx_hal_cortex.o
 .ARM.attributes
                0x00000000000002b4       0x2d ./Drivers/STM32F1xx_HAL_Driver/Src/stm32f1xx_hal_pcd.o
 .ARM.attributes
                0x00000000000002e1       0x2d ./Drivers/STM32F1xx_HAL_Driver/Src/stm32f1xx_hal_pcd_ex.o
 .ARM.attributes
                0x000000000000030e       0x2d ./Drivers/STM32F1xx_HAL_Driver/Src/stm32f1xx_hal_rcc.o
 .ARM.attributes
                0x000000000000033b       0x2d ./Drivers/STM32F1xx_HAL_Driver/Src/stm32f1xx_hal_rcc_ex.o
 .ARM.attributes
                0x0000000000000368       0x2d ./Drivers/STM32F1xx_HAL_Driver/Src/stm32f1xx_ll_usb.o
 .ARM.attributes
                0x0000000000000395       0x2d ./Middlewares/ST/STM32_USB_Device_Library/Core/Src/usbd_core.o
 .ARM.attributes
                0x00000000000003c2       0x2d ./Middlewares/ST/STM32_USB_Device_Library/Core/Src/usbd_ctlreq.o
 .ARM.attributes
                0x00000000000003ef       0x2d ./Middlewares/ST/STM32_USB_Device_Library/Core/Src/usbd_ioreq.o
 .ARM.attributes
                0x000000000000041c       0x2d ./USB_DEVICE/App/usb_device.o
 .ARM.attributes
                0x0000000000000449       0x2d ./USB_DEVICE/App/usbd_desc.o
 .ARM.attributes
                0x0000000000000476       0x2d ./USB_DEVICE/Target/usbd_conf.o
 .ARM.attributes
                0x00000000000004a3       0x2d /Applications/STM32CubeIDE.app/Contents/Eclipse/plugins/com.st.stm32cube.ide.mcu.externaltools.gnu-tools-for-stm32.9-2020-q2-update.macos64_2.0.0.202105311346/tools/bin/../lib/gcc/arm-none-eabi/9.3.1/../../../../arm-none-eabi/lib/thumb/v7-m/nofp/libc_nano.a(lib_a-init.o)
 .ARM.attributes
                0x00000000000004d0       0x1d /Applications/STM32CubeIDE.app/Contents/Eclipse/plugins/com.st.stm32cube.ide.mcu.externaltools.gnu-tools-for-stm32.9-2020-q2-update.macos64_2.0.0.202105311346/tools/bin/../lib/gcc/arm-none-eabi/9.3.1/thumb/v7-m/nofp/libgcc.a(_arm_muldf3.o)
 .ARM.attributes
                0x00000000000004ed       0x1d /Applications/STM32CubeIDE.app/Contents/Eclipse/plugins/com.st.stm32cube.ide.mcu.externaltools.gnu-tools-for-stm32.9-2020-q2-update.macos64_2.0.0.202105311346/tools/bin/../lib/gcc/arm-none-eabi/9.3.1/thumb/v7-m/nofp/libgcc.a(_arm_addsubdf3.o)
 .ARM.attributes
                0x000000000000050a       0x1d /Applications/STM32CubeIDE.app/Contents/Eclipse/plugins/com.st.stm32cube.ide.mcu.externaltools.gnu-tools-for-stm32.9-2020-q2-update.macos64_2.0.0.202105311346/tools/bin/../lib/gcc/arm-none-eabi/9.3.1/thumb/v7-m/nofp/libgcc.a(_arm_truncdfsf2.o)
 .ARM.attributes
                0x0000000000000527       0x1d /Applications/STM32CubeIDE.app/Contents/Eclipse/plugins/com.st.stm32cube.ide.mcu.externaltools.gnu-tools-for-stm32.9-2020-q2-update.macos64_2.0.0.202105311346/tools/bin/../lib/gcc/arm-none-eabi/9.3.1/thumb/v7-m/nofp/libgcc.a(_arm_fixunssfsi.o)
 .ARM.attributes
                0x0000000000000544       0x1d /Applications/STM32CubeIDE.app/Contents/Eclipse/plugins/com.st.stm32cube.ide.mcu.externaltools.gnu-tools-for-stm32.9-2020-q2-update.macos64_2.0.0.202105311346/tools/bin/../lib/gcc/arm-none-eabi/9.3.1/thumb/v7-m/nofp/crtn.o
OUTPUT(Clean_Project.elf elf32-littlearm)
LOAD linker stubs
LOAD /Applications/STM32CubeIDE.app/Contents/Eclipse/plugins/com.st.stm32cube.ide.mcu.externaltools.gnu-tools-for-stm32.9-2020-q2-update.macos64_2.0.0.202105311346/tools/bin/../lib/gcc/arm-none-eabi/9.3.1/../../../../arm-none-eabi/lib/thumb/v7-m/nofp/libc.a
LOAD /Applications/STM32CubeIDE.app/Contents/Eclipse/plugins/com.st.stm32cube.ide.mcu.externaltools.gnu-tools-for-stm32.9-2020-q2-update.macos64_2.0.0.202105311346/tools/bin/../lib/gcc/arm-none-eabi/9.3.1/../../../../arm-none-eabi/lib/thumb/v7-m/nofp/libm.a
LOAD /Applications/STM32CubeIDE.app/Contents/Eclipse/plugins/com.st.stm32cube.ide.mcu.externaltools.gnu-tools-for-stm32.9-2020-q2-update.macos64_2.0.0.202105311346/tools/bin/../lib/gcc/arm-none-eabi/9.3.1/thumb/v7-m/nofp/libgcc.a

.debug_info     0x0000000000000000    0x1671e
 .debug_info    0x0000000000000000      0x2ab ./Core/Src/debug_led.o
 .debug_info    0x00000000000002ab      0x349 ./Core/Src/dma.o
 .debug_info    0x00000000000005f4      0x473 ./Core/Src/gpio.o
 .debug_info    0x0000000000000a67      0x752 ./Core/Src/init.o
 .debug_info    0x00000000000011b9     0x1692 ./Core/Src/main.o
 .debug_info    0x000000000000284b      0x8d2 ./Core/Src/stm32f1xx_hal_msp.o
 .debug_info    0x000000000000311d      0x70e ./Core/Src/stm32f1xx_it.o
 .debug_info    0x000000000000382b      0x2cd ./Core/Src/system_stm32f1xx.o
 .debug_info    0x0000000000003af8      0x438 ./Core/Src/timer.o
 .debug_info    0x0000000000003f30     0x17cb ./Core/Src/usbd_midi.o
 .debug_info    0x00000000000056fb     0x1792 ./Core/Src/usbd_midi_if.o
 .debug_info    0x0000000000006e8d       0x22 ./Core/Startup/startup_stm32f103c8tx.o
 .debug_info    0x0000000000006eaf      0x869 ./Drivers/STM32F1xx_HAL_Driver/Src/stm32f1xx_hal.o
 .debug_info    0x0000000000007718      0xe3c ./Drivers/STM32F1xx_HAL_Driver/Src/stm32f1xx_hal_cortex.o
 .debug_info    0x0000000000008554     0x1de2 ./Drivers/STM32F1xx_HAL_Driver/Src/stm32f1xx_hal_pcd.o
 .debug_info    0x000000000000a336      0x7fe ./Drivers/STM32F1xx_HAL_Driver/Src/stm32f1xx_hal_pcd_ex.o
 .debug_info    0x000000000000ab34      0xb65 ./Drivers/STM32F1xx_HAL_Driver/Src/stm32f1xx_hal_rcc.o
 .debug_info    0x000000000000b699      0x4fd ./Drivers/STM32F1xx_HAL_Driver/Src/stm32f1xx_hal_rcc_ex.o
 .debug_info    0x000000000000bb96     0x22be ./Drivers/STM32F1xx_HAL_Driver/Src/stm32f1xx_ll_usb.o
 .debug_info    0x000000000000de54     0x16d8 ./Middlewares/ST/STM32_USB_Device_Library/Core/Src/usbd_core.o
 .debug_info    0x000000000000f52c     0x1906 ./Middlewares/ST/STM32_USB_Device_Library/Core/Src/usbd_ctlreq.o
 .debug_info    0x0000000000010e32     0x1169 ./Middlewares/ST/STM32_USB_Device_Library/Core/Src/usbd_ioreq.o
 .debug_info    0x0000000000011f9b     0x10aa ./USB_DEVICE/App/usb_device.o
 .debug_info    0x0000000000013045     0x1004 ./USB_DEVICE/App/usbd_desc.o
 .debug_info    0x0000000000014049     0x26d5 ./USB_DEVICE/Target/usbd_conf.o

.debug_abbrev   0x0000000000000000     0x3dc8
 .debug_abbrev  0x0000000000000000      0x127 ./Core/Src/debug_led.o
 .debug_abbrev  0x0000000000000127      0x187 ./Core/Src/dma.o
 .debug_abbrev  0x00000000000002ae      0x1e9 ./Core/Src/gpio.o
 .debug_abbrev  0x0000000000000497      0x1d5 ./Core/Src/init.o
 .debug_abbrev  0x000000000000066c      0x34a ./Core/Src/main.o
 .debug_abbrev  0x00000000000009b6      0x1c9 ./Core/Src/stm32f1xx_hal_msp.o
 .debug_abbrev  0x0000000000000b7f      0x1ca ./Core/Src/stm32f1xx_it.o
 .debug_abbrev  0x0000000000000d49      0x154 ./Core/Src/system_stm32f1xx.o
 .debug_abbrev  0x0000000000000e9d      0x1ac ./Core/Src/timer.o
 .debug_abbrev  0x0000000000001049      0x354 ./Core/Src/usbd_midi.o
 .debug_abbrev  0x000000000000139d      0x348 ./Core/Src/usbd_midi_if.o
 .debug_abbrev  0x00000000000016e5       0x12 ./Core/Startup/startup_stm32f103c8tx.o
 .debug_abbrev  0x00000000000016f7      0x27e ./Drivers/STM32F1xx_HAL_Driver/Src/stm32f1xx_hal.o
 .debug_abbrev  0x0000000000001975      0x35e ./Drivers/STM32F1xx_HAL_Driver/Src/stm32f1xx_hal_cortex.o
 .debug_abbrev  0x0000000000001cd3      0x3cf ./Drivers/STM32F1xx_HAL_Driver/Src/stm32f1xx_hal_pcd.o
 .debug_abbrev  0x00000000000020a2      0x1f5 ./Drivers/STM32F1xx_HAL_Driver/Src/stm32f1xx_hal_pcd_ex.o
 .debug_abbrev  0x0000000000002297      0x32b ./Drivers/STM32F1xx_HAL_Driver/Src/stm32f1xx_hal_rcc.o
 .debug_abbrev  0x00000000000025c2      0x1f9 ./Drivers/STM32F1xx_HAL_Driver/Src/stm32f1xx_hal_rcc_ex.o
 .debug_abbrev  0x00000000000027bb      0x2eb ./Drivers/STM32F1xx_HAL_Driver/Src/stm32f1xx_ll_usb.o
 .debug_abbrev  0x0000000000002aa6      0x375 ./Middlewares/ST/STM32_USB_Device_Library/Core/Src/usbd_core.o
 .debug_abbrev  0x0000000000002e1b      0x420 ./Middlewares/ST/STM32_USB_Device_Library/Core/Src/usbd_ctlreq.o
 .debug_abbrev  0x000000000000323b      0x22c ./Middlewares/ST/STM32_USB_Device_Library/Core/Src/usbd_ioreq.o
 .debug_abbrev  0x0000000000003467      0x23a ./USB_DEVICE/App/usb_device.o
 .debug_abbrev  0x00000000000036a1      0x376 ./USB_DEVICE/App/usbd_desc.o
 .debug_abbrev  0x0000000000003a17      0x3b1 ./USB_DEVICE/Target/usbd_conf.o

.debug_aranges  0x0000000000000000      0x970
 .debug_aranges
                0x0000000000000000       0x30 ./Core/Src/debug_led.o
 .debug_aranges
                0x0000000000000030       0x30 ./Core/Src/dma.o
 .debug_aranges
                0x0000000000000060       0x50 ./Core/Src/gpio.o
 .debug_aranges
                0x00000000000000b0       0x30 ./Core/Src/init.o
 .debug_aranges
                0x00000000000000e0       0x30 ./Core/Src/main.o
 .debug_aranges
                0x0000000000000110       0x30 ./Core/Src/stm32f1xx_hal_msp.o
 .debug_aranges
                0x0000000000000140       0x50 ./Core/Src/stm32f1xx_it.o
 .debug_aranges
                0x0000000000000190       0x28 ./Core/Src/system_stm32f1xx.o
 .debug_aranges
                0x00000000000001b8       0x58 ./Core/Src/timer.o
 .debug_aranges
                0x0000000000000210       0x50 ./Core/Src/usbd_midi.o
 .debug_aranges
                0x0000000000000260       0x48 ./Core/Src/usbd_midi_if.o
 .debug_aranges
                0x00000000000002a8       0x28 ./Core/Startup/startup_stm32f103c8tx.o
 .debug_aranges
                0x00000000000002d0       0xd8 ./Drivers/STM32F1xx_HAL_Driver/Src/stm32f1xx_hal.o
 .debug_aranges
                0x00000000000003a8       0x90 ./Drivers/STM32F1xx_HAL_Driver/Src/stm32f1xx_hal_cortex.o
 .debug_aranges
                0x0000000000000438       0xc8 ./Drivers/STM32F1xx_HAL_Driver/Src/stm32f1xx_hal_pcd.o
 .debug_aranges
                0x0000000000000500       0x28 ./Drivers/STM32F1xx_HAL_Driver/Src/stm32f1xx_hal_pcd_ex.o
 .debug_aranges
                0x0000000000000528       0x88 ./Drivers/STM32F1xx_HAL_Driver/Src/stm32f1xx_hal_rcc.o
 .debug_aranges
                0x00000000000005b0       0x30 ./Drivers/STM32F1xx_HAL_Driver/Src/stm32f1xx_hal_rcc_ex.o
 .debug_aranges
                0x00000000000005e0       0xd0 ./Drivers/STM32F1xx_HAL_Driver/Src/stm32f1xx_ll_usb.o
 .debug_aranges
                0x00000000000006b0       0xa8 ./Middlewares/ST/STM32_USB_Device_Library/Core/Src/usbd_core.o
 .debug_aranges
                0x0000000000000758       0x48 ./Middlewares/ST/STM32_USB_Device_Library/Core/Src/usbd_ctlreq.o
 .debug_aranges
                0x00000000000007a0       0x50 ./Middlewares/ST/STM32_USB_Device_Library/Core/Src/usbd_ioreq.o
 .debug_aranges
                0x00000000000007f0       0x20 ./USB_DEVICE/App/usb_device.o
 .debug_aranges
                0x0000000000000810       0x50 ./USB_DEVICE/App/usbd_desc.o
 .debug_aranges
                0x0000000000000860      0x110 ./USB_DEVICE/Target/usbd_conf.o

.debug_ranges   0x0000000000000000     0x1918
 .debug_ranges  0x0000000000000000       0x20 ./Core/Src/debug_led.o
 .debug_ranges  0x0000000000000020       0x40 ./Core/Src/dma.o
 .debug_ranges  0x0000000000000060       0x70 ./Core/Src/gpio.o
 .debug_ranges  0x00000000000000d0       0x20 ./Core/Src/init.o
 .debug_ranges  0x00000000000000f0       0xa0 ./Core/Src/main.o
 .debug_ranges  0x0000000000000190       0x70 ./Core/Src/stm32f1xx_hal_msp.o
 .debug_ranges  0x0000000000000200       0x40 ./Core/Src/stm32f1xx_it.o
 .debug_ranges  0x0000000000000240       0x18 ./Core/Src/system_stm32f1xx.o
 .debug_ranges  0x0000000000000258       0x48 ./Core/Src/timer.o
 .debug_ranges  0x00000000000002a0       0x58 ./Core/Src/usbd_midi.o
 .debug_ranges  0x00000000000002f8       0xe0 ./Core/Src/usbd_midi_if.o
 .debug_ranges  0x00000000000003d8       0x20 ./Core/Startup/startup_stm32f103c8tx.o
 .debug_ranges  0x00000000000003f8       0xc8 ./Drivers/STM32F1xx_HAL_Driver/Src/stm32f1xx_hal.o
 .debug_ranges  0x00000000000004c0      0x180 ./Drivers/STM32F1xx_HAL_Driver/Src/stm32f1xx_hal_cortex.o
 .debug_ranges  0x0000000000000640      0x2d0 ./Drivers/STM32F1xx_HAL_Driver/Src/stm32f1xx_hal_pcd.o
 .debug_ranges  0x0000000000000910       0x18 ./Drivers/STM32F1xx_HAL_Driver/Src/stm32f1xx_hal_pcd_ex.o
 .debug_ranges  0x0000000000000928      0x138 ./Drivers/STM32F1xx_HAL_Driver/Src/stm32f1xx_hal_rcc.o
 .debug_ranges  0x0000000000000a60       0x58 ./Drivers/STM32F1xx_HAL_Driver/Src/stm32f1xx_hal_rcc_ex.o
 .debug_ranges  0x0000000000000ab8      0x928 ./Drivers/STM32F1xx_HAL_Driver/Src/stm32f1xx_ll_usb.o
 .debug_ranges  0x00000000000013e0       0x98 ./Middlewares/ST/STM32_USB_Device_Library/Core/Src/usbd_core.o
 .debug_ranges  0x0000000000001478       0xd8 ./Middlewares/ST/STM32_USB_Device_Library/Core/Src/usbd_ctlreq.o
 .debug_ranges  0x0000000000001550       0x40 ./Middlewares/ST/STM32_USB_Device_Library/Core/Src/usbd_ioreq.o
 .debug_ranges  0x0000000000001590       0x10 ./USB_DEVICE/App/usb_device.o
 .debug_ranges  0x00000000000015a0      0x138 ./USB_DEVICE/App/usbd_desc.o
 .debug_ranges  0x00000000000016d8      0x240 ./USB_DEVICE/Target/usbd_conf.o

.debug_macro    0x0000000000000000    0x1abfa
 .debug_macro   0x0000000000000000      0x1dc ./Core/Src/debug_led.o
 .debug_macro   0x00000000000001dc      0xa9c ./Core/Src/debug_led.o
 .debug_macro   0x0000000000000c78       0x2e ./Core/Src/debug_led.o
 .debug_macro   0x0000000000000ca6       0x22 ./Core/Src/debug_led.o
 .debug_macro   0x0000000000000cc8       0x22 ./Core/Src/debug_led.o
 .debug_macro   0x0000000000000cea       0x8e ./Core/Src/debug_led.o
 .debug_macro   0x0000000000000d78       0x51 ./Core/Src/debug_led.o
 .debug_macro   0x0000000000000dc9      0x103 ./Core/Src/debug_led.o
 .debug_macro   0x0000000000000ecc       0x6a ./Core/Src/debug_led.o
 .debug_macro   0x0000000000000f36      0x1df ./Core/Src/debug_led.o
 .debug_macro   0x0000000000001115       0x1c ./Core/Src/debug_led.o
 .debug_macro   0x0000000000001131       0x22 ./Core/Src/debug_led.o
 .debug_macro   0x0000000000001153       0xc3 ./Core/Src/debug_led.o
 .debug_macro   0x0000000000001216      0xd23 ./Core/Src/debug_led.o
 .debug_macro   0x0000000000001f39     0xe09e ./Core/Src/debug_led.o
 .debug_macro   0x000000000000ffd7       0x6d ./Core/Src/debug_led.o
 .debug_macro   0x0000000000010044      0x21b ./Core/Src/debug_led.o
 .debug_macro   0x000000000001025f     0x3468 ./Core/Src/debug_led.o
 .debug_macro   0x00000000000136c7      0x174 ./Core/Src/debug_led.o
 .debug_macro   0x000000000001383b       0x5c ./Core/Src/debug_led.o
 .debug_macro   0x0000000000013897      0x5be ./Core/Src/debug_led.o
 .debug_macro   0x0000000000013e55      0x289 ./Core/Src/debug_led.o
 .debug_macro   0x00000000000140de      0x1cb ./Core/Src/debug_led.o
 .debug_macro   0x00000000000142a9      0x114 ./Core/Src/debug_led.o
 .debug_macro   0x00000000000143bd      0x1b2 ./Core/Src/debug_led.o
 .debug_macro   0x000000000001456f       0x27 ./Core/Src/debug_led.o
 .debug_macro   0x0000000000014596      0x136 ./Core/Src/debug_led.o
 .debug_macro   0x00000000000146cc      0x1bc ./Core/Src/debug_led.o
 .debug_macro   0x0000000000014888       0x34 ./Core/Src/debug_led.o
 .debug_macro   0x00000000000148bc       0x3c ./Core/Src/debug_led.o
 .debug_macro   0x00000000000148f8       0x57 ./Core/Src/debug_led.o
 .debug_macro   0x000000000001494f       0x88 ./Core/Src/debug_led.o
 .debug_macro   0x00000000000149d7      0x241 ./Core/Src/debug_led.o
 .debug_macro   0x0000000000014c18      0x141 ./Core/Src/debug_led.o
 .debug_macro   0x0000000000014d59      0x8d1 ./Core/Src/debug_led.o
 .debug_macro   0x000000000001562a       0x65 ./Core/Src/debug_led.o
 .debug_macro   0x000000000001568f      0x249 ./Core/Src/debug_led.o
 .debug_macro   0x00000000000158d8       0x83 ./Core/Src/debug_led.o
 .debug_macro   0x000000000001595b       0x22 ./Core/Src/debug_led.o
 .debug_macro   0x000000000001597d       0x64 ./Core/Src/debug_led.o
 .debug_macro   0x00000000000159e1       0x10 ./Core/Src/debug_led.o
 .debug_macro   0x00000000000159f1      0x1e2 ./Core/Src/dma.o
 .debug_macro   0x0000000000015bd3       0x46 ./Core/Src/dma.o
 .debug_macro   0x0000000000015c19       0x16 ./Core/Src/dma.o
 .debug_macro   0x0000000000015c2f      0x1cf ./Core/Src/gpio.o
 .debug_macro   0x0000000000015dfe      0x1f5 ./Core/Src/init.o
 .debug_macro   0x0000000000015ff3       0x40 ./Core/Src/init.o
 .debug_macro   0x0000000000016033      0x457 ./Core/Src/main.o
 .debug_macro   0x000000000001648a       0x52 ./Core/Src/main.o
 .debug_macro   0x00000000000164dc       0x18 ./Core/Src/main.o
 .debug_macro   0x00000000000164f4       0x3c ./Core/Src/main.o
 .debug_macro   0x0000000000016530       0x34 ./Core/Src/main.o
 .debug_macro   0x0000000000016564       0x16 ./Core/Src/main.o
 .debug_macro   0x000000000001657a       0x35 ./Core/Src/main.o
 .debug_macro   0x00000000000165af      0x333 ./Core/Src/main.o
 .debug_macro   0x00000000000168e2       0x10 ./Core/Src/main.o
 .debug_macro   0x00000000000168f2       0x16 ./Core/Src/main.o
 .debug_macro   0x0000000000016908       0x43 ./Core/Src/main.o
 .debug_macro   0x000000000001694b       0x34 ./Core/Src/main.o
 .debug_macro   0x000000000001697f       0x10 ./Core/Src/main.o
 .debug_macro   0x000000000001698f       0x58 ./Core/Src/main.o
 .debug_macro   0x00000000000169e7       0x71 ./Core/Src/main.o
 .debug_macro   0x0000000000016a58       0x1c ./Core/Src/main.o
 .debug_macro   0x0000000000016a74      0x12a ./Core/Src/main.o
 .debug_macro   0x0000000000016b9e       0x10 ./Core/Src/main.o
 .debug_macro   0x0000000000016bae       0x1c ./Core/Src/main.o
 .debug_macro   0x0000000000016bca       0x52 ./Core/Src/main.o
 .debug_macro   0x0000000000016c1c       0x22 ./Core/Src/main.o
 .debug_macro   0x0000000000016c3e       0x10 ./Core/Src/main.o
 .debug_macro   0x0000000000016c4e       0x40 ./Core/Src/main.o
 .debug_macro   0x0000000000016c8e       0xd5 ./Core/Src/main.o
 .debug_macro   0x0000000000016d63       0x1c ./Core/Src/main.o
 .debug_macro   0x0000000000016d7f       0x3d ./Core/Src/main.o
 .debug_macro   0x0000000000016dbc       0x16 ./Core/Src/main.o
 .debug_macro   0x0000000000016dd2      0x145 ./Core/Src/main.o
 .debug_macro   0x0000000000016f17       0x16 ./Core/Src/main.o
 .debug_macro   0x0000000000016f2d       0x16 ./Core/Src/main.o
 .debug_macro   0x0000000000016f43       0x29 ./Core/Src/main.o
 .debug_macro   0x0000000000016f6c       0x16 ./Core/Src/main.o
 .debug_macro   0x0000000000016f82       0x20 ./Core/Src/main.o
 .debug_macro   0x0000000000016fa2       0x60 ./Core/Src/main.o
 .debug_macro   0x0000000000017002      0x1c8 ./Core/Src/main.o
 .debug_macro   0x00000000000171ca       0x58 ./Core/Src/main.o
 .debug_macro   0x0000000000017222       0x16 ./Core/Src/main.o
 .debug_macro   0x0000000000017238       0x22 ./Core/Src/main.o
 .debug_macro   0x000000000001725a      0x1a9 ./Core/Src/main.o
 .debug_macro   0x0000000000017403      0x1d5 ./Core/Src/stm32f1xx_hal_msp.o
 .debug_macro   0x00000000000175d8      0x1df ./Core/Src/stm32f1xx_it.o
 .debug_macro   0x00000000000177b7      0x1bd ./Core/Src/system_stm32f1xx.o
 .debug_macro   0x0000000000017974      0x1de ./Core/Src/timer.o
 .debug_macro   0x0000000000017b52      0x3fe ./Core/Src/usbd_midi.o
 .debug_macro   0x0000000000017f50       0x97 ./Core/Src/usbd_midi.o
 .debug_macro   0x0000000000017fe7       0xfd ./Core/Src/usbd_midi.o
 .debug_macro   0x00000000000180e4       0xbd ./Core/Src/usbd_midi.o
 .debug_macro   0x00000000000181a1       0x56 ./Core/Src/usbd_midi.o
 .debug_macro   0x00000000000181f7       0x1c ./Core/Src/usbd_midi.o
 .debug_macro   0x0000000000018213      0x409 ./Core/Src/usbd_midi_if.o
 .debug_macro   0x000000000001861c      0x1e1 ./Drivers/STM32F1xx_HAL_Driver/Src/stm32f1xx_hal.o
 .debug_macro   0x00000000000187fd      0x1bd ./Drivers/STM32F1xx_HAL_Driver/Src/stm32f1xx_hal_cortex.o
 .debug_macro   0x00000000000189ba      0x1c9 ./Drivers/STM32F1xx_HAL_Driver/Src/stm32f1xx_hal_pcd.o
 .debug_macro   0x0000000000018b83      0x1bd ./Drivers/STM32F1xx_HAL_Driver/Src/stm32f1xx_hal_pcd_ex.o
 .debug_macro   0x0000000000018d40      0x1cf ./Drivers/STM32F1xx_HAL_Driver/Src/stm32f1xx_hal_rcc.o
 .debug_macro   0x0000000000018f0f      0x1bd ./Drivers/STM32F1xx_HAL_Driver/Src/stm32f1xx_hal_rcc_ex.o
 .debug_macro   0x00000000000190cc      0x1bd ./Drivers/STM32F1xx_HAL_Driver/Src/stm32f1xx_ll_usb.o
 .debug_macro   0x0000000000019289      0x3d2 ./Middlewares/ST/STM32_USB_Device_Library/Core/Src/usbd_core.o
 .debug_macro   0x000000000001965b      0x1ce ./Middlewares/ST/STM32_USB_Device_Library/Core/Src/usbd_core.o
 .debug_macro   0x0000000000019829      0x3dc ./Middlewares/ST/STM32_USB_Device_Library/Core/Src/usbd_ctlreq.o
 .debug_macro   0x0000000000019c05      0x3d8 ./Middlewares/ST/STM32_USB_Device_Library/Core/Src/usbd_ioreq.o
 .debug_macro   0x0000000000019fdd      0x419 ./USB_DEVICE/App/usb_device.o
 .debug_macro   0x000000000001a3f6      0x40f ./USB_DEVICE/App/usbd_desc.o
 .debug_macro   0x000000000001a805      0x3f5 ./USB_DEVICE/Target/usbd_conf.o

.debug_line     0x0000000000000000    0x13b02
 .debug_line    0x0000000000000000      0x711 ./Core/Src/debug_led.o
 .debug_line    0x0000000000000711      0x808 ./Core/Src/dma.o
 .debug_line    0x0000000000000f19      0x82c ./Core/Src/gpio.o
 .debug_line    0x0000000000001745      0x7aa ./Core/Src/init.o
 .debug_line    0x0000000000001eef      0xe10 ./Core/Src/main.o
 .debug_line    0x0000000000002cff      0x75c ./Core/Src/stm32f1xx_hal_msp.o
 .debug_line    0x000000000000345b      0x7be ./Core/Src/stm32f1xx_it.o
 .debug_line    0x0000000000003c19      0x75f ./Core/Src/system_stm32f1xx.o
 .debug_line    0x0000000000004378      0x999 ./Core/Src/timer.o
 .debug_line    0x0000000000004d11      0xc0c ./Core/Src/usbd_midi.o
 .debug_line    0x000000000000591d      0xfa7 ./Core/Src/usbd_midi_if.o
 .debug_line    0x00000000000068c4       0x84 ./Core/Startup/startup_stm32f103c8tx.o
 .debug_line    0x0000000000006948      0xa2d ./Drivers/STM32F1xx_HAL_Driver/Src/stm32f1xx_hal.o
 .debug_line    0x0000000000007375      0xbf9 ./Drivers/STM32F1xx_HAL_Driver/Src/stm32f1xx_hal_cortex.o
 .debug_line    0x0000000000007f6e     0x1974 ./Drivers/STM32F1xx_HAL_Driver/Src/stm32f1xx_hal_pcd.o
 .debug_line    0x00000000000098e2      0x762 ./Drivers/STM32F1xx_HAL_Driver/Src/stm32f1xx_hal_pcd_ex.o
 .debug_line    0x000000000000a044     0x12bb ./Drivers/STM32F1xx_HAL_Driver/Src/stm32f1xx_hal_rcc.o
 .debug_line    0x000000000000b2ff      0x9cb ./Drivers/STM32F1xx_HAL_Driver/Src/stm32f1xx_hal_rcc_ex.o
 .debug_line    0x000000000000bcca     0x2c80 ./Drivers/STM32F1xx_HAL_Driver/Src/stm32f1xx_ll_usb.o
 .debug_line    0x000000000000e94a      0xf36 ./Middlewares/ST/STM32_USB_Device_Library/Core/Src/usbd_core.o
 .debug_line    0x000000000000f880     0x107e ./Middlewares/ST/STM32_USB_Device_Library/Core/Src/usbd_ctlreq.o
 .debug_line    0x00000000000108fe      0xae8 ./Middlewares/ST/STM32_USB_Device_Library/Core/Src/usbd_ioreq.o
 .debug_line    0x00000000000113e6      0xa66 ./USB_DEVICE/App/usb_device.o
 .debug_line    0x0000000000011e4c      0xd03 ./USB_DEVICE/App/usbd_desc.o
 .debug_line    0x0000000000012b4f      0xfb3 ./USB_DEVICE/Target/usbd_conf.o

.debug_str      0x0000000000000000    0x8c7dd
 .debug_str     0x0000000000000000    0x84008 ./Core/Src/debug_led.o
                                      0x84347 (size before relaxing)
 .debug_str     0x0000000000084008      0x1a1 ./Core/Src/dma.o
                                      0x8430e (size before relaxing)
 .debug_str     0x00000000000841a9       0x46 ./Core/Src/gpio.o
                                      0x84344 (size before relaxing)
 .debug_str     0x00000000000841ef      0x372 ./Core/Src/init.o
                                      0x847bf (size before relaxing)
 .debug_str     0x0000000000084561     0x5c7a ./Core/Src/main.o
                                      0x8a26a (size before relaxing)
 .debug_str     0x000000000008a1db      0x46e ./Core/Src/stm32f1xx_hal_msp.o
                                      0x84796 (size before relaxing)
 .debug_str     0x000000000008a649      0x379 ./Core/Src/stm32f1xx_it.o
                                      0x84652 (size before relaxing)
 .debug_str     0x000000000008a9c2       0x52 ./Core/Src/system_stm32f1xx.o
                                      0x841a1 (size before relaxing)
 .debug_str     0x000000000008aa14       0x65 ./Core/Src/timer.o
                                      0x8432e (size before relaxing)
 .debug_str     0x000000000008aa79      0x182 ./Core/Src/usbd_midi.o
                                      0x898fa (size before relaxing)
 .debug_str     0x000000000008abfb       0xcd ./Core/Src/usbd_midi_if.o
                                      0x8996b (size before relaxing)
 .debug_str     0x000000000008acc8       0x83 ./Core/Startup/startup_stm32f103c8tx.o
 .debug_str     0x000000000008ad4b      0x31e ./Drivers/STM32F1xx_HAL_Driver/Src/stm32f1xx_hal.o
                                      0x84877 (size before relaxing)
 .debug_str     0x000000000008b069      0x258 ./Drivers/STM32F1xx_HAL_Driver/Src/stm32f1xx_hal_cortex.o
                                      0x8483a (size before relaxing)
 .debug_str     0x000000000008b2c1      0x57a ./Drivers/STM32F1xx_HAL_Driver/Src/stm32f1xx_hal_pcd.o
                                      0x84a95 (size before relaxing)
 .debug_str     0x000000000008b83b      0x170 ./Drivers/STM32F1xx_HAL_Driver/Src/stm32f1xx_hal_pcd_ex.o
                                      0x84641 (size before relaxing)
 .debug_str     0x000000000008b9ab      0x24d ./Drivers/STM32F1xx_HAL_Driver/Src/stm32f1xx_hal_rcc.o
                                      0x845c5 (size before relaxing)
 .debug_str     0x000000000008bbf8       0x9f ./Drivers/STM32F1xx_HAL_Driver/Src/stm32f1xx_hal_rcc_ex.o
                                      0x8434c (size before relaxing)
 .debug_str     0x000000000008bc97      0x13e ./Drivers/STM32F1xx_HAL_Driver/Src/stm32f1xx_ll_usb.o
                                      0x84674 (size before relaxing)
 .debug_str     0x000000000008bdd5      0x294 ./Middlewares/ST/STM32_USB_Device_Library/Core/Src/usbd_core.o
                                      0x894a2 (size before relaxing)
 .debug_str     0x000000000008c069      0x13f ./Middlewares/ST/STM32_USB_Device_Library/Core/Src/usbd_ctlreq.o
                                      0x893bc (size before relaxing)
 .debug_str     0x000000000008c1a8       0x79 ./Middlewares/ST/STM32_USB_Device_Library/Core/Src/usbd_ioreq.o
                                      0x892e9 (size before relaxing)
 .debug_str     0x000000000008c221       0x1f ./USB_DEVICE/App/usb_device.o
                                      0x895a9 (size before relaxing)
 .debug_str     0x000000000008c240      0x24d ./USB_DEVICE/App/usbd_desc.o
                                      0x8921a (size before relaxing)
 .debug_str     0x000000000008c48d      0x350 ./USB_DEVICE/Target/usbd_conf.o
                                      0x8a0f5 (size before relaxing)

.comment        0x0000000000000000       0x53
 .comment       0x0000000000000000       0x53 ./Core/Src/debug_led.o
                                         0x54 (size before relaxing)
 .comment       0x0000000000000053       0x54 ./Core/Src/dma.o
 .comment       0x0000000000000053       0x54 ./Core/Src/gpio.o
 .comment       0x0000000000000053       0x54 ./Core/Src/init.o
 .comment       0x0000000000000053       0x54 ./Core/Src/main.o
 .comment       0x0000000000000053       0x54 ./Core/Src/stm32f1xx_hal_msp.o
 .comment       0x0000000000000053       0x54 ./Core/Src/stm32f1xx_it.o
 .comment       0x0000000000000053       0x54 ./Core/Src/system_stm32f1xx.o
 .comment       0x0000000000000053       0x54 ./Core/Src/timer.o
 .comment       0x0000000000000053       0x54 ./Core/Src/usbd_midi.o
 .comment       0x0000000000000053       0x54 ./Core/Src/usbd_midi_if.o
 .comment       0x0000000000000053       0x54 ./Drivers/STM32F1xx_HAL_Driver/Src/stm32f1xx_hal.o
 .comment       0x0000000000000053       0x54 ./Drivers/STM32F1xx_HAL_Driver/Src/stm32f1xx_hal_cortex.o
 .comment       0x0000000000000053       0x54 ./Drivers/STM32F1xx_HAL_Driver/Src/stm32f1xx_hal_pcd.o
 .comment       0x0000000000000053       0x54 ./Drivers/STM32F1xx_HAL_Driver/Src/stm32f1xx_hal_pcd_ex.o
 .comment       0x0000000000000053       0x54 ./Drivers/STM32F1xx_HAL_Driver/Src/stm32f1xx_hal_rcc.o
 .comment       0x0000000000000053       0x54 ./Drivers/STM32F1xx_HAL_Driver/Src/stm32f1xx_hal_rcc_ex.o
 .comment       0x0000000000000053       0x54 ./Drivers/STM32F1xx_HAL_Driver/Src/stm32f1xx_ll_usb.o
 .comment       0x0000000000000053       0x54 ./Middlewares/ST/STM32_USB_Device_Library/Core/Src/usbd_core.o
 .comment       0x0000000000000053       0x54 ./Middlewares/ST/STM32_USB_Device_Library/Core/Src/usbd_ctlreq.o
 .comment       0x0000000000000053       0x54 ./Middlewares/ST/STM32_USB_Device_Library/Core/Src/usbd_ioreq.o
 .comment       0x0000000000000053       0x54 ./USB_DEVICE/App/usb_device.o
 .comment       0x0000000000000053       0x54 ./USB_DEVICE/App/usbd_desc.o
 .comment       0x0000000000000053       0x54 ./USB_DEVICE/Target/usbd_conf.o

.debug_frame    0x0000000000000000     0x187c
 .debug_frame   0x0000000000000000       0x40 ./Core/Src/debug_led.o
 .debug_frame   0x0000000000000040       0x58 ./Core/Src/dma.o
 .debug_frame   0x0000000000000098       0x9c ./Core/Src/gpio.o
 .debug_frame   0x0000000000000134       0x54 ./Core/Src/init.o
 .debug_frame   0x0000000000000188       0x70 ./Core/Src/main.o
 .debug_frame   0x00000000000001f8       0x50 ./Core/Src/stm32f1xx_hal_msp.o
 .debug_frame   0x0000000000000248       0xa0 ./Core/Src/stm32f1xx_it.o
 .debug_frame   0x00000000000002e8       0x30 ./Core/Src/system_stm32f1xx.o
 .debug_frame   0x0000000000000318       0xdc ./Core/Src/timer.o
 .debug_frame   0x00000000000003f4       0xc0 ./Core/Src/usbd_midi.o
 .debug_frame   0x00000000000004b4      0x104 ./Core/Src/usbd_midi_if.o
 .debug_frame   0x00000000000005b8      0x1d4 ./Drivers/STM32F1xx_HAL_Driver/Src/stm32f1xx_hal.o
 .debug_frame   0x000000000000078c      0x138 ./Drivers/STM32F1xx_HAL_Driver/Src/stm32f1xx_hal_cortex.o
 .debug_frame   0x00000000000008c4      0x2f4 ./Drivers/STM32F1xx_HAL_Driver/Src/stm32f1xx_hal_pcd.o
 .debug_frame   0x0000000000000bb8       0x50 ./Drivers/STM32F1xx_HAL_Driver/Src/stm32f1xx_hal_pcd_ex.o
 .debug_frame   0x0000000000000c08      0x1b0 ./Drivers/STM32F1xx_HAL_Driver/Src/stm32f1xx_hal_rcc.o
 .debug_frame   0x0000000000000db8       0x78 ./Drivers/STM32F1xx_HAL_Driver/Src/stm32f1xx_hal_rcc_ex.o
 .debug_frame   0x0000000000000e30      0x258 ./Drivers/STM32F1xx_HAL_Driver/Src/stm32f1xx_ll_usb.o
 .debug_frame   0x0000000000001088      0x1c4 ./Middlewares/ST/STM32_USB_Device_Library/Core/Src/usbd_core.o
 .debug_frame   0x000000000000124c       0xc4 ./Middlewares/ST/STM32_USB_Device_Library/Core/Src/usbd_ctlreq.o
 .debug_frame   0x0000000000001310       0xb8 ./Middlewares/ST/STM32_USB_Device_Library/Core/Src/usbd_ioreq.o
 .debug_frame   0x00000000000013c8       0x2c ./USB_DEVICE/App/usb_device.o
 .debug_frame   0x00000000000013f4       0xac ./USB_DEVICE/App/usbd_desc.o
 .debug_frame   0x00000000000014a0      0x28c ./USB_DEVICE/Target/usbd_conf.o
 .debug_frame   0x000000000000172c       0x2c /Applications/STM32CubeIDE.app/Contents/Eclipse/plugins/com.st.stm32cube.ide.mcu.externaltools.gnu-tools-for-stm32.9-2020-q2-update.macos64_2.0.0.202105311346/tools/bin/../lib/gcc/arm-none-eabi/9.3.1/../../../../arm-none-eabi/lib/thumb/v7-m/nofp/libc_nano.a(lib_a-init.o)
 .debug_frame   0x0000000000001758       0x30 /Applications/STM32CubeIDE.app/Contents/Eclipse/plugins/com.st.stm32cube.ide.mcu.externaltools.gnu-tools-for-stm32.9-2020-q2-update.macos64_2.0.0.202105311346/tools/bin/../lib/gcc/arm-none-eabi/9.3.1/thumb/v7-m/nofp/libgcc.a(_arm_muldf3.o)
 .debug_frame   0x0000000000001788       0xac /Applications/STM32CubeIDE.app/Contents/Eclipse/plugins/com.st.stm32cube.ide.mcu.externaltools.gnu-tools-for-stm32.9-2020-q2-update.macos64_2.0.0.202105311346/tools/bin/../lib/gcc/arm-none-eabi/9.3.1/thumb/v7-m/nofp/libgcc.a(_arm_addsubdf3.o)
 .debug_frame   0x0000000000001834       0x24 /Applications/STM32CubeIDE.app/Contents/Eclipse/plugins/com.st.stm32cube.ide.mcu.externaltools.gnu-tools-for-stm32.9-2020-q2-update.macos64_2.0.0.202105311346/tools/bin/../lib/gcc/arm-none-eabi/9.3.1/thumb/v7-m/nofp/libgcc.a(_arm_truncdfsf2.o)
 .debug_frame   0x0000000000001858       0x24 /Applications/STM32CubeIDE.app/Contents/Eclipse/plugins/com.st.stm32cube.ide.mcu.externaltools.gnu-tools-for-stm32.9-2020-q2-update.macos64_2.0.0.202105311346/tools/bin/../lib/gcc/arm-none-eabi/9.3.1/thumb/v7-m/nofp/libgcc.a(_arm_fixunssfsi.o)

.debug_loc      0x0000000000000000     0x9bff
 .debug_loc     0x0000000000000000       0x24 ./Core/Src/dma.o
 .debug_loc     0x0000000000000024      0x1dc ./Core/Src/gpio.o
 .debug_loc     0x0000000000000200       0x16 ./Core/Src/init.o
 .debug_loc     0x0000000000000216       0xcb ./Core/Src/main.o
 .debug_loc     0x00000000000002e1       0x15 ./Core/Src/stm32f1xx_hal_msp.o
 .debug_loc     0x00000000000002f6       0xe7 ./Core/Src/system_stm32f1xx.o
 .debug_loc     0x00000000000003dd       0x6c ./Core/Src/timer.o
 .debug_loc     0x0000000000000449      0x309 ./Core/Src/usbd_midi.o
 .debug_loc     0x0000000000000752      0x87e ./Core/Src/usbd_midi_if.o
 .debug_loc     0x0000000000000fd0      0x168 ./Drivers/STM32F1xx_HAL_Driver/Src/stm32f1xx_hal.o
 .debug_loc     0x0000000000001138      0x75e ./Drivers/STM32F1xx_HAL_Driver/Src/stm32f1xx_hal_cortex.o
 .debug_loc     0x0000000000001896     0x16d3 ./Drivers/STM32F1xx_HAL_Driver/Src/stm32f1xx_hal_pcd.o
 .debug_loc     0x0000000000002f69       0xcb ./Drivers/STM32F1xx_HAL_Driver/Src/stm32f1xx_hal_pcd_ex.o
 .debug_loc     0x0000000000003034      0x6fe ./Drivers/STM32F1xx_HAL_Driver/Src/stm32f1xx_hal_rcc.o
 .debug_loc     0x0000000000003732      0x339 ./Drivers/STM32F1xx_HAL_Driver/Src/stm32f1xx_hal_rcc_ex.o
 .debug_loc     0x0000000000003a6b     0x364f ./Drivers/STM32F1xx_HAL_Driver/Src/stm32f1xx_ll_usb.o
 .debug_loc     0x00000000000070ba      0x8a4 ./Middlewares/ST/STM32_USB_Device_Library/Core/Src/usbd_core.o
 .debug_loc     0x000000000000795e      0xe54 ./Middlewares/ST/STM32_USB_Device_Library/Core/Src/usbd_ctlreq.o
 .debug_loc     0x00000000000087b2      0x264 ./Middlewares/ST/STM32_USB_Device_Library/Core/Src/usbd_ioreq.o
 .debug_loc     0x0000000000008a16      0x4f4 ./USB_DEVICE/App/usbd_desc.o
 .debug_loc     0x0000000000008f0a      0xcf5 ./USB_DEVICE/Target/usbd_conf.o
