Archive member included to satisfy reference by file (symbol)

/Applications/STM32CubeIDE.app/Contents/Eclipse/plugins/com.st.stm32cube.ide.mcu.externaltools.gnu-tools-for-stm32.9-2020-q2-update.macos64_2.0.0.202105311346/tools/bin/../lib/gcc/arm-none-eabi/9.3.1/../../../../arm-none-eabi/lib/thumb/v7-m/nofp/libc_nano.a(lib_a-errno.o)
                              ./Core/Src/syscalls.o (__errno)
/Applications/STM32CubeIDE.app/Contents/Eclipse/plugins/com.st.stm32cube.ide.mcu.externaltools.gnu-tools-for-stm32.9-2020-q2-update.macos64_2.0.0.202105311346/tools/bin/../lib/gcc/arm-none-eabi/9.3.1/../../../../arm-none-eabi/lib/thumb/v7-m/nofp/libc_nano.a(lib_a-exit.o)
                              /Applications/STM32CubeIDE.app/Contents/Eclipse/plugins/com.st.stm32cube.ide.mcu.externaltools.gnu-tools-for-stm32.9-2020-q2-update.macos64_2.0.0.202105311346/tools/bin/../lib/gcc/arm-none-eabi/9.3.1/../../../../arm-none-eabi/lib/thumb/v7-m/nofp/crt0.o (exit)
/Applications/STM32CubeIDE.app/Contents/Eclipse/plugins/com.st.stm32cube.ide.mcu.externaltools.gnu-tools-for-stm32.9-2020-q2-update.macos64_2.0.0.202105311346/tools/bin/../lib/gcc/arm-none-eabi/9.3.1/../../../../arm-none-eabi/lib/thumb/v7-m/nofp/libc_nano.a(lib_a-impure.o)
                              /Applications/STM32CubeIDE.app/Contents/Eclipse/plugins/com.st.stm32cube.ide.mcu.externaltools.gnu-tools-for-stm32.9-2020-q2-update.macos64_2.0.0.202105311346/tools/bin/../lib/gcc/arm-none-eabi/9.3.1/../../../../arm-none-eabi/lib/thumb/v7-m/nofp/libc_nano.a(lib_a-exit.o) (_global_impure_ptr)
/Applications/STM32CubeIDE.app/Contents/Eclipse/plugins/com.st.stm32cube.ide.mcu.externaltools.gnu-tools-for-stm32.9-2020-q2-update.macos64_2.0.0.202105311346/tools/bin/../lib/gcc/arm-none-eabi/9.3.1/../../../../arm-none-eabi/lib/thumb/v7-m/nofp/libc_nano.a(lib_a-init.o)
                              /Applications/STM32CubeIDE.app/Contents/Eclipse/plugins/com.st.stm32cube.ide.mcu.externaltools.gnu-tools-for-stm32.9-2020-q2-update.macos64_2.0.0.202105311346/tools/bin/../lib/gcc/arm-none-eabi/9.3.1/../../../../arm-none-eabi/lib/thumb/v7-m/nofp/crt0.o (__libc_init_array)
/Applications/STM32CubeIDE.app/Contents/Eclipse/plugins/com.st.stm32cube.ide.mcu.externaltools.gnu-tools-for-stm32.9-2020-q2-update.macos64_2.0.0.202105311346/tools/bin/../lib/gcc/arm-none-eabi/9.3.1/../../../../arm-none-eabi/lib/thumb/v7-m/nofp/libc_nano.a(lib_a-memset.o)
                              /Applications/STM32CubeIDE.app/Contents/Eclipse/plugins/com.st.stm32cube.ide.mcu.externaltools.gnu-tools-for-stm32.9-2020-q2-update.macos64_2.0.0.202105311346/tools/bin/../lib/gcc/arm-none-eabi/9.3.1/../../../../arm-none-eabi/lib/thumb/v7-m/nofp/crt0.o (memset)
/Applications/STM32CubeIDE.app/Contents/Eclipse/plugins/com.st.stm32cube.ide.mcu.externaltools.gnu-tools-for-stm32.9-2020-q2-update.macos64_2.0.0.202105311346/tools/bin/../lib/gcc/arm-none-eabi/9.3.1/../../../../arm-none-eabi/lib/thumb/v7-m/nofp/libm.a(lib_a-w_pow.o)
                              ./Core/Src/main.o (pow)
/Applications/STM32CubeIDE.app/Contents/Eclipse/plugins/com.st.stm32cube.ide.mcu.externaltools.gnu-tools-for-stm32.9-2020-q2-update.macos64_2.0.0.202105311346/tools/bin/../lib/gcc/arm-none-eabi/9.3.1/../../../../arm-none-eabi/lib/thumb/v7-m/nofp/libm.a(lib_a-e_pow.o)
                              /Applications/STM32CubeIDE.app/Contents/Eclipse/plugins/com.st.stm32cube.ide.mcu.externaltools.gnu-tools-for-stm32.9-2020-q2-update.macos64_2.0.0.202105311346/tools/bin/../lib/gcc/arm-none-eabi/9.3.1/../../../../arm-none-eabi/lib/thumb/v7-m/nofp/libm.a(lib_a-w_pow.o) (__ieee754_pow)
/Applications/STM32CubeIDE.app/Contents/Eclipse/plugins/com.st.stm32cube.ide.mcu.externaltools.gnu-tools-for-stm32.9-2020-q2-update.macos64_2.0.0.202105311346/tools/bin/../lib/gcc/arm-none-eabi/9.3.1/../../../../arm-none-eabi/lib/thumb/v7-m/nofp/libm.a(lib_a-e_sqrt.o)
                              /Applications/STM32CubeIDE.app/Contents/Eclipse/plugins/com.st.stm32cube.ide.mcu.externaltools.gnu-tools-for-stm32.9-2020-q2-update.macos64_2.0.0.202105311346/tools/bin/../lib/gcc/arm-none-eabi/9.3.1/../../../../arm-none-eabi/lib/thumb/v7-m/nofp/libm.a(lib_a-e_pow.o) (__ieee754_sqrt)
/Applications/STM32CubeIDE.app/Contents/Eclipse/plugins/com.st.stm32cube.ide.mcu.externaltools.gnu-tools-for-stm32.9-2020-q2-update.macos64_2.0.0.202105311346/tools/bin/../lib/gcc/arm-none-eabi/9.3.1/../../../../arm-none-eabi/lib/thumb/v7-m/nofp/libm.a(lib_a-s_fabs.o)
                              /Applications/STM32CubeIDE.app/Contents/Eclipse/plugins/com.st.stm32cube.ide.mcu.externaltools.gnu-tools-for-stm32.9-2020-q2-update.macos64_2.0.0.202105311346/tools/bin/../lib/gcc/arm-none-eabi/9.3.1/../../../../arm-none-eabi/lib/thumb/v7-m/nofp/libm.a(lib_a-e_pow.o) (fabs)
[...]
Memory Configuration

Name             Origin             Length             Attributes
RAM              0x0000000020000000 0x0000000000005000 xrw
FLASH            0x0000000008000000 0x0000000000010000 xr
*default*        0x0000000000000000 0xffffffffffffffff

Linker script and memory map

LOAD /Applications/STM32CubeIDE.app/Contents/Eclipse/plugins/com.st.stm32cube.ide.mcu.externaltools.gnu-tools-for-stm32.9-2020-q2-update.macos64_2.0.0.202105311346/tools/bin/../lib/gcc/arm-none-eabi/9.3.1/thumb/v7-m/nofp/crti.o
LOAD /Applications/STM32CubeIDE.app/Contents/Eclipse/plugins/com.st.stm32cube.ide.mcu.externaltools.gnu-tools-for-stm32.9-2020-q2-update.macos64_2.0.0.202105311346/tools/bin/../lib/gcc/arm-none-eabi/9.3.1/thumb/v7-m/nofp/crtbegin.o
LOAD /Applications/STM32CubeIDE.app/Contents/Eclipse/plugins/com.st.stm32cube.ide.mcu.externaltools.gnu-tools-for-stm32.9-2020-q2-update.macos64_2.0.0.202105311346/tools/bin/../lib/gcc/arm-none-eabi/9.3.1/../../../../arm-none-eabi/lib/thumb/v7-m/nofp/crt0.o
LOAD ./Core/Src/debug_led.o
LOAD ./Core/Src/dma.o
LOAD ./Core/Src/gpio.o
LOAD ./Core/Src/init.o
LOAD ./Core/Src/main.o
LOAD ./Core/Src/stm32f1xx_hal_msp.o
LOAD ./Core/Src/stm32f1xx_it.o
LOAD ./Core/Src/syscalls.o
LOAD ./Core/Src/sysmem.o
LOAD ./Core/Src/system_stm32f1xx.o
LOAD ./Core/Src/timer.o
LOAD ./Core/Src/usbd_midi.o
LOAD ./Core/Src/usbd_midi_if.o
LOAD ./Core/Startup/startup_stm32f103c8tx.o
LOAD ./Drivers/STM32F1xx_HAL_Driver/Src/stm32f1xx_hal.o
LOAD ./Drivers/STM32F1xx_HAL_Driver/Src/stm32f1xx_hal_cortex.o
LOAD ./Drivers/STM32F1xx_HAL_Driver/Src/stm32f1xx_hal_dma.o
LOAD ./Drivers/STM32F1xx_HAL_Driver/Src/stm32f1xx_hal_exti.o
LOAD ./Drivers/STM32F1xx_HAL_Driver/Src/stm32f1xx_hal_flash.o
LOAD ./Drivers/STM32F1xx_HAL_Driver/Src/stm32f1xx_hal_flash_ex.o
LOAD ./Drivers/STM32F1xx_HAL_Driver/Src/stm32f1xx_hal_gpio.o
LOAD ./Drivers/STM32F1xx_HAL_Driver/Src/stm32f1xx_hal_gpio_ex.o
LOAD ./Drivers/STM32F1xx_HAL_Driver/Src/stm32f1xx_hal_pcd.o
LOAD ./Drivers/STM32F1xx_HAL_Driver/Src/stm32f1xx_hal_pcd_ex.o
LOAD ./Drivers/STM32F1xx_HAL_Driver/Src/stm32f1xx_hal_pwr.o
LOAD ./Drivers/STM32F1xx_HAL_Driver/Src/stm32f1xx_hal_rcc.o
LOAD ./Drivers/STM32F1xx_HAL_Driver/Src/stm32f1xx_hal_rcc_ex.o
LOAD ./Drivers/STM32F1xx_HAL_Driver/Src/stm32f1xx_hal_tim.o
LOAD ./Drivers/STM32F1xx_HAL_Driver/Src/stm32f1xx_hal_tim_ex.o
LOAD ./Drivers/STM32F1xx_HAL_Driver/Src/stm32f1xx_ll_usb.o
LOAD ./Middlewares/ST/STM32_USB_Device_Library/Class/CDC/Src/usbd_cdc.o
LOAD ./Middlewares/ST/STM32_USB_Device_Library/Core/Src/usbd_core.o
LOAD ./Middlewares/ST/STM32_USB_Device_Library/Core/Src/usbd_ctlreq.o
LOAD ./Middlewares/ST/STM32_USB_Device_Library/Core/Src/usbd_ioreq.o
LOAD ./USB_DEVICE/App/usb_device.o
LOAD ./USB_DEVICE/App/usbd_cdc_if.o
LOAD ./USB_DEVICE/App/usbd_desc.o
LOAD ./USB_DEVICE/Target/usbd_conf.o
START GROUP
LOAD /Applications/STM32CubeIDE.app/Contents/Eclipse/plugins/com.st.stm32cube.ide.mcu.externaltools.gnu-tools-for-stm32.9-2020-q2-update.macos64_2.0.0.202105311346/tools/bin/../lib/gcc/arm-none-eabi/9.3.1/../../../../arm-none-eabi/lib/thumb/v7-m/nofp/libc_nano.a
LOAD /Applications/STM32CubeIDE.app/Contents/Eclipse/plugins/com.st.stm32cube.ide.mcu.externaltools.gnu-tools-for-stm32.9-2020-q2-update.macos64_2.0.0.202105311346/tools/bin/../lib/gcc/arm-none-eabi/9.3.1/../../../../arm-none-eabi/lib/thumb/v7-m/nofp/libm.a
END GROUP
START GROUP
LOAD /Applications/STM32CubeIDE.app/Contents/Eclipse/plugins/com.st.stm32cube.ide.mcu.externaltools.gnu-tools-for-stm32.9-2020-q2-update.macos64_2.0.0.202105311346/tools/bin/../lib/gcc/arm-none-eabi/9.3.1/thumb/v7-m/nofp/libgcc.a
LOAD /Applications/STM32CubeIDE.app/Contents/Eclipse/plugins/com.st.stm32cube.ide.mcu.externaltools.gnu-tools-for-stm32.9-2020-q2-update.macos64_2.0.0.202105311346/tools/bin/../lib/gcc/arm-none-eabi/9.3.1/../../../../arm-none-eabi/lib/thumb/v7-m/nofp/libc_nano.a
END GROUP
START GROUP
LOAD /Applications/STM32CubeIDE.app/Contents/Eclipse/plugins/com.st.stm32cube.ide.mcu.externaltools.gnu-tools-for-stm32.9-2020-q2-update.macos64_2.0.0.202105311346/tools/bin/../lib/gcc/arm-none-eabi/9.3.1/thumb/v7-m/nofp/libgcc.a
LOAD /Applications/STM32CubeIDE.app/Contents/Eclipse/plugins/com.st.stm32cube.ide.mcu.externaltools.gnu-tools-for-stm32.9-2020-q2-update.macos64_2.0.0.202105311346/tools/bin/../lib/gcc/arm-none-eabi/9.3.1/../../../../arm-none-eabi/lib/thumb/v7-m/nofp/libc_nano.a
LOAD /Applications/STM32CubeIDE.app/Contents/Eclipse/plugins/com.st.stm32cube.ide.mcu.externaltools.gnu-tools-for-stm32.9-2020-q2-update.macos64_2.0.0.202105311346/tools/bin/../lib/gcc/arm-none-eabi/9.3.1/../../../../arm-none-eabi/lib/thumb/v7-m/nofp/libnosys.a
END GROUP
START GROUP
LOAD /Applications/STM32CubeIDE.app/Contents/Eclipse/plugins/com.st.stm32cube.ide.mcu.externaltools.gnu-tools-for-stm32.9-2020-q2-update.macos64_2.0.0.202105311346/tools/bin/../lib/gcc/arm-none-eabi/9.3.1/thumb/v7-m/nofp/libgcc.a
LOAD /Applications/STM32CubeIDE.app/Contents/Eclipse/plugins/com.st.stm32cube.ide.mcu.externaltools.gnu-tools-for-stm32.9-2020-q2-update.macos64_2.0.0.202105311346/tools/bin/../lib/gcc/arm-none-eabi/9.3.1/../../../../arm-none-eabi/lib/thumb/v7-m/nofp/libc_nano.a
LOAD /Applications/STM32CubeIDE.app/Contents/Eclipse/plugins/com.st.stm32cube.ide.mcu.externaltools.gnu-tools-for-stm32.9-2020-q2-update.macos64_2.0.0.202105311346/tools/bin/../lib/gcc/arm-none-eabi/9.3.1/../../../../arm-none-eabi/lib/thumb/v7-m/nofp/libnosys.a
END GROUP
LOAD /Applications/STM32CubeIDE.app/Contents/Eclipse/plugins/com.st.stm32cube.ide.mcu.externaltools.gnu-tools-for-stm32.9-2020-q2-update.macos64_2.0.0.202105311346/tools/bin/../lib/gcc/arm-none-eabi/9.3.1/thumb/v7-m/nofp/crtend.o
LOAD /Applications/STM32CubeIDE.app/Contents/Eclipse/plugins/com.st.stm32cube.ide.mcu.externaltools.gnu-tools-for-stm32.9-2020-q2-update.macos64_2.0.0.202105311346/tools/bin/../lib/gcc/arm-none-eabi/9.3.1/thumb/v7-m/nofp/crtn.o
                0x0000000020005000                _estack = (ORIGIN (RAM) + LENGTH (RAM))
                0x0000000000000200                _Min_Heap_Size = 0x200
                0x0000000000000400                _Min_Stack_Size = 0x400

.isr_vector     0x0000000008000000      0x10c
                0x0000000008000000                . = ALIGN (0x4)
 *(.isr_vector)
 .isr_vector    0x0000000008000000      0x10c ./Core/Startup/startup_stm32f103c8tx.o
                0x0000000008000000                g_pfnVectors
                0x000000000800010c                . = ALIGN (0x4)

.text           0x0000000008000110     0x8624
                0x0000000008000110                . = ALIGN (0x4)
 *(.text)
 .text          0x0000000008000110       0x40 /Applications/STM32CubeIDE.app/Contents/Eclipse/plugins/com.st.stm32cube.ide.mcu.externaltools.gnu-tools-for-stm32.9-2020-q2-update.macos64_2.0.0.202105311346/tools/bin/../lib/gcc/arm-none-eabi/9.3.1/thumb/v7-m/nofp/crtbegin.o
 .text          0x0000000008000150      0x378 /Applications/STM32CubeIDE.app/Contents/Eclipse/plugins/com.st.stm32cube.ide.mcu.externaltools.gnu-tools-for-stm32.9-2020-q2-update.macos64_2.0.0.202105311346/tools/bin/../lib/gcc/arm-none-eabi/9.3.1/thumb/v7-m/nofp/libgcc.a(_arm_addsubdf3.o)
                0x0000000008000150                __aeabi_drsub
                0x0000000008000158                __subdf3
                0x0000000008000158                __aeabi_dsub
                0x000000000800015c                __aeabi_dadd
                0x000000000800015c                __adddf3
                0x00000000080003d4                __aeabi_ui2d
                0x00000000080003d4                __floatunsidf
                0x00000000080003f4                __floatsidf
                0x00000000080003f4                __aeabi_i2d
                0x0000000008000418                __extendsfdf2
                0x0000000008000418                __aeabi_f2d
                0x000000000800045c                __aeabi_ul2d
                0x000000000800045c                __floatundidf
                0x000000000800046c                __aeabi_l2d
                0x000000000800046c                __floatdidf
 .text          0x00000000080004c8      0x424 /Applications/STM32CubeIDE.app/Contents/Eclipse/plugins/com.st.stm32cube.ide.mcu.externaltools.gnu-tools-for-stm32.9-2020-q2-update.macos64_2.0.0.202105311346/tools/bin/../lib/gcc/arm-none-eabi/9.3.1/thumb/v7-m/nofp/libgcc.a(_arm_muldivdf3.o)
                0x00000000080004c8                __aeabi_dmul
                0x00000000080004c8                __muldf3
                0x000000000800071c                __aeabi_ddiv
                0x000000000800071c                __divdf3
 .text          0x00000000080008ec      0x110 /Applications/STM32CubeIDE.app/Contents/Eclipse/plugins/com.st.stm32cube.ide.mcu.externaltools.gnu-tools-for-stm32.9-2020-q2-update.macos64_2.0.0.202105311346/tools/bin/../lib/gcc/arm-none-eabi/9.3.1/thumb/v7-m/nofp/libgcc.a(_arm_cmpdf2.o)
                0x00000000080008ec                __gedf2
                0x00000000080008ec                __gtdf2
                0x00000000080008f4                __ledf2
                0x00000000080008f4                __ltdf2
                0x00000000080008fc                __cmpdf2
                0x00000000080008fc                __eqdf2
                0x00000000080008fc                __nedf2
                0x0000000008000978                __aeabi_cdrcmple
                0x0000000008000988                __aeabi_cdcmple
                0x0000000008000988                __aeabi_cdcmpeq
                0x0000000008000998                __aeabi_dcmpeq
                0x00000000080009ac                __aeabi_dcmplt
                0x00000000080009c0                __aeabi_dcmple
                0x00000000080009d4                __aeabi_dcmpge
                0x00000000080009e8                __aeabi_dcmpgt
 .text          0x00000000080009fc       0x2c /Applications/STM32CubeIDE.app/Contents/Eclipse/plugins/com.st.stm32cube.ide.mcu.externaltools.gnu-tools-for-stm32.9-2020-q2-update.macos64_2.0.0.202105311346/tools/bin/../lib/gcc/arm-none-eabi/9.3.1/thumb/v7-m/nofp/libgcc.a(_arm_unorddf2.o)
                0x00000000080009fc                __aeabi_dcmpun
                0x00000000080009fc                __unorddf2
 .text          0x0000000008000a28       0xa0 /Applications/STM32CubeIDE.app/Contents/Eclipse/plugins/com.st.stm32cube.ide.mcu.externaltools.gnu-tools-for-stm32.9-2020-q2-update.macos64_2.0.0.202105311346/tools/bin/../lib/gcc/arm-none-eabi/9.3.1/thumb/v7-m/nofp/libgcc.a(_arm_truncdfsf2.o)
                0x0000000008000a28                __aeabi_d2f
                0x0000000008000a28                __truncdfsf2
 .text          0x0000000008000ac8       0x40 /Applications/STM32CubeIDE.app/Contents/Eclipse/plugins/com.st.stm32cube.ide.mcu.externaltools.gnu-tools-for-stm32.9-2020-q2-update.macos64_2.0.0.202105311346/tools/bin/../lib/gcc/arm-none-eabi/9.3.1/thumb/v7-m/nofp/libgcc.a(_arm_fixunssfsi.o)
                0x0000000008000ac8                __aeabi_f2uiz
                0x0000000008000ac8                __fixunssfsi
 *(.text*)
 .text.TurnLedOn
                0x0000000008000b08       0x14 ./Core/Src/debug_led.o
                0x0000000008000b08                TurnLedOn
 .text.TurnLedOff
                0x0000000008000b1c       0x14 ./Core/Src/debug_led.o
                0x0000000008000b1c                TurnLedOff
 .text.DMA1_Channel3_IRQHandler
                0x0000000008000b30       0x58 ./Core/Src/dma.o
                0x0000000008000b30                DMA1_Channel3_IRQHandler
 .text.InitDma  0x0000000008000b88       0x58 ./Core/Src/dma.o
                0x0000000008000b88                InitDma
 .text.SetGpioMode
                0x0000000008000be0       0x66 ./Core/Src/gpio.o
                0x0000000008000be0                SetGpioMode
 .text.SetPin   0x0000000008000c46       0x22 ./Core/Src/gpio.o
                0x0000000008000c46                SetPin
 .text.ResetPin
                0x0000000008000c68       0x24 ./Core/Src/gpio.o
                0x0000000008000c68                ResetPin
 .text.__NVIC_EnableIRQ
                0x0000000008000c8c       0x38 ./Core/Src/init.o
 .text.InitRcc  0x0000000008000cc4       0x70 ./Core/Src/init.o
                0x0000000008000cc4                InitRcc
 .text.InitInterrupt
                0x0000000008000d34        0xe ./Core/Src/init.o
                0x0000000008000d34                InitInterrupt
 *fill*         0x0000000008000d42        0x2 
 .text.InitGpio
                0x0000000008000d44       0x7c ./Core/Src/init.o
                0x0000000008000d44                InitGpio
 .text.main     0x0000000008000dc0      0x13c ./Core/Src/main.o
                0x0000000008000dc0                main
 .text.SystemClock_Config
                0x0000000008000efc       0xb4 ./Core/Src/main.o
                0x0000000008000efc                SystemClock_Config
 .text.Error_Handler
                0x0000000008000fb0        0xa ./Core/Src/main.o
                0x0000000008000fb0                Error_Handler
 *fill*         0x0000000008000fba        0x2 
 .text.HAL_MspInit
                0x0000000008000fbc       0x64 ./Core/Src/stm32f1xx_hal_msp.o
                0x0000000008000fbc                HAL_MspInit
 .text.NMI_Handler
                0x0000000008001020        0x6 ./Core/Src/stm32f1xx_it.o
                0x0000000008001020                NMI_Handler
 .text.HardFault_Handler
                0x0000000008001026        0x6 ./Core/Src/stm32f1xx_it.o
                0x0000000008001026                HardFault_Handler
 .text.MemManage_Handler
                0x000000000800102c        0x6 ./Core/Src/stm32f1xx_it.o
                0x000000000800102c                MemManage_Handler
 .text.BusFault_Handler
                0x0000000008001032        0x6 ./Core/Src/stm32f1xx_it.o
                0x0000000008001032                BusFault_Handler
 .text.UsageFault_Handler
                0x0000000008001038        0x6 ./Core/Src/stm32f1xx_it.o
                0x0000000008001038                UsageFault_Handler
 .text.SVC_Handler
                0x000000000800103e        0xc ./Core/Src/stm32f1xx_it.o
                0x000000000800103e                SVC_Handler
 .text.DebugMon_Handler
                0x000000000800104a        0xc ./Core/Src/stm32f1xx_it.o
                0x000000000800104a                DebugMon_Handler
 .text.PendSV_Handler
                0x0000000008001056        0xc ./Core/Src/stm32f1xx_it.o
                0x0000000008001056                PendSV_Handler
 *fill*         0x0000000008001062        0x2 
 .text.USB_LP_CAN1_RX0_IRQHandler
                0x0000000008001064       0x14 ./Core/Src/stm32f1xx_it.o
                0x0000000008001064                USB_LP_CAN1_RX0_IRQHandler
 .text.SystemInit
                0x0000000008001078        0xc ./Core/Src/system_stm32f1xx.o
                0x0000000008001078                SystemInit
 .text.SysTick_Handler
                0x0000000008001084       0x1c ./Core/Src/timer.o
                0x0000000008001084                SysTick_Handler
 .text.InitSysTick
                0x00000000080010a0       0x24 ./Core/Src/timer.o
                0x00000000080010a0                InitSysTick
 .text.InitTim2
                0x00000000080010c4       0x70 ./Core/Src/timer.o
                0x00000000080010c4                InitTim2
 .text.InitTim3
                0x0000000008001134       0x64 ./Core/Src/timer.o
                0x0000000008001134                InitTim3
 .text.delay_ms
                0x0000000008001198       0x6c ./Core/Src/timer.o
                0x0000000008001198                delay_ms
 .text.USBD_MIDI_Init
                0x0000000008001204       0x48 ./Core/Src/usbd_midi.o
 .text.USBD_MIDI_DeInit
                0x000000000800124c       0x30 ./Core/Src/usbd_midi.o
 .text.USBD_MIDI_DataIn
                0x000000000800127c       0x4c ./Core/Src/usbd_midi.o
 .text.USBD_MIDI_DataOut
                0x00000000080012c8       0x5c ./Core/Src/usbd_midi.o
 .text.USBD_MIDI_GetCfgDesc
                0x0000000008001324       0x20 ./Core/Src/usbd_midi.o
 .text.USBD_MIDI_RegisterInterface
                0x0000000008001344       0x2c ./Core/Src/usbd_midi.o
                0x0000000008001344                USBD_MIDI_RegisterInterface
 .text.MIDI_DataRx
                0x0000000008001370       0xfc ./Core/Src/usbd_midi_if.o
 .text.Reset_Handler
                0x000000000800146c       0x48 ./Core/Startup/startup_stm32f103c8tx.o
                0x000000000800146c                Reset_Handler
 .text.Default_Handler
                0x00000000080014b4        0x2 ./Core/Startup/startup_stm32f103c8tx.o
                0x00000000080014b4                USBWakeUp_IRQHandler
                0x00000000080014b4                EXTI2_IRQHandler
                0x00000000080014b4                TIM1_CC_IRQHandler
                0x00000000080014b4                PVD_IRQHandler
                0x00000000080014b4                EXTI3_IRQHandler
                0x00000000080014b4                EXTI0_IRQHandler
                0x00000000080014b4                I2C2_EV_IRQHandler
                0x00000000080014b4                ADC1_2_IRQHandler
                0x00000000080014b4                SPI1_IRQHandler
                0x00000000080014b4                TAMPER_IRQHandler
                0x00000000080014b4                DMA1_Channel4_IRQHandler
                0x00000000080014b4                USART3_IRQHandler
                0x00000000080014b4                RTC_IRQHandler
                0x00000000080014b4                DMA1_Channel7_IRQHandler
                0x00000000080014b4                CAN1_RX1_IRQHandler
                0x00000000080014b4                TIM4_IRQHandler
                0x00000000080014b4                I2C1_EV_IRQHandler
                0x00000000080014b4                DMA1_Channel6_IRQHandler
                0x00000000080014b4                TIM3_IRQHandler
                0x00000000080014b4                RCC_IRQHandler
                0x00000000080014b4                TIM1_TRG_COM_IRQHandler
                0x00000000080014b4                DMA1_Channel1_IRQHandler
                0x00000000080014b4                Default_Handler
                0x00000000080014b4                EXTI15_10_IRQHandler
                0x00000000080014b4                EXTI9_5_IRQHandler
                0x00000000080014b4                SPI2_IRQHandler
                0x00000000080014b4                DMA1_Channel5_IRQHandler
                0x00000000080014b4                EXTI4_IRQHandler
                0x00000000080014b4                USB_HP_CAN1_TX_IRQHandler
                0x00000000080014b4                TIM1_UP_IRQHandler
                0x00000000080014b4                WWDG_IRQHandler
                0x00000000080014b4                TIM2_IRQHandler
                0x00000000080014b4                TIM1_BRK_IRQHandler
                0x00000000080014b4                EXTI1_IRQHandler
                0x00000000080014b4                USART2_IRQHandler
                0x00000000080014b4                I2C2_ER_IRQHandler
                0x00000000080014b4                DMA1_Channel2_IRQHandler
                0x00000000080014b4                CAN1_SCE_IRQHandler
                0x00000000080014b4                FLASH_IRQHandler
                0x00000000080014b4                USART1_IRQHandler
                0x00000000080014b4                I2C1_ER_IRQHandler
                0x00000000080014b4                RTC_Alarm_IRQHandler
 *fill*         0x00000000080014b6        0x2 
 .text.HAL_Init
                0x00000000080014b8       0x2c ./Drivers/STM32F1xx_HAL_Driver/Src/stm32f1xx_hal.o
                0x00000000080014b8                HAL_Init
 .text.HAL_InitTick
                0x00000000080014e4       0x60 ./Drivers/STM32F1xx_HAL_Driver/Src/stm32f1xx_hal.o
                0x00000000080014e4                HAL_InitTick
 .text.HAL_GetTick
                0x0000000008001544       0x14 ./Drivers/STM32F1xx_HAL_Driver/Src/stm32f1xx_hal.o
                0x0000000008001544                HAL_GetTick
 .text.__NVIC_SetPriorityGrouping
                0x0000000008001558       0x48 ./Drivers/STM32F1xx_HAL_Driver/Src/stm32f1xx_hal_cortex.o
 .text.__NVIC_GetPriorityGrouping
                0x00000000080015a0       0x1c ./Drivers/STM32F1xx_HAL_Driver/Src/stm32f1xx_hal_cortex.o
 .text.__NVIC_EnableIRQ
                0x00000000080015bc       0x38 ./Drivers/STM32F1xx_HAL_Driver/Src/stm32f1xx_hal_cortex.o
 .text.__NVIC_SetPriority
                0x00000000080015f4       0x54 ./Drivers/STM32F1xx_HAL_Driver/Src/stm32f1xx_hal_cortex.o
 .text.NVIC_EncodePriority
                0x0000000008001648       0x64 ./Drivers/STM32F1xx_HAL_Driver/Src/stm32f1xx_hal_cortex.o
 .text.SysTick_Config
                0x00000000080016ac       0x44 ./Drivers/STM32F1xx_HAL_Driver/Src/stm32f1xx_hal_cortex.o
 .text.HAL_NVIC_SetPriorityGrouping
                0x00000000080016f0       0x16 ./Drivers/STM32F1xx_HAL_Driver/Src/stm32f1xx_hal_cortex.o
                0x00000000080016f0                HAL_NVIC_SetPriorityGrouping
 .text.HAL_NVIC_SetPriority
                0x0000000008001706       0x38 ./Drivers/STM32F1xx_HAL_Driver/Src/stm32f1xx_hal_cortex.o
                0x0000000008001706                HAL_NVIC_SetPriority
 .text.HAL_NVIC_EnableIRQ
                0x000000000800173e       0x1c ./Drivers/STM32F1xx_HAL_Driver/Src/stm32f1xx_hal_cortex.o
                0x000000000800173e                HAL_NVIC_EnableIRQ
 .text.HAL_SYSTICK_Config
                0x000000000800175a       0x18 ./Drivers/STM32F1xx_HAL_Driver/Src/stm32f1xx_hal_cortex.o
                0x000000000800175a                HAL_SYSTICK_Config
 .text.HAL_PCD_Init
                0x0000000008001772      0x216 ./Drivers/STM32F1xx_HAL_Driver/Src/stm32f1xx_hal_pcd.o
                0x0000000008001772                HAL_PCD_Init
 .text.HAL_PCD_Start
                0x0000000008001988       0x4c ./Drivers/STM32F1xx_HAL_Driver/Src/stm32f1xx_hal_pcd.o
                0x0000000008001988                HAL_PCD_Start
 .text.HAL_PCD_IRQHandler
                0x00000000080019d4      0x2aa ./Drivers/STM32F1xx_HAL_Driver/Src/stm32f1xx_hal_pcd.o
                0x00000000080019d4                HAL_PCD_IRQHandler
 .text.HAL_PCD_SetAddress
                0x0000000008001c7e       0x4a ./Drivers/STM32F1xx_HAL_Driver/Src/stm32f1xx_hal_pcd.o
                0x0000000008001c7e                HAL_PCD_SetAddress
 .text.HAL_PCD_EP_Open
                0x0000000008001cc8       0xcc ./Drivers/STM32F1xx_HAL_Driver/Src/stm32f1xx_hal_pcd.o
                0x0000000008001cc8                HAL_PCD_EP_Open
 .text.HAL_PCD_EP_Close
                0x0000000008001d94       0x90 ./Drivers/STM32F1xx_HAL_Driver/Src/stm32f1xx_hal_pcd.o
                0x0000000008001d94                HAL_PCD_EP_Close
 .text.HAL_PCD_EP_Receive
                0x0000000008001e24       0x7a ./Drivers/STM32F1xx_HAL_Driver/Src/stm32f1xx_hal_pcd.o
                0x0000000008001e24                HAL_PCD_EP_Receive
 .text.HAL_PCD_EP_Transmit
                0x0000000008001e9e       0x86 ./Drivers/STM32F1xx_HAL_Driver/Src/stm32f1xx_hal_pcd.o
                0x0000000008001e9e                HAL_PCD_EP_Transmit
 .text.HAL_PCD_EP_SetStall
                0x0000000008001f24       0xc0 ./Drivers/STM32F1xx_HAL_Driver/Src/stm32f1xx_hal_pcd.o
                0x0000000008001f24                HAL_PCD_EP_SetStall
 .text.HAL_PCD_EP_ClrStall
                0x0000000008001fe4       0xa8 ./Drivers/STM32F1xx_HAL_Driver/Src/stm32f1xx_hal_pcd.o
                0x0000000008001fe4                HAL_PCD_EP_ClrStall
 .text.PCD_EP_ISR_Handler
                0x000000000800208c      0x600 ./Drivers/STM32F1xx_HAL_Driver/Src/stm32f1xx_hal_pcd.o
 .text.HAL_PCD_EP_DB_Receive
                0x000000000800268c      0x21a ./Drivers/STM32F1xx_HAL_Driver/Src/stm32f1xx_hal_pcd.o
 .text.HAL_PCD_EP_DB_Transmit
                0x00000000080028a6      0x7a4 ./Drivers/STM32F1xx_HAL_Driver/Src/stm32f1xx_hal_pcd.o
 .text.HAL_PCDEx_PMAConfig
                0x000000000800304a       0x84 ./Drivers/STM32F1xx_HAL_Driver/Src/stm32f1xx_hal_pcd_ex.o
                0x000000000800304a                HAL_PCDEx_PMAConfig
 *fill*         0x00000000080030ce        0x2 
 .text.HAL_RCC_OscConfig
                0x00000000080030d0      0x500 ./Drivers/STM32F1xx_HAL_Driver/Src/stm32f1xx_hal_rcc.o
                0x00000000080030d0                HAL_RCC_OscConfig
 .text.HAL_RCC_ClockConfig
                0x00000000080035d0      0x1d4 ./Drivers/STM32F1xx_HAL_Driver/Src/stm32f1xx_hal_rcc.o
                0x00000000080035d0                HAL_RCC_ClockConfig
 .text.HAL_RCC_GetSysClockFreq
                0x00000000080037a4       0xc0 ./Drivers/STM32F1xx_HAL_Driver/Src/stm32f1xx_hal_rcc.o
                0x00000000080037a4                HAL_RCC_GetSysClockFreq
 .text.RCC_Delay
                0x0000000008003864       0x3c ./Drivers/STM32F1xx_HAL_Driver/Src/stm32f1xx_hal_rcc.o
 .text.HAL_RCCEx_PeriphCLKConfig
                0x00000000080038a0      0x16c ./Drivers/STM32F1xx_HAL_Driver/Src/stm32f1xx_hal_rcc_ex.o
                0x00000000080038a0                HAL_RCCEx_PeriphCLKConfig
 .text.USB_CoreInit
                0x0000000008003a0c       0x20 ./Drivers/STM32F1xx_HAL_Driver/Src/stm32f1xx_ll_usb.o
                0x0000000008003a0c                USB_CoreInit
 .text.USB_EnableGlobalInt
                0x0000000008003a2c       0x2c ./Drivers/STM32F1xx_HAL_Driver/Src/stm32f1xx_ll_usb.o
                0x0000000008003a2c                USB_EnableGlobalInt
 .text.USB_DisableGlobalInt
                0x0000000008003a58       0x34 ./Drivers/STM32F1xx_HAL_Driver/Src/stm32f1xx_ll_usb.o
                0x0000000008003a58                USB_DisableGlobalInt
 .text.USB_SetCurrentMode
                0x0000000008003a8c       0x18 ./Drivers/STM32F1xx_HAL_Driver/Src/stm32f1xx_ll_usb.o
                0x0000000008003a8c                USB_SetCurrentMode
 .text.USB_DevInit
                0x0000000008003aa4       0x40 ./Drivers/STM32F1xx_HAL_Driver/Src/stm32f1xx_ll_usb.o
                0x0000000008003aa4                USB_DevInit
 .text.USB_ActivateEndpoint
                0x0000000008003ae4      0x6d4 ./Drivers/STM32F1xx_HAL_Driver/Src/stm32f1xx_ll_usb.o
                0x0000000008003ae4                USB_ActivateEndpoint
 .text.USB_DeactivateEndpoint
                0x00000000080041b8      0x3d8 ./Drivers/STM32F1xx_HAL_Driver/Src/stm32f1xx_ll_usb.o
                0x00000000080041b8                USB_DeactivateEndpoint
 .text.USB_EPStartXfer
                0x0000000008004590     0x15ee ./Drivers/STM32F1xx_HAL_Driver/Src/stm32f1xx_ll_usb.o
                0x0000000008004590                USB_EPStartXfer
 .text.USB_EPSetStall
                0x0000000008005b7e       0xa0 ./Drivers/STM32F1xx_HAL_Driver/Src/stm32f1xx_ll_usb.o
                0x0000000008005b7e                USB_EPSetStall
 .text.USB_EPClearStall
                0x0000000008005c1e      0x15a ./Drivers/STM32F1xx_HAL_Driver/Src/stm32f1xx_ll_usb.o
                0x0000000008005c1e                USB_EPClearStall
 .text.USB_SetDevAddress
                0x0000000008005d78       0x26 ./Drivers/STM32F1xx_HAL_Driver/Src/stm32f1xx_ll_usb.o
                0x0000000008005d78                USB_SetDevAddress
 .text.USB_DevConnect
                0x0000000008005d9e       0x14 ./Drivers/STM32F1xx_HAL_Driver/Src/stm32f1xx_ll_usb.o
                0x0000000008005d9e                USB_DevConnect
 .text.USB_DevDisconnect
                0x0000000008005db2       0x14 ./Drivers/STM32F1xx_HAL_Driver/Src/stm32f1xx_ll_usb.o
                0x0000000008005db2                USB_DevDisconnect
 .text.USB_ReadInterrupts
                0x0000000008005dc6       0x1e ./Drivers/STM32F1xx_HAL_Driver/Src/stm32f1xx_ll_usb.o
                0x0000000008005dc6                USB_ReadInterrupts
 .text.USB_EP0_OutStart
                0x0000000008005de4       0x16 ./Drivers/STM32F1xx_HAL_Driver/Src/stm32f1xx_ll_usb.o
                0x0000000008005de4                USB_EP0_OutStart
 .text.USB_WritePMA
                0x0000000008005dfa       0x8a ./Drivers/STM32F1xx_HAL_Driver/Src/stm32f1xx_ll_usb.o
                0x0000000008005dfa                USB_WritePMA
 .text.USB_ReadPMA
                0x0000000008005e84       0x9e ./Drivers/STM32F1xx_HAL_Driver/Src/stm32f1xx_ll_usb.o
                0x0000000008005e84                USB_ReadPMA
 .text.USBD_Init
                0x0000000008005f22       0x56 ./Middlewares/ST/STM32_USB_Device_Library/Core/Src/usbd_core.o
                0x0000000008005f22                USBD_Init
 .text.USBD_RegisterClass
                0x0000000008005f78       0x32 ./Middlewares/ST/STM32_USB_Device_Library/Core/Src/usbd_core.o
                0x0000000008005f78                USBD_RegisterClass
 .text.USBD_Start
                0x0000000008005faa       0x18 ./Middlewares/ST/STM32_USB_Device_Library/Core/Src/usbd_core.o
                0x0000000008005faa                USBD_Start
 .text.USBD_RunTestMode
                0x0000000008005fc2       0x14 ./Middlewares/ST/STM32_USB_Device_Library/Core/Src/usbd_core.o
                0x0000000008005fc2                USBD_RunTestMode
 .text.USBD_SetClassConfig
                0x0000000008005fd6       0x3e ./Middlewares/ST/STM32_USB_Device_Library/Core/Src/usbd_core.o
                0x0000000008005fd6                USBD_SetClassConfig
 .text.USBD_ClrClassConfig
                0x0000000008006014       0x26 ./Middlewares/ST/STM32_USB_Device_Library/Core/Src/usbd_core.o
                0x0000000008006014                USBD_ClrClassConfig
 .text.USBD_LL_SetupStage
                0x000000000800603a       0x9a ./Middlewares/ST/STM32_USB_Device_Library/Core/Src/usbd_core.o
                0x000000000800603a                USBD_LL_SetupStage
 .text.USBD_LL_DataOutStage
                0x00000000080060d4       0xe2 ./Middlewares/ST/STM32_USB_Device_Library/Core/Src/usbd_core.o
                0x00000000080060d4                USBD_LL_DataOutStage
 .text.USBD_LL_DataInStage
                0x00000000080061b6      0x14a ./Middlewares/ST/STM32_USB_Device_Library/Core/Src/usbd_core.o
                0x00000000080061b6                USBD_LL_DataInStage
 .text.USBD_LL_Reset
                0x0000000008006300       0x82 ./Middlewares/ST/STM32_USB_Device_Library/Core/Src/usbd_core.o
                0x0000000008006300                USBD_LL_Reset
 .text.USBD_LL_SetSpeed
                0x0000000008006382       0x1e ./Middlewares/ST/STM32_USB_Device_Library/Core/Src/usbd_core.o
                0x0000000008006382                USBD_LL_SetSpeed
 .text.USBD_LL_Suspend
                0x00000000080063a0       0x28 ./Middlewares/ST/STM32_USB_Device_Library/Core/Src/usbd_core.o
                0x00000000080063a0                USBD_LL_Suspend
 .text.USBD_LL_Resume
                0x00000000080063c8       0x2a ./Middlewares/ST/STM32_USB_Device_Library/Core/Src/usbd_core.o
                0x00000000080063c8                USBD_LL_Resume
 .text.USBD_LL_SOF
                0x00000000080063f2       0x34 ./Middlewares/ST/STM32_USB_Device_Library/Core/Src/usbd_core.o
                0x00000000080063f2                USBD_LL_SOF
 *fill*         0x0000000008006426        0x2 
 .text.USBD_StdDevReq
                0x0000000008006428       0xd4 ./Middlewares/ST/STM32_USB_Device_Library/Core/Src/usbd_ctlreq.o
                0x0000000008006428                USBD_StdDevReq
 .text.USBD_StdItfReq
                0x00000000080064fc       0x90 ./Middlewares/ST/STM32_USB_Device_Library/Core/Src/usbd_ctlreq.o
                0x00000000080064fc                USBD_StdItfReq
 .text.USBD_StdEPReq
                0x000000000800658c      0x2c6 ./Middlewares/ST/STM32_USB_Device_Library/Core/Src/usbd_ctlreq.o
                0x000000000800658c                USBD_StdEPReq
 *fill*         0x0000000008006852        0x2 
 .text.USBD_GetDescriptor
                0x0000000008006854      0x2d0 ./Middlewares/ST/STM32_USB_Device_Library/Core/Src/usbd_ctlreq.o
 .text.USBD_SetAddress
                0x0000000008006b24       0x86 ./Middlewares/ST/STM32_USB_Device_Library/Core/Src/usbd_ctlreq.o
 *fill*         0x0000000008006baa        0x2 
 .text.USBD_SetConfig
                0x0000000008006bac      0x11c ./Middlewares/ST/STM32_USB_Device_Library/Core/Src/usbd_ctlreq.o
 .text.USBD_GetConfig
                0x0000000008006cc8       0x6a ./Middlewares/ST/STM32_USB_Device_Library/Core/Src/usbd_ctlreq.o
 .text.USBD_GetStatus
                0x0000000008006d32       0x66 ./Middlewares/ST/STM32_USB_Device_Library/Core/Src/usbd_ctlreq.o
 .text.USBD_SetFeature
                0x0000000008006d98       0x28 ./Middlewares/ST/STM32_USB_Device_Library/Core/Src/usbd_ctlreq.o
 .text.USBD_ClrFeature
                0x0000000008006dc0       0x42 ./Middlewares/ST/STM32_USB_Device_Library/Core/Src/usbd_ctlreq.o
 .text.USBD_ParseSetupRequest
                0x0000000008006e02       0x78 ./Middlewares/ST/STM32_USB_Device_Library/Core/Src/usbd_ctlreq.o
                0x0000000008006e02                USBD_ParseSetupRequest
 .text.USBD_CtlError
                0x0000000008006e7a       0x22 ./Middlewares/ST/STM32_USB_Device_Library/Core/Src/usbd_ctlreq.o
                0x0000000008006e7a                USBD_CtlError
 .text.USBD_GetString
                0x0000000008006e9c       0x84 ./Middlewares/ST/STM32_USB_Device_Library/Core/Src/usbd_ctlreq.o
                0x0000000008006e9c                USBD_GetString
 .text.USBD_GetLen
                0x0000000008006f20       0x2e ./Middlewares/ST/STM32_USB_Device_Library/Core/Src/usbd_ctlreq.o
 .text.USBD_CtlSendData
                0x0000000008006f4e       0x38 ./Middlewares/ST/STM32_USB_Device_Library/Core/Src/usbd_ioreq.o
                0x0000000008006f4e                USBD_CtlSendData
 .text.USBD_CtlContinueSendData
                0x0000000008006f86       0x24 ./Middlewares/ST/STM32_USB_Device_Library/Core/Src/usbd_ioreq.o
                0x0000000008006f86                USBD_CtlContinueSendData
 .text.USBD_CtlContinueRx
                0x0000000008006faa       0x24 ./Middlewares/ST/STM32_USB_Device_Library/Core/Src/usbd_ioreq.o
                0x0000000008006faa                USBD_CtlContinueRx
 .text.USBD_CtlSendStatus
                0x0000000008006fce       0x26 ./Middlewares/ST/STM32_USB_Device_Library/Core/Src/usbd_ioreq.o
                0x0000000008006fce                USBD_CtlSendStatus
 .text.USBD_CtlReceiveStatus
                0x0000000008006ff4       0x26 ./Middlewares/ST/STM32_USB_Device_Library/Core/Src/usbd_ioreq.o
                0x0000000008006ff4                USBD_CtlReceiveStatus
 *fill*         0x000000000800701a        0x2 
 .text.MX_USB_DEVICE_Init
                0x000000000800701c       0x60 ./USB_DEVICE/App/usb_device.o
                0x000000000800701c                MX_USB_DEVICE_Init
 .text.USBD_FS_DeviceDescriptor
                0x000000000800707c       0x24 ./USB_DEVICE/App/usbd_desc.o
                0x000000000800707c                USBD_FS_DeviceDescriptor
 .text.USBD_FS_LangIDStrDescriptor
                0x00000000080070a0       0x24 ./USB_DEVICE/App/usbd_desc.o
                0x00000000080070a0                USBD_FS_LangIDStrDescriptor
 .text.USBD_FS_ProductStrDescriptor
                0x00000000080070c4       0x3c ./USB_DEVICE/App/usbd_desc.o
                0x00000000080070c4                USBD_FS_ProductStrDescriptor
 .text.USBD_FS_ManufacturerStrDescriptor
                0x0000000008007100       0x28 ./USB_DEVICE/App/usbd_desc.o
                0x0000000008007100                USBD_FS_ManufacturerStrDescriptor
 .text.USBD_FS_SerialStrDescriptor
                0x0000000008007128       0x24 ./USB_DEVICE/App/usbd_desc.o
                0x0000000008007128                USBD_FS_SerialStrDescriptor
 .text.USBD_FS_ConfigStrDescriptor
                0x000000000800714c       0x3c ./USB_DEVICE/App/usbd_desc.o
                0x000000000800714c                USBD_FS_ConfigStrDescriptor
 .text.USBD_FS_InterfaceStrDescriptor
                0x0000000008007188       0x3c ./USB_DEVICE/App/usbd_desc.o
                0x0000000008007188                USBD_FS_InterfaceStrDescriptor
 .text.Get_SerialNum
                0x00000000080071c4       0x58 ./USB_DEVICE/App/usbd_desc.o
 .text.IntToUnicode
                0x000000000800721c       0x7c ./USB_DEVICE/App/usbd_desc.o
 .text.HAL_PCD_MspInit
                0x0000000008007298       0x4c ./USB_DEVICE/Target/usbd_conf.o
                0x0000000008007298                HAL_PCD_MspInit
 .text.HAL_PCD_SetupStageCallback
                0x00000000080072e4       0x24 ./USB_DEVICE/Target/usbd_conf.o
                0x00000000080072e4                HAL_PCD_SetupStageCallback
 .text.HAL_PCD_DataOutStageCallback
                0x0000000008007308       0x36 ./USB_DEVICE/Target/usbd_conf.o
                0x0000000008007308                HAL_PCD_DataOutStageCallback
 .text.HAL_PCD_DataInStageCallback
                0x000000000800733e       0x34 ./USB_DEVICE/Target/usbd_conf.o
                0x000000000800733e                HAL_PCD_DataInStageCallback
 .text.HAL_PCD_SOFCallback
                0x0000000008007372       0x1c ./USB_DEVICE/Target/usbd_conf.o
                0x0000000008007372                HAL_PCD_SOFCallback
 .text.HAL_PCD_ResetCallback
                0x000000000800738e       0x3c ./USB_DEVICE/Target/usbd_conf.o
                0x000000000800738e                HAL_PCD_ResetCallback
 *fill*         0x00000000080073ca        0x2 
 .text.HAL_PCD_SuspendCallback
                0x00000000080073cc       0x34 ./USB_DEVICE/Target/usbd_conf.o
                0x00000000080073cc                HAL_PCD_SuspendCallback
 .text.HAL_PCD_ResumeCallback
                0x0000000008007400       0x1c ./USB_DEVICE/Target/usbd_conf.o
                0x0000000008007400                HAL_PCD_ResumeCallback
 .text.USBD_LL_Init
                0x000000000800741c       0xb4 ./USB_DEVICE/Target/usbd_conf.o
                0x000000000800741c                USBD_LL_Init
 .text.USBD_LL_Start
                0x00000000080074d0       0x36 ./USB_DEVICE/Target/usbd_conf.o
                0x00000000080074d0                USBD_LL_Start
 .text.USBD_LL_OpenEP
                0x0000000008007506       0x4c ./USB_DEVICE/Target/usbd_conf.o
                0x0000000008007506                USBD_LL_OpenEP
 .text.USBD_LL_CloseEP
                0x0000000008007552       0x3e ./USB_DEVICE/Target/usbd_conf.o
                0x0000000008007552                USBD_LL_CloseEP
 .text.USBD_LL_StallEP
                0x0000000008007590       0x3e ./USB_DEVICE/Target/usbd_conf.o
                0x0000000008007590                USBD_LL_StallEP
 .text.USBD_LL_ClearStallEP
                0x00000000080075ce       0x3e ./USB_DEVICE/Target/usbd_conf.o
                0x00000000080075ce                USBD_LL_ClearStallEP
 .text.USBD_LL_IsStallEP
                0x000000000800760c       0x58 ./USB_DEVICE/Target/usbd_conf.o
                0x000000000800760c                USBD_LL_IsStallEP
 .text.USBD_LL_SetUSBAddress
                0x0000000008007664       0x3e ./USB_DEVICE/Target/usbd_conf.o
                0x0000000008007664                USBD_LL_SetUSBAddress
 .text.USBD_LL_Transmit
                0x00000000080076a2       0x46 ./USB_DEVICE/Target/usbd_conf.o
                0x00000000080076a2                USBD_LL_Transmit
 .text.USBD_LL_PrepareReceive
                0x00000000080076e8       0x46 ./USB_DEVICE/Target/usbd_conf.o
                0x00000000080076e8                USBD_LL_PrepareReceive
 .text.HAL_PCDEx_SetConnectionState
                0x000000000800772e       0x16 ./USB_DEVICE/Target/usbd_conf.o
                0x000000000800772e                HAL_PCDEx_SetConnectionState
 .text.USBD_Get_USB_Status
                0x0000000008007744       0x58 ./USB_DEVICE/Target/usbd_conf.o
 .text.__errno  0x000000000800779c        0xc /Applications/STM32CubeIDE.app/Contents/Eclipse/plugins/com.st.stm32cube.ide.mcu.externaltools.gnu-tools-for-stm32.9-2020-q2-update.macos64_2.0.0.202105311346/tools/bin/../lib/gcc/arm-none-eabi/9.3.1/../../../../arm-none-eabi/lib/thumb/v7-m/nofp/libc_nano.a(lib_a-errno.o)
                0x000000000800779c                __errno
 .text.__libc_init_array
                0x00000000080077a8       0x48 /Applications/STM32CubeIDE.app/Contents/Eclipse/plugins/com.st.stm32cube.ide.mcu.externaltools.gnu-tools-for-stm32.9-2020-q2-update.macos64_2.0.0.202105311346/tools/bin/../lib/gcc/arm-none-eabi/9.3.1/../../../../arm-none-eabi/lib/thumb/v7-m/nofp/libc_nano.a(lib_a-init.o)
                0x00000000080077a8                __libc_init_array
 .text.memset   0x00000000080077f0       0x10 /Applications/STM32CubeIDE.app/Contents/Eclipse/plugins/com.st.stm32cube.ide.mcu.externaltools.gnu-tools-for-stm32.9-2020-q2-update.macos64_2.0.0.202105311346/tools/bin/../lib/gcc/arm-none-eabi/9.3.1/../../../../arm-none-eabi/lib/thumb/v7-m/nofp/libc_nano.a(lib_a-memset.o)
                0x00000000080077f0                memset
 .text.pow      0x0000000008007800      0x158 /Applications/STM32CubeIDE.app/Contents/Eclipse/plugins/com.st.stm32cube.ide.mcu.externaltools.gnu-tools-for-stm32.9-2020-q2-update.macos64_2.0.0.202105311346/tools/bin/../lib/gcc/arm-none-eabi/9.3.1/../../../../arm-none-eabi/lib/thumb/v7-m/nofp/libm.a(lib_a-w_pow.o)
                0x0000000008007800                pow
 .text.__ieee754_pow
                0x0000000008007958      0xa2c /Applications/STM32CubeIDE.app/Contents/Eclipse/plugins/com.st.stm32cube.ide.mcu.externaltools.gnu-tools-for-stm32.9-2020-q2-update.macos64_2.0.0.202105311346/tools/bin/../lib/gcc/arm-none-eabi/9.3.1/../../../../arm-none-eabi/lib/thumb/v7-m/nofp/libm.a(lib_a-e_pow.o)
                0x0000000008007958                __ieee754_pow
 .text.__ieee754_sqrt
                0x0000000008008384      0x158 /Applications/STM32CubeIDE.app/Contents/Eclipse/plugins/com.st.stm32cube.ide.mcu.externaltools.gnu-tools-for-stm32.9-2020-q2-update.macos64_2.0.0.202105311346/tools/bin/../lib/gcc/arm-none-eabi/9.3.1/../../../../arm-none-eabi/lib/thumb/v7-m/nofp/libm.a(lib_a-e_sqrt.o)
                0x0000000008008384                __ieee754_sqrt
 .text.fabs     0x00000000080084dc        0x6 /Applications/STM32CubeIDE.app/Contents/Eclipse/plugins/com.st.stm32cube.ide.mcu.externaltools.gnu-tools-for-stm32.9-2020-q2-update.macos64_2.0.0.202105311346/tools/bin/../lib/gcc/arm-none-eabi/9.3.1/../../../../arm-none-eabi/lib/thumb/v7-m/nofp/libm.a(lib_a-s_fabs.o)
                0x00000000080084dc                fabs
 .text.finite   0x00000000080084e2        0xc /Applications/STM32CubeIDE.app/Contents/Eclipse/plugins/com.st.stm32cube.ide.mcu.externaltools.gnu-tools-for-stm32.9-2020-q2-update.macos64_2.0.0.202105311346/tools/bin/../lib/gcc/arm-none-eabi/9.3.1/../../../../arm-none-eabi/lib/thumb/v7-m/nofp/libm.a(lib_a-s_finite.o)
                0x00000000080084e2                finite
 *fill*         0x00000000080084ee        0x2 
 .text.nan      0x00000000080084f0        0xc /Applications/STM32CubeIDE.app/Contents/Eclipse/plugins/com.st.stm32cube.ide.mcu.externaltools.gnu-tools-for-stm32.9-2020-q2-update.macos64_2.0.0.202105311346/tools/bin/../lib/gcc/arm-none-eabi/9.3.1/../../../../arm-none-eabi/lib/thumb/v7-m/nofp/libm.a(lib_a-s_nan.o)
                0x00000000080084f0                nan
 .text.rint     0x00000000080084fc      0x114 /Applications/STM32CubeIDE.app/Contents/Eclipse/plugins/com.st.stm32cube.ide.mcu.externaltools.gnu-tools-for-stm32.9-2020-q2-update.macos64_2.0.0.202105311346/tools/bin/../lib/gcc/arm-none-eabi/9.3.1/../../../../arm-none-eabi/lib/thumb/v7-m/nofp/libm.a(lib_a-s_rint.o)
                0x00000000080084fc                rint
 .text.scalbn   0x0000000008008610      0x10c /Applications/STM32CubeIDE.app/Contents/Eclipse/plugins/com.st.stm32cube.ide.mcu.externaltools.gnu-tools-for-stm32.9-2020-q2-update.macos64_2.0.0.202105311346/tools/bin/../lib/gcc/arm-none-eabi/9.3.1/../../../../arm-none-eabi/lib/thumb/v7-m/nofp/libm.a(lib_a-s_scalbn.o)
                0x0000000008008610                scalbn
 *(.glue_7)
 .glue_7        0x000000000800871c        0x0 linker stubs
 *(.glue_7t)
 .glue_7t       0x000000000800871c        0x0 linker stubs
 *(.eh_frame)
 .eh_frame      0x000000000800871c        0x0 /Applications/STM32CubeIDE.app/Contents/Eclipse/plugins/com.st.stm32cube.ide.mcu.externaltools.gnu-tools-for-stm32.9-2020-q2-update.macos64_2.0.0.202105311346/tools/bin/../lib/gcc/arm-none-eabi/9.3.1/thumb/v7-m/nofp/crtbegin.o
 *(.init)
 .init          0x000000000800871c        0x4 /Applications/STM32CubeIDE.app/Contents/Eclipse/plugins/com.st.stm32cube.ide.mcu.externaltools.gnu-tools-for-stm32.9-2020-q2-update.macos64_2.0.0.202105311346/tools/bin/../lib/gcc/arm-none-eabi/9.3.1/thumb/v7-m/nofp/crti.o
                0x000000000800871c                _init
 .init          0x0000000008008720        0x8 /Applications/STM32CubeIDE.app/Contents/Eclipse/plugins/com.st.stm32cube.ide.mcu.externaltools.gnu-tools-for-stm32.9-2020-q2-update.macos64_2.0.0.202105311346/tools/bin/../lib/gcc/arm-none-eabi/9.3.1/thumb/v7-m/nofp/crtn.o
 *(.fini)
 .fini          0x0000000008008728        0x4 /Applications/STM32CubeIDE.app/Contents/Eclipse/plugins/com.st.stm32cube.ide.mcu.externaltools.gnu-tools-for-stm32.9-2020-q2-update.macos64_2.0.0.202105311346/tools/bin/../lib/gcc/arm-none-eabi/9.3.1/thumb/v7-m/nofp/crti.o
                0x0000000008008728                _fini
 .fini          0x000000000800872c        0x8 /Applications/STM32CubeIDE.app/Contents/Eclipse/plugins/com.st.stm32cube.ide.mcu.externaltools.gnu-tools-for-stm32.9-2020-q2-update.macos64_2.0.0.202105311346/tools/bin/../lib/gcc/arm-none-eabi/9.3.1/thumb/v7-m/nofp/crtn.o
                0x0000000008008734                . = ALIGN (0x4)
                0x0000000008008734                _etext = .

.vfp11_veneer   0x0000000008008734        0x0
 .vfp11_veneer  0x0000000008008734        0x0 linker stubs

.v4_bx          0x0000000008008734        0x0
 .v4_bx         0x0000000008008734        0x0 linker stubs

.iplt           0x0000000008008734        0x0
 .iplt          0x0000000008008734        0x0 /Applications/STM32CubeIDE.app/Contents/Eclipse/plugins/com.st.stm32cube.ide.mcu.externaltools.gnu-tools-for-stm32.9-2020-q2-update.macos64_2.0.0.202105311346/tools/bin/../lib/gcc/arm-none-eabi/9.3.1/thumb/v7-m/nofp/crtbegin.o

.rodata         0x0000000008008738       0xa0
                0x0000000008008738                . = ALIGN (0x4)
 *(.rodata)
 .rodata        0x0000000008008738       0x10 ./Drivers/STM32F1xx_HAL_Driver/Src/stm32f1xx_hal_rcc.o
 .rodata        0x0000000008008748       0x3a ./USB_DEVICE/App/usbd_desc.o
 *(.rodata*)
 *fill*         0x0000000008008782        0x2 
 .rodata.AHBPrescTable
                0x0000000008008784       0x10 ./Core/Src/system_stm32f1xx.o
                0x0000000008008784                AHBPrescTable
 .rodata.__ieee754_pow.str1.1
                0x0000000008008794        0x1 /Applications/STM32CubeIDE.app/Contents/Eclipse/plugins/com.st.stm32cube.ide.mcu.externaltools.gnu-tools-for-stm32.9-2020-q2-update.macos64_2.0.0.202105311346/tools/bin/../lib/gcc/arm-none-eabi/9.3.1/../../../../arm-none-eabi/lib/thumb/v7-m/nofp/libm.a(lib_a-e_pow.o)
 *fill*         0x0000000008008795        0x3 
 .rodata.bp     0x0000000008008798       0x10 /Applications/STM32CubeIDE.app/Contents/Eclipse/plugins/com.st.stm32cube.ide.mcu.externaltools.gnu-tools-for-stm32.9-2020-q2-update.macos64_2.0.0.202105311346/tools/bin/../lib/gcc/arm-none-eabi/9.3.1/../../../../arm-none-eabi/lib/thumb/v7-m/nofp/libm.a(lib_a-e_pow.o)
 .rodata.dp_h   0x00000000080087a8       0x10 /Applications/STM32CubeIDE.app/Contents/Eclipse/plugins/com.st.stm32cube.ide.mcu.externaltools.gnu-tools-for-stm32.9-2020-q2-update.macos64_2.0.0.202105311346/tools/bin/../lib/gcc/arm-none-eabi/9.3.1/../../../../arm-none-eabi/lib/thumb/v7-m/nofp/libm.a(lib_a-e_pow.o)
 .rodata.dp_l   0x00000000080087b8       0x10 /Applications/STM32CubeIDE.app/Contents/Eclipse/plugins/com.st.stm32cube.ide.mcu.externaltools.gnu-tools-for-stm32.9-2020-q2-update.macos64_2.0.0.202105311346/tools/bin/../lib/gcc/arm-none-eabi/9.3.1/../../../../arm-none-eabi/lib/thumb/v7-m/nofp/libm.a(lib_a-e_pow.o)
 .rodata.TWO52  0x00000000080087c8       0x10 /Applications/STM32CubeIDE.app/Contents/Eclipse/plugins/com.st.stm32cube.ide.mcu.externaltools.gnu-tools-for-stm32.9-2020-q2-update.macos64_2.0.0.202105311346/tools/bin/../lib/gcc/arm-none-eabi/9.3.1/../../../../arm-none-eabi/lib/thumb/v7-m/nofp/libm.a(lib_a-s_rint.o)
                0x00000000080087d8                . = ALIGN (0x4)

.rel.dyn        0x00000000080087d8        0x0
 .rel.iplt      0x00000000080087d8        0x0 /Applications/STM32CubeIDE.app/Contents/Eclipse/plugins/com.st.stm32cube.ide.mcu.externaltools.gnu-tools-for-stm32.9-2020-q2-update.macos64_2.0.0.202105311346/tools/bin/../lib/gcc/arm-none-eabi/9.3.1/thumb/v7-m/nofp/crtbegin.o

.ARM.extab      0x00000000080087d8        0x0
                0x00000000080087d8                . = ALIGN (0x4)
 *(.ARM.extab* .gnu.linkonce.armextab.*)
                0x00000000080087d8                . = ALIGN (0x4)

.ARM            0x00000000080087d8        0x0
                0x00000000080087d8                . = ALIGN (0x4)
                0x00000000080087d8                __exidx_start = .
 *(.ARM.exidx*)
                0x00000000080087d8                __exidx_end = .
                0x00000000080087d8                . = ALIGN (0x4)

.preinit_array  0x00000000080087d8        0x0
                0x00000000080087d8                . = ALIGN (0x4)
                0x00000000080087d8                PROVIDE (__preinit_array_start = .)
 *(.preinit_array*)
                0x00000000080087d8                PROVIDE (__preinit_array_end = .)
                0x00000000080087d8                . = ALIGN (0x4)

.init_array     0x00000000080087d8        0x4
                0x00000000080087d8                . = ALIGN (0x4)
                0x00000000080087d8                PROVIDE (__init_array_start = .)
 *(SORT_BY_NAME(.init_array.*))
 *(.init_array*)
 .init_array    0x00000000080087d8        0x4 /Applications/STM32CubeIDE.app/Contents/Eclipse/plugins/com.st.stm32cube.ide.mcu.externaltools.gnu-tools-for-stm32.9-2020-q2-update.macos64_2.0.0.202105311346/tools/bin/../lib/gcc/arm-none-eabi/9.3.1/thumb/v7-m/nofp/crtbegin.o
                0x00000000080087dc                PROVIDE (__init_array_end = .)
                0x00000000080087dc                . = ALIGN (0x4)

.fini_array     0x00000000080087dc        0x4
                0x00000000080087dc                . = ALIGN (0x4)
                [!provide]                        PROVIDE (__fini_array_start = .)
 *(SORT_BY_NAME(.fini_array.*))
 *(.fini_array*)
 .fini_array    0x00000000080087dc        0x4 /Applications/STM32CubeIDE.app/Contents/Eclipse/plugins/com.st.stm32cube.ide.mcu.externaltools.gnu-tools-for-stm32.9-2020-q2-update.macos64_2.0.0.202105311346/tools/bin/../lib/gcc/arm-none-eabi/9.3.1/thumb/v7-m/nofp/crtbegin.o
                [!provide]                        PROVIDE (__fini_array_end = .)
                0x00000000080087e0                . = ALIGN (0x4)
                0x00000000080087e0                _sidata = LOADADDR (.data)

.data           0x0000000020000000      0x168 load address 0x00000000080087e0
                0x0000000020000000                . = ALIGN (0x4)
                0x0000000020000000                _sdata = .
 *(.data)
 *(.data*)
 .data.SystemCoreClock
                0x0000000020000000        0x4 ./Core/Src/system_stm32f1xx.o
                0x0000000020000000                SystemCoreClock
 .data.USBD_MIDI
                0x0000000020000004       0x38 ./Core/Src/usbd_midi.o
                0x0000000020000004                USBD_MIDI
 .data.USBD_MIDI_CfgDesc
                0x000000002000003c       0x65 ./Core/Src/usbd_midi.o
                0x000000002000003c                USBD_MIDI_CfgDesc
 *fill*         0x00000000200000a1        0x3 
 .data.USBD_Interface_fops_FS
                0x00000000200000a4        0x4 ./Core/Src/usbd_midi_if.o
                0x00000000200000a4                USBD_Interface_fops_FS
 .data.uwTickPrio
                0x00000000200000a8        0x4 ./Drivers/STM32F1xx_HAL_Driver/Src/stm32f1xx_hal.o
                0x00000000200000a8                uwTickPrio
 .data.uwTickFreq
                0x00000000200000ac        0x1 ./Drivers/STM32F1xx_HAL_Driver/Src/stm32f1xx_hal.o
                0x00000000200000ac                uwTickFreq
 *fill*         0x00000000200000ad        0x3 
 .data.FS_Desc  0x00000000200000b0       0x1c ./USB_DEVICE/App/usbd_desc.o
                0x00000000200000b0                FS_Desc
 .data.USBD_FS_DeviceDesc
                0x00000000200000cc       0x12 ./USB_DEVICE/App/usbd_desc.o
                0x00000000200000cc                USBD_FS_DeviceDesc
 *fill*         0x00000000200000de        0x2 
 .data.USBD_LangIDDesc
                0x00000000200000e0        0x4 ./USB_DEVICE/App/usbd_desc.o
                0x00000000200000e0                USBD_LangIDDesc
 .data.USBD_StringSerial
                0x00000000200000e4       0x1a ./USB_DEVICE/App/usbd_desc.o
                0x00000000200000e4                USBD_StringSerial
 *fill*         0x00000000200000fe        0x2 
 .data._impure_ptr
                0x0000000020000100        0x4 /Applications/STM32CubeIDE.app/Contents/Eclipse/plugins/com.st.stm32cube.ide.mcu.externaltools.gnu-tools-for-stm32.9-2020-q2-update.macos64_2.0.0.202105311346/tools/bin/../lib/gcc/arm-none-eabi/9.3.1/../../../../arm-none-eabi/lib/thumb/v7-m/nofp/libc_nano.a(lib_a-impure.o)
                0x0000000020000100                _impure_ptr
 .data.impure_data
                0x0000000020000104       0x60 /Applications/STM32CubeIDE.app/Contents/Eclipse/plugins/com.st.stm32cube.ide.mcu.externaltools.gnu-tools-for-stm32.9-2020-q2-update.macos64_2.0.0.202105311346/tools/bin/../lib/gcc/arm-none-eabi/9.3.1/../../../../arm-none-eabi/lib/thumb/v7-m/nofp/libc_nano.a(lib_a-impure.o)
 .data.__fdlib_version
                0x0000000020000164        0x1 /Applications/STM32CubeIDE.app/Contents/Eclipse/plugins/com.st.stm32cube.ide.mcu.externaltools.gnu-tools-for-stm32.9-2020-q2-update.macos64_2.0.0.202105311346/tools/bin/../lib/gcc/arm-none-eabi/9.3.1/../../../../arm-none-eabi/lib/thumb/v7-m/nofp/libm.a(lib_a-s_lib_ver.o)
                0x0000000020000164                __fdlib_version
 *(.RamFunc)
 *(.RamFunc*)
                0x0000000020000168                . = ALIGN (0x4)
 *fill*         0x0000000020000165        0x3 
                0x0000000020000168                _edata = .

.igot.plt       0x0000000020000168        0x0 load address 0x0000000008008948
 .igot.plt      0x0000000020000168        0x0 /Applications/STM32CubeIDE.app/Contents/Eclipse/plugins/com.st.stm32cube.ide.mcu.externaltools.gnu-tools-for-stm32.9-2020-q2-update.macos64_2.0.0.202105311346/tools/bin/../lib/gcc/arm-none-eabi/9.3.1/thumb/v7-m/nofp/crtbegin.o
                0x0000000020000168                . = ALIGN (0x4)

.bss            0x0000000020000168     0x3f78 load address 0x0000000008008948
                0x0000000020000168                _sbss = .
                0x0000000020000168                __bss_start__ = _sbss
 *(.bss)
 .bss           0x0000000020000168       0x1c /Applications/STM32CubeIDE.app/Contents/Eclipse/plugins/com.st.stm32cube.ide.mcu.externaltools.gnu-tools-for-stm32.9-2020-q2-update.macos64_2.0.0.202105311346/tools/bin/../lib/gcc/arm-none-eabi/9.3.1/thumb/v7-m/nofp/crtbegin.o
 *(.bss*)
 .bss.tim       0x0000000020000184        0x4 ./Core/Src/main.o
                0x0000000020000184                tim
 .bss.SPEEDTABLE
                0x0000000020000188     0x2ee0 ./Core/Src/main.o
                0x0000000020000188                SPEEDTABLE
 .bss.sys_tick  0x0000000020003068        0x4 ./Core/Src/timer.o
                0x0000000020003068                sys_tick
 .bss.pInstance
                0x000000002000306c        0x4 ./Core/Src/usbd_midi.o
                0x000000002000306c                pInstance
 .bss.APP_Rx_ptr_in
                0x0000000020003070        0x4 ./Core/Src/usbd_midi.o
                0x0000000020003070                APP_Rx_ptr_in
 .bss.APP_Rx_ptr_out
                0x0000000020003074        0x4 ./Core/Src/usbd_midi.o
                0x0000000020003074                APP_Rx_ptr_out
 .bss.APP_Rx_length
                0x0000000020003078        0x4 ./Core/Src/usbd_midi.o
                0x0000000020003078                APP_Rx_length
 .bss.USB_Tx_State
                0x000000002000307c        0x1 ./Core/Src/usbd_midi.o
                0x000000002000307c                USB_Tx_State
 .bss.cfgidx.8230
                0x000000002000307d        0x1 ./Middlewares/ST/STM32_USB_Device_Library/Core/Src/usbd_ctlreq.o
 *(COMMON)
 *fill*         0x000000002000307e        0x2 
 COMMON         0x0000000020003080       0x38 ./Core/Src/dma.o
                0x0000000020003080                upd_flag_ptr
                0x0000000020003084                buf_ptr
                0x0000000020003088                tmp_buf
 COMMON         0x00000000200030b8       0x31 ./Core/Src/main.o
                0x00000000200030b8                dma_buf
                0x00000000200030e8                data_updated
 *fill*         0x00000000200030e9        0x3 
 COMMON         0x00000000200030ec      0x840 ./Core/Src/usbd_midi.o
                0x00000000200030ec                USB_Rx_Buffer
                0x000000002000312c                APP_Rx_Buffer
 COMMON         0x000000002000392c        0x4 ./Drivers/STM32F1xx_HAL_Driver/Src/stm32f1xx_hal.o
                0x000000002000392c                uwTick
 COMMON         0x0000000020003930      0x2c4 ./USB_DEVICE/App/usb_device.o
                0x0000000020003930                hUsbDeviceFS
 COMMON         0x0000000020003bf4      0x200 ./USB_DEVICE/App/usbd_desc.o
                0x0000000020003bf4                USBD_StrDesc
 COMMON         0x0000000020003df4      0x2ec ./USB_DEVICE/Target/usbd_conf.o
                0x0000000020003df4                hpcd_USB_FS
                0x00000000200040e0                . = ALIGN (0x4)
                0x00000000200040e0                _ebss = .
                0x00000000200040e0                __bss_end__ = _ebss

._user_heap_stack
                0x00000000200040e0      0x600 load address 0x0000000008008948
                0x00000000200040e0                . = ALIGN (0x8)
                [!provide]                        PROVIDE (end = .)
                0x00000000200040e0                PROVIDE (_end = .)
                0x00000000200042e0                . = (. + _Min_Heap_Size)
 *fill*         0x00000000200040e0      0x200 
                0x00000000200046e0                . = (. + _Min_Stack_Size)
 *fill*         0x00000000200042e0      0x400 
                0x00000000200046e0                . = ALIGN (0x8)

/DISCARD/
 libc.a(*)
 libm.a(*)
 libgcc.a(*)

.ARM.attributes
                0x0000000000000000       0x29
 *(.ARM.attributes)
 .ARM.attributes
                0x0000000000000000       0x1d /Applications/STM32CubeIDE.app/Contents/Eclipse/plugins/com.st.stm32cube.ide.mcu.externaltools.gnu-tools-for-stm32.9-2020-q2-update.macos64_2.0.0.202105311346/tools/bin/../lib/gcc/arm-none-eabi/9.3.1/thumb/v7-m/nofp/crti.o
 .ARM.attributes
                0x000000000000001d       0x2d /Applications/STM32CubeIDE.app/Contents/Eclipse/plugins/com.st.stm32cube.ide.mcu.externaltools.gnu-tools-for-stm32.9-2020-q2-update.macos64_2.0.0.202105311346/tools/bin/../lib/gcc/arm-none-eabi/9.3.1/thumb/v7-m/nofp/crtbegin.o
 .ARM.attributes
                0x000000000000004a       0x2d ./Core/Src/debug_led.o
 .ARM.attributes
                0x0000000000000077       0x2d ./Core/Src/dma.o
 .ARM.attributes
                0x00000000000000a4       0x2d ./Core/Src/gpio.o
 .ARM.attributes
                0x00000000000000d1       0x2d ./Core/Src/init.o
 .ARM.attributes
                0x00000000000000fe       0x2d ./Core/Src/main.o
 .ARM.attributes
                0x000000000000012b       0x2d ./Core/Src/stm32f1xx_hal_msp.o
 .ARM.attributes
                0x0000000000000158       0x2d ./Core/Src/stm32f1xx_it.o
 .ARM.attributes
                0x0000000000000185       0x2d ./Core/Src/system_stm32f1xx.o
 .ARM.attributes
                0x00000000000001b2       0x2d ./Core/Src/timer.o
 .ARM.attributes
                0x00000000000001df       0x2d ./Core/Src/usbd_midi.o
 .ARM.attributes
                0x000000000000020c       0x2d ./Core/Src/usbd_midi_if.o
 .ARM.attributes
                0x0000000000000239       0x21 ./Core/Startup/startup_stm32f103c8tx.o
 .ARM.attributes
                0x000000000000025a       0x2d ./Drivers/STM32F1xx_HAL_Driver/Src/stm32f1xx_hal.o
 .ARM.attributes
                0x0000000000000287       0x2d ./Drivers/STM32F1xx_HAL_Driver/Src/stm32f1xx_hal_cortex.o
 .ARM.attributes
                0x00000000000002b4       0x2d ./Drivers/STM32F1xx_HAL_Driver/Src/stm32f1xx_hal_pcd.o
 .ARM.attributes
                0x00000000000002e1       0x2d ./Drivers/STM32F1xx_HAL_Driver/Src/stm32f1xx_hal_pcd_ex.o
 .ARM.attributes
                0x000000000000030e       0x2d ./Drivers/STM32F1xx_HAL_Driver/Src/stm32f1xx_hal_rcc.o
 .ARM.attributes
                0x000000000000033b       0x2d ./Drivers/STM32F1xx_HAL_Driver/Src/stm32f1xx_hal_rcc_ex.o
 .ARM.attributes
                0x0000000000000368       0x2d ./Drivers/STM32F1xx_HAL_Driver/Src/stm32f1xx_ll_usb.o
 .ARM.attributes
                0x0000000000000395       0x2d ./Middlewares/ST/STM32_USB_Device_Library/Core/Src/usbd_core.o
 .ARM.attributes
                0x00000000000003c2       0x2d ./Middlewares/ST/STM32_USB_Device_Library/Core/Src/usbd_ctlreq.o
 .ARM.attributes
                0x00000000000003ef       0x2d ./Middlewares/ST/STM32_USB_Device_Library/Core/Src/usbd_ioreq.o
 .ARM.attributes
                0x000000000000041c       0x2d ./USB_DEVICE/App/usb_device.o
 .ARM.attributes
                0x0000000000000449       0x2d ./USB_DEVICE/App/usbd_desc.o
 .ARM.attributes
                0x0000000000000476       0x2d ./USB_DEVICE/Target/usbd_conf.o
 .ARM.attributes
                0x00000000000004a3       0x2d /Applications/STM32CubeIDE.app/Contents/Eclipse/plugins/com.st.stm32cube.ide.mcu.externaltools.gnu-tools-for-stm32.9-2020-q2-update.macos64_2.0.0.202105311346/tools/bin/../lib/gcc/arm-none-eabi/9.3.1/../../../../arm-none-eabi/lib/thumb/v7-m/nofp/libc_nano.a(lib_a-errno.o)
 .ARM.attributes
                0x00000000000004d0       0x2d /Applications/STM32CubeIDE.app/Contents/Eclipse/plugins/com.st.stm32cube.ide.mcu.externaltools.gnu-tools-for-stm32.9-2020-q2-update.macos64_2.0.0.202105311346/tools/bin/../lib/gcc/arm-none-eabi/9.3.1/../../../../arm-none-eabi/lib/thumb/v7-m/nofp/libc_nano.a(lib_a-impure.o)
 .ARM.attributes
                0x00000000000004fd       0x2d /Applications/STM32CubeIDE.app/Contents/Eclipse/plugins/com.st.stm32cube.ide.mcu.externaltools.gnu-tools-for-stm32.9-2020-q2-update.macos64_2.0.0.202105311346/tools/bin/../lib/gcc/arm-none-eabi/9.3.1/../../../../arm-none-eabi/lib/thumb/v7-m/nofp/libc_nano.a(lib_a-init.o)
 .ARM.attributes
                0x000000000000052a       0x2d /Applications/STM32CubeIDE.app/Contents/Eclipse/plugins/com.st.stm32cube.ide.mcu.externaltools.gnu-tools-for-stm32.9-2020-q2-update.macos64_2.0.0.202105311346/tools/bin/../lib/gcc/arm-none-eabi/9.3.1/../../../../arm-none-eabi/lib/thumb/v7-m/nofp/libc_nano.a(lib_a-memset.o)
 .ARM.attributes
                0x0000000000000557       0x2d /Applications/STM32CubeIDE.app/Contents/Eclipse/plugins/com.st.stm32cube.ide.mcu.externaltools.gnu-tools-for-stm32.9-2020-q2-update.macos64_2.0.0.202105311346/tools/bin/../lib/gcc/arm-none-eabi/9.3.1/../../../../arm-none-eabi/lib/thumb/v7-m/nofp/libm.a(lib_a-w_pow.o)
 .ARM.attributes
                0x0000000000000584       0x2d /Applications/STM32CubeIDE.app/Contents/Eclipse/plugins/com.st.stm32cube.ide.mcu.externaltools.gnu-tools-for-stm32.9-2020-q2-update.macos64_2.0.0.202105311346/tools/bin/../lib/gcc/arm-none-eabi/9.3.1/../../../../arm-none-eabi/lib/thumb/v7-m/nofp/libm.a(lib_a-e_pow.o)
 .ARM.attributes
                0x00000000000005b1       0x2d /Applications/STM32CubeIDE.app/Contents/Eclipse/plugins/com.st.stm32cube.ide.mcu.externaltools.gnu-tools-for-stm32.9-2020-q2-update.macos64_2.0.0.202105311346/tools/bin/../lib/gcc/arm-none-eabi/9.3.1/../../../../arm-none-eabi/lib/thumb/v7-m/nofp/libm.a(lib_a-e_sqrt.o)
 .ARM.attributes
                0x00000000000005de       0x2d /Applications/STM32CubeIDE.app/Contents/Eclipse/plugins/com.st.stm32cube.ide.mcu.externaltools.gnu-tools-for-stm32.9-2020-q2-update.macos64_2.0.0.202105311346/tools/bin/../lib/gcc/arm-none-eabi/9.3.1/../../../../arm-none-eabi/lib/thumb/v7-m/nofp/libm.a(lib_a-s_fabs.o)
 .ARM.attributes
                0x000000000000060b       0x2d /Applications/STM32CubeIDE.app/Contents/Eclipse/plugins/com.st.stm32cube.ide.mcu.externaltools.gnu-tools-for-stm32.9-2020-q2-update.macos64_2.0.0.202105311346/tools/bin/../lib/gcc/arm-none-eabi/9.3.1/../../../../arm-none-eabi/lib/thumb/v7-m/nofp/libm.a(lib_a-s_finite.o)
 .ARM.attributes
                0x0000000000000638       0x2d /Applications/STM32CubeIDE.app/Contents/Eclipse/plugins/com.st.stm32cube.ide.mcu.externaltools.gnu-tools-for-stm32.9-2020-q2-update.macos64_2.0.0.202105311346/tools/bin/../lib/gcc/arm-none-eabi/9.3.1/../../../../arm-none-eabi/lib/thumb/v7-m/nofp/libm.a(lib_a-s_lib_ver.o)
 .ARM.attributes
                0x0000000000000665       0x2d /Applications/STM32CubeIDE.app/Contents/Eclipse/plugins/com.st.stm32cube.ide.mcu.externaltools.gnu-tools-for-stm32.9-2020-q2-update.macos64_2.0.0.202105311346/tools/bin/../lib/gcc/arm-none-eabi/9.3.1/../../../../arm-none-eabi/lib/thumb/v7-m/nofp/libm.a(lib_a-s_nan.o)
 .ARM.attributes
                0x0000000000000692       0x2d /Applications/STM32CubeIDE.app/Contents/Eclipse/plugins/com.st.stm32cube.ide.mcu.externaltools.gnu-tools-for-stm32.9-2020-q2-update.macos64_2.0.0.202105311346/tools/bin/../lib/gcc/arm-none-eabi/9.3.1/../../../../arm-none-eabi/lib/thumb/v7-m/nofp/libm.a(lib_a-s_rint.o)
 .ARM.attributes
                0x00000000000006bf       0x2d /Applications/STM32CubeIDE.app/Contents/Eclipse/plugins/com.st.stm32cube.ide.mcu.externaltools.gnu-tools-for-stm32.9-2020-q2-update.macos64_2.0.0.202105311346/tools/bin/../lib/gcc/arm-none-eabi/9.3.1/../../../../arm-none-eabi/lib/thumb/v7-m/nofp/libm.a(lib_a-s_scalbn.o)
 .ARM.attributes
                0x00000000000006ec       0x1d /Applications/STM32CubeIDE.app/Contents/Eclipse/plugins/com.st.stm32cube.ide.mcu.externaltools.gnu-tools-for-stm32.9-2020-q2-update.macos64_2.0.0.202105311346/tools/bin/../lib/gcc/arm-none-eabi/9.3.1/thumb/v7-m/nofp/libgcc.a(_arm_addsubdf3.o)
 .ARM.attributes
                0x0000000000000709       0x1d /Applications/STM32CubeIDE.app/Contents/Eclipse/plugins/com.st.stm32cube.ide.mcu.externaltools.gnu-tools-for-stm32.9-2020-q2-update.macos64_2.0.0.202105311346/tools/bin/../lib/gcc/arm-none-eabi/9.3.1/thumb/v7-m/nofp/libgcc.a(_arm_muldivdf3.o)
 .ARM.attributes
                0x0000000000000726       0x1d /Applications/STM32CubeIDE.app/Contents/Eclipse/plugins/com.st.stm32cube.ide.mcu.externaltools.gnu-tools-for-stm32.9-2020-q2-update.macos64_2.0.0.202105311346/tools/bin/../lib/gcc/arm-none-eabi/9.3.1/thumb/v7-m/nofp/libgcc.a(_arm_cmpdf2.o)
 .ARM.attributes
                0x0000000000000743       0x1d /Applications/STM32CubeIDE.app/Contents/Eclipse/plugins/com.st.stm32cube.ide.mcu.externaltools.gnu-tools-for-stm32.9-2020-q2-update.macos64_2.0.0.202105311346/tools/bin/../lib/gcc/arm-none-eabi/9.3.1/thumb/v7-m/nofp/libgcc.a(_arm_unorddf2.o)
 .ARM.attributes
                0x0000000000000760       0x1d /Applications/STM32CubeIDE.app/Contents/Eclipse/plugins/com.st.stm32cube.ide.mcu.externaltools.gnu-tools-for-stm32.9-2020-q2-update.macos64_2.0.0.202105311346/tools/bin/../lib/gcc/arm-none-eabi/9.3.1/thumb/v7-m/nofp/libgcc.a(_arm_truncdfsf2.o)
 .ARM.attributes
                0x000000000000077d       0x1d /Applications/STM32CubeIDE.app/Contents/Eclipse/plugins/com.st.stm32cube.ide.mcu.externaltools.gnu-tools-for-stm32.9-2020-q2-update.macos64_2.0.0.202105311346/tools/bin/../lib/gcc/arm-none-eabi/9.3.1/thumb/v7-m/nofp/libgcc.a(_arm_fixunssfsi.o)
 .ARM.attributes
                0x000000000000079a       0x1d /Applications/STM32CubeIDE.app/Contents/Eclipse/plugins/com.st.stm32cube.ide.mcu.externaltools.gnu-tools-for-stm32.9-2020-q2-update.macos64_2.0.0.202105311346/tools/bin/../lib/gcc/arm-none-eabi/9.3.1/thumb/v7-m/nofp/crtn.o
OUTPUT(Clean_Project.elf elf32-littlearm)
LOAD linker stubs
LOAD /Applications/STM32CubeIDE.app/Contents/Eclipse/plugins/com.st.stm32cube.ide.mcu.externaltools.gnu-tools-for-stm32.9-2020-q2-update.macos64_2.0.0.202105311346/tools/bin/../lib/gcc/arm-none-eabi/9.3.1/../../../../arm-none-eabi/lib/thumb/v7-m/nofp/libc.a
LOAD /Applications/STM32CubeIDE.app/Contents/Eclipse/plugins/com.st.stm32cube.ide.mcu.externaltools.gnu-tools-for-stm32.9-2020-q2-update.macos64_2.0.0.202105311346/tools/bin/../lib/gcc/arm-none-eabi/9.3.1/../../../../arm-none-eabi/lib/thumb/v7-m/nofp/libm.a
LOAD /Applications/STM32CubeIDE.app/Contents/Eclipse/plugins/com.st.stm32cube.ide.mcu.externaltools.gnu-tools-for-stm32.9-2020-q2-update.macos64_2.0.0.202105311346/tools/bin/../lib/gcc/arm-none-eabi/9.3.1/thumb/v7-m/nofp/libgcc.a

.debug_info     0x0000000000000000    0x12fa6
 .debug_info    0x0000000000000000      0x230 ./Core/Src/debug_led.o
 .debug_info    0x0000000000000230      0x354 ./Core/Src/dma.o
 .debug_info    0x0000000000000584      0x389 ./Core/Src/gpio.o
 .debug_info    0x000000000000090d      0x5f4 ./Core/Src/init.o
 .debug_info    0x0000000000000f01     0x1363 ./Core/Src/main.o
 .debug_info    0x0000000000002264      0x8db ./Core/Src/stm32f1xx_hal_msp.o
 .debug_info    0x0000000000002b3f      0x701 ./Core/Src/stm32f1xx_it.o
 .debug_info    0x0000000000003240      0x2be ./Core/Src/system_stm32f1xx.o
 .debug_info    0x00000000000034fe      0x42b ./Core/Src/timer.o
 .debug_info    0x0000000000003929     0x1629 ./Core/Src/usbd_midi.o
 .debug_info    0x0000000000004f52     0x166b ./Core/Src/usbd_midi_if.o
 .debug_info    0x00000000000065bd       0x22 ./Core/Startup/startup_stm32f103c8tx.o
 .debug_info    0x00000000000065df      0x76a ./Drivers/STM32F1xx_HAL_Driver/Src/stm32f1xx_hal.o
 .debug_info    0x0000000000006d49      0xbdc ./Drivers/STM32F1xx_HAL_Driver/Src/stm32f1xx_hal_cortex.o
 .debug_info    0x0000000000007925     0x1509 ./Drivers/STM32F1xx_HAL_Driver/Src/stm32f1xx_hal_pcd.o
 .debug_info    0x0000000000008e2e      0x7fc ./Drivers/STM32F1xx_HAL_Driver/Src/stm32f1xx_hal_pcd_ex.o
 .debug_info    0x000000000000962a      0x88e ./Drivers/STM32F1xx_HAL_Driver/Src/stm32f1xx_hal_rcc.o
 .debug_info    0x0000000000009eb8      0x480 ./Drivers/STM32F1xx_HAL_Driver/Src/stm32f1xx_hal_rcc_ex.o
 .debug_info    0x000000000000a338     0x19e6 ./Drivers/STM32F1xx_HAL_Driver/Src/stm32f1xx_ll_usb.o
 .debug_info    0x000000000000bd1e     0x12ef ./Middlewares/ST/STM32_USB_Device_Library/Core/Src/usbd_core.o
 .debug_info    0x000000000000d00d     0x125c ./Middlewares/ST/STM32_USB_Device_Library/Core/Src/usbd_ctlreq.o
 .debug_info    0x000000000000e269     0x102e ./Middlewares/ST/STM32_USB_Device_Library/Core/Src/usbd_ioreq.o
 .debug_info    0x000000000000f297      0xf9f ./USB_DEVICE/App/usb_device.o
 .debug_info    0x0000000000010236      0xde8 ./USB_DEVICE/App/usbd_desc.o
 .debug_info    0x000000000001101e     0x1f88 ./USB_DEVICE/Target/usbd_conf.o

.debug_abbrev   0x0000000000000000     0x322c
 .debug_abbrev  0x0000000000000000       0xf8 ./Core/Src/debug_led.o
 .debug_abbrev  0x00000000000000f8      0x16a ./Core/Src/dma.o
 .debug_abbrev  0x0000000000000262      0x179 ./Core/Src/gpio.o
 .debug_abbrev  0x00000000000003db      0x17e ./Core/Src/init.o
 .debug_abbrev  0x0000000000000559      0x2bc ./Core/Src/main.o
 .debug_abbrev  0x0000000000000815      0x1ae ./Core/Src/stm32f1xx_hal_msp.o
 .debug_abbrev  0x00000000000009c3      0x173 ./Core/Src/stm32f1xx_it.o
 .debug_abbrev  0x0000000000000b36      0x14e ./Core/Src/system_stm32f1xx.o
 .debug_abbrev  0x0000000000000c84      0x184 ./Core/Src/timer.o
 .debug_abbrev  0x0000000000000e08      0x2ca ./Core/Src/usbd_midi.o
 .debug_abbrev  0x00000000000010d2      0x294 ./Core/Src/usbd_midi_if.o
 .debug_abbrev  0x0000000000001366       0x12 ./Core/Startup/startup_stm32f103c8tx.o
 .debug_abbrev  0x0000000000001378      0x1ed ./Drivers/STM32F1xx_HAL_Driver/Src/stm32f1xx_hal.o
 .debug_abbrev  0x0000000000001565      0x313 ./Drivers/STM32F1xx_HAL_Driver/Src/stm32f1xx_hal_cortex.o
 .debug_abbrev  0x0000000000001878      0x29e ./Drivers/STM32F1xx_HAL_Driver/Src/stm32f1xx_hal_pcd.o
 .debug_abbrev  0x0000000000001b16      0x1ac ./Drivers/STM32F1xx_HAL_Driver/Src/stm32f1xx_hal_pcd_ex.o
 .debug_abbrev  0x0000000000001cc2      0x273 ./Drivers/STM32F1xx_HAL_Driver/Src/stm32f1xx_hal_rcc.o
 .debug_abbrev  0x0000000000001f35      0x193 ./Drivers/STM32F1xx_HAL_Driver/Src/stm32f1xx_hal_rcc_ex.o
 .debug_abbrev  0x00000000000020c8      0x1fa ./Drivers/STM32F1xx_HAL_Driver/Src/stm32f1xx_ll_usb.o
 .debug_abbrev  0x00000000000022c2      0x2a8 ./Middlewares/ST/STM32_USB_Device_Library/Core/Src/usbd_core.o
 .debug_abbrev  0x000000000000256a      0x2de ./Middlewares/ST/STM32_USB_Device_Library/Core/Src/usbd_ctlreq.o
 .debug_abbrev  0x0000000000002848      0x20a ./Middlewares/ST/STM32_USB_Device_Library/Core/Src/usbd_ioreq.o
 .debug_abbrev  0x0000000000002a52      0x1f3 ./USB_DEVICE/App/usb_device.o
 .debug_abbrev  0x0000000000002c45      0x2ca ./USB_DEVICE/App/usbd_desc.o
 .debug_abbrev  0x0000000000002f0f      0x31d ./USB_DEVICE/Target/usbd_conf.o

.debug_aranges  0x0000000000000000      0xb10
 .debug_aranges
                0x0000000000000000       0x30 ./Core/Src/debug_led.o
 .debug_aranges
                0x0000000000000030       0x28 ./Core/Src/dma.o
 .debug_aranges
                0x0000000000000058       0x50 ./Core/Src/gpio.o
 .debug_aranges
                0x00000000000000a8       0x38 ./Core/Src/init.o
 .debug_aranges
                0x00000000000000e0       0x30 ./Core/Src/main.o
 .debug_aranges
                0x0000000000000110       0x30 ./Core/Src/stm32f1xx_hal_msp.o
 .debug_aranges
                0x0000000000000140       0x60 ./Core/Src/stm32f1xx_it.o
 .debug_aranges
                0x00000000000001a0       0x28 ./Core/Src/system_stm32f1xx.o
 .debug_aranges
                0x00000000000001c8       0x58 ./Core/Src/timer.o
 .debug_aranges
                0x0000000000000220       0x50 ./Core/Src/usbd_midi.o
 .debug_aranges
                0x0000000000000270       0x50 ./Core/Src/usbd_midi_if.o
 .debug_aranges
                0x00000000000002c0       0x28 ./Core/Startup/startup_stm32f103c8tx.o
 .debug_aranges
                0x00000000000002e8       0xe0 ./Drivers/STM32F1xx_HAL_Driver/Src/stm32f1xx_hal.o
 .debug_aranges
                0x00000000000003c8      0x100 ./Drivers/STM32F1xx_HAL_Driver/Src/stm32f1xx_hal_cortex.o
 .debug_aranges
                0x00000000000004c8      0x138 ./Drivers/STM32F1xx_HAL_Driver/Src/stm32f1xx_hal_pcd.o
 .debug_aranges
                0x0000000000000600       0x38 ./Drivers/STM32F1xx_HAL_Driver/Src/stm32f1xx_hal_pcd_ex.o
 .debug_aranges
                0x0000000000000638       0x90 ./Drivers/STM32F1xx_HAL_Driver/Src/stm32f1xx_hal_rcc.o
 .debug_aranges
                0x00000000000006c8       0x30 ./Drivers/STM32F1xx_HAL_Driver/Src/stm32f1xx_hal_rcc_ex.o
 .debug_aranges
                0x00000000000006f8       0xf0 ./Drivers/STM32F1xx_HAL_Driver/Src/stm32f1xx_ll_usb.o
 .debug_aranges
                0x00000000000007e8       0xb8 ./Middlewares/ST/STM32_USB_Device_Library/Core/Src/usbd_core.o
 .debug_aranges
                0x00000000000008a0       0x88 ./Middlewares/ST/STM32_USB_Device_Library/Core/Src/usbd_ctlreq.o
 .debug_aranges
                0x0000000000000928       0x50 ./Middlewares/ST/STM32_USB_Device_Library/Core/Src/usbd_ioreq.o
 .debug_aranges
                0x0000000000000978       0x20 ./USB_DEVICE/App/usb_device.o
 .debug_aranges
                0x0000000000000998       0x60 ./USB_DEVICE/App/usbd_desc.o
 .debug_aranges
                0x00000000000009f8      0x118 ./USB_DEVICE/Target/usbd_conf.o

.debug_ranges   0x0000000000000000      0x988
 .debug_ranges  0x0000000000000000       0x20 ./Core/Src/debug_led.o
 .debug_ranges  0x0000000000000020       0x18 ./Core/Src/dma.o
 .debug_ranges  0x0000000000000038       0x40 ./Core/Src/gpio.o
 .debug_ranges  0x0000000000000078       0x28 ./Core/Src/init.o
 .debug_ranges  0x00000000000000a0       0x20 ./Core/Src/main.o
 .debug_ranges  0x00000000000000c0       0x20 ./Core/Src/stm32f1xx_hal_msp.o
 .debug_ranges  0x00000000000000e0       0x50 ./Core/Src/stm32f1xx_it.o
 .debug_ranges  0x0000000000000130       0x18 ./Core/Src/system_stm32f1xx.o
 .debug_ranges  0x0000000000000148       0x48 ./Core/Src/timer.o
 .debug_ranges  0x0000000000000190       0x40 ./Core/Src/usbd_midi.o
 .debug_ranges  0x00000000000001d0       0x40 ./Core/Src/usbd_midi_if.o
 .debug_ranges  0x0000000000000210       0x20 ./Core/Startup/startup_stm32f103c8tx.o
 .debug_ranges  0x0000000000000230       0xd0 ./Drivers/STM32F1xx_HAL_Driver/Src/stm32f1xx_hal.o
 .debug_ranges  0x0000000000000300       0xf0 ./Drivers/STM32F1xx_HAL_Driver/Src/stm32f1xx_hal_cortex.o
 .debug_ranges  0x00000000000003f0      0x128 ./Drivers/STM32F1xx_HAL_Driver/Src/stm32f1xx_hal_pcd.o
 .debug_ranges  0x0000000000000518       0x28 ./Drivers/STM32F1xx_HAL_Driver/Src/stm32f1xx_hal_pcd_ex.o
 .debug_ranges  0x0000000000000540       0x80 ./Drivers/STM32F1xx_HAL_Driver/Src/stm32f1xx_hal_rcc.o
 .debug_ranges  0x00000000000005c0       0x20 ./Drivers/STM32F1xx_HAL_Driver/Src/stm32f1xx_hal_rcc_ex.o
 .debug_ranges  0x00000000000005e0       0xe0 ./Drivers/STM32F1xx_HAL_Driver/Src/stm32f1xx_ll_usb.o
 .debug_ranges  0x00000000000006c0       0xa8 ./Middlewares/ST/STM32_USB_Device_Library/Core/Src/usbd_core.o
 .debug_ranges  0x0000000000000768       0x78 ./Middlewares/ST/STM32_USB_Device_Library/Core/Src/usbd_ctlreq.o
 .debug_ranges  0x00000000000007e0       0x40 ./Middlewares/ST/STM32_USB_Device_Library/Core/Src/usbd_ioreq.o
 .debug_ranges  0x0000000000000820       0x10 ./USB_DEVICE/App/usb_device.o
 .debug_ranges  0x0000000000000830       0x50 ./USB_DEVICE/App/usbd_desc.o
 .debug_ranges  0x0000000000000880      0x108 ./USB_DEVICE/Target/usbd_conf.o

.debug_macro    0x0000000000000000    0x1abfa
 .debug_macro   0x0000000000000000      0x1dc ./Core/Src/debug_led.o
 .debug_macro   0x00000000000001dc      0xa9c ./Core/Src/debug_led.o
 .debug_macro   0x0000000000000c78       0x2e ./Core/Src/debug_led.o
 .debug_macro   0x0000000000000ca6       0x22 ./Core/Src/debug_led.o
 .debug_macro   0x0000000000000cc8       0x22 ./Core/Src/debug_led.o
 .debug_macro   0x0000000000000cea       0x8e ./Core/Src/debug_led.o
 .debug_macro   0x0000000000000d78       0x51 ./Core/Src/debug_led.o
 .debug_macro   0x0000000000000dc9      0x103 ./Core/Src/debug_led.o
 .debug_macro   0x0000000000000ecc       0x6a ./Core/Src/debug_led.o
 .debug_macro   0x0000000000000f36      0x1df ./Core/Src/debug_led.o
 .debug_macro   0x0000000000001115       0x1c ./Core/Src/debug_led.o
 .debug_macro   0x0000000000001131       0x22 ./Core/Src/debug_led.o
 .debug_macro   0x0000000000001153       0xc3 ./Core/Src/debug_led.o
 .debug_macro   0x0000000000001216      0xd23 ./Core/Src/debug_led.o
 .debug_macro   0x0000000000001f39     0xe09e ./Core/Src/debug_led.o
 .debug_macro   0x000000000000ffd7       0x6d ./Core/Src/debug_led.o
 .debug_macro   0x0000000000010044      0x21b ./Core/Src/debug_led.o
 .debug_macro   0x000000000001025f     0x3468 ./Core/Src/debug_led.o
 .debug_macro   0x00000000000136c7      0x174 ./Core/Src/debug_led.o
 .debug_macro   0x000000000001383b       0x5c ./Core/Src/debug_led.o
 .debug_macro   0x0000000000013897      0x5be ./Core/Src/debug_led.o
 .debug_macro   0x0000000000013e55      0x289 ./Core/Src/debug_led.o
 .debug_macro   0x00000000000140de      0x1cb ./Core/Src/debug_led.o
 .debug_macro   0x00000000000142a9      0x114 ./Core/Src/debug_led.o
 .debug_macro   0x00000000000143bd      0x1b2 ./Core/Src/debug_led.o
 .debug_macro   0x000000000001456f       0x27 ./Core/Src/debug_led.o
 .debug_macro   0x0000000000014596      0x136 ./Core/Src/debug_led.o
 .debug_macro   0x00000000000146cc      0x1bc ./Core/Src/debug_led.o
 .debug_macro   0x0000000000014888       0x34 ./Core/Src/debug_led.o
 .debug_macro   0x00000000000148bc       0x3c ./Core/Src/debug_led.o
 .debug_macro   0x00000000000148f8       0x57 ./Core/Src/debug_led.o
 .debug_macro   0x000000000001494f       0x88 ./Core/Src/debug_led.o
 .debug_macro   0x00000000000149d7      0x241 ./Core/Src/debug_led.o
 .debug_macro   0x0000000000014c18      0x141 ./Core/Src/debug_led.o
 .debug_macro   0x0000000000014d59      0x8d1 ./Core/Src/debug_led.o
 .debug_macro   0x000000000001562a       0x65 ./Core/Src/debug_led.o
 .debug_macro   0x000000000001568f      0x249 ./Core/Src/debug_led.o
 .debug_macro   0x00000000000158d8       0x83 ./Core/Src/debug_led.o
 .debug_macro   0x000000000001595b       0x22 ./Core/Src/debug_led.o
 .debug_macro   0x000000000001597d       0x64 ./Core/Src/debug_led.o
 .debug_macro   0x00000000000159e1       0x10 ./Core/Src/debug_led.o
 .debug_macro   0x00000000000159f1      0x1e2 ./Core/Src/dma.o
 .debug_macro   0x0000000000015bd3       0x46 ./Core/Src/dma.o
 .debug_macro   0x0000000000015c19       0x16 ./Core/Src/dma.o
 .debug_macro   0x0000000000015c2f      0x1cf ./Core/Src/gpio.o
 .debug_macro   0x0000000000015dfe      0x1f5 ./Core/Src/init.o
 .debug_macro   0x0000000000015ff3       0x40 ./Core/Src/init.o
 .debug_macro   0x0000000000016033      0x457 ./Core/Src/main.o
 .debug_macro   0x000000000001648a       0x52 ./Core/Src/main.o
 .debug_macro   0x00000000000164dc       0x18 ./Core/Src/main.o
 .debug_macro   0x00000000000164f4       0x3c ./Core/Src/main.o
 .debug_macro   0x0000000000016530       0x34 ./Core/Src/main.o
 .debug_macro   0x0000000000016564       0x16 ./Core/Src/main.o
 .debug_macro   0x000000000001657a       0x35 ./Core/Src/main.o
 .debug_macro   0x00000000000165af      0x333 ./Core/Src/main.o
 .debug_macro   0x00000000000168e2       0x10 ./Core/Src/main.o
 .debug_macro   0x00000000000168f2       0x16 ./Core/Src/main.o
 .debug_macro   0x0000000000016908       0x43 ./Core/Src/main.o
 .debug_macro   0x000000000001694b       0x34 ./Core/Src/main.o
 .debug_macro   0x000000000001697f       0x10 ./Core/Src/main.o
 .debug_macro   0x000000000001698f       0x58 ./Core/Src/main.o
 .debug_macro   0x00000000000169e7       0x71 ./Core/Src/main.o
 .debug_macro   0x0000000000016a58       0x1c ./Core/Src/main.o
 .debug_macro   0x0000000000016a74      0x12a ./Core/Src/main.o
 .debug_macro   0x0000000000016b9e       0x10 ./Core/Src/main.o
 .debug_macro   0x0000000000016bae       0x1c ./Core/Src/main.o
 .debug_macro   0x0000000000016bca       0x52 ./Core/Src/main.o
 .debug_macro   0x0000000000016c1c       0x22 ./Core/Src/main.o
 .debug_macro   0x0000000000016c3e       0x10 ./Core/Src/main.o
 .debug_macro   0x0000000000016c4e       0x40 ./Core/Src/main.o
 .debug_macro   0x0000000000016c8e       0xd5 ./Core/Src/main.o
 .debug_macro   0x0000000000016d63       0x1c ./Core/Src/main.o
 .debug_macro   0x0000000000016d7f       0x3d ./Core/Src/main.o
 .debug_macro   0x0000000000016dbc       0x16 ./Core/Src/main.o
 .debug_macro   0x0000000000016dd2      0x145 ./Core/Src/main.o
 .debug_macro   0x0000000000016f17       0x16 ./Core/Src/main.o
 .debug_macro   0x0000000000016f2d       0x16 ./Core/Src/main.o
 .debug_macro   0x0000000000016f43       0x29 ./Core/Src/main.o
 .debug_macro   0x0000000000016f6c       0x16 ./Core/Src/main.o
 .debug_macro   0x0000000000016f82       0x20 ./Core/Src/main.o
 .debug_macro   0x0000000000016fa2       0x60 ./Core/Src/main.o
 .debug_macro   0x0000000000017002      0x1c8 ./Core/Src/main.o
 .debug_macro   0x00000000000171ca       0x58 ./Core/Src/main.o
 .debug_macro   0x0000000000017222       0x16 ./Core/Src/main.o
 .debug_macro   0x0000000000017238       0x22 ./Core/Src/main.o
 .debug_macro   0x000000000001725a      0x1a9 ./Core/Src/main.o
 .debug_macro   0x0000000000017403      0x1d5 ./Core/Src/stm32f1xx_hal_msp.o
 .debug_macro   0x00000000000175d8      0x1df ./Core/Src/stm32f1xx_it.o
 .debug_macro   0x00000000000177b7      0x1bd ./Core/Src/system_stm32f1xx.o
 .debug_macro   0x0000000000017974      0x1de ./Core/Src/timer.o
 .debug_macro   0x0000000000017b52      0x3fe ./Core/Src/usbd_midi.o
 .debug_macro   0x0000000000017f50       0x97 ./Core/Src/usbd_midi.o
 .debug_macro   0x0000000000017fe7       0xfd ./Core/Src/usbd_midi.o
 .debug_macro   0x00000000000180e4       0xbd ./Core/Src/usbd_midi.o
 .debug_macro   0x00000000000181a1       0x56 ./Core/Src/usbd_midi.o
 .debug_macro   0x00000000000181f7       0x1c ./Core/Src/usbd_midi.o
 .debug_macro   0x0000000000018213      0x409 ./Core/Src/usbd_midi_if.o
 .debug_macro   0x000000000001861c      0x1e1 ./Drivers/STM32F1xx_HAL_Driver/Src/stm32f1xx_hal.o
 .debug_macro   0x00000000000187fd      0x1bd ./Drivers/STM32F1xx_HAL_Driver/Src/stm32f1xx_hal_cortex.o
 .debug_macro   0x00000000000189ba      0x1c9 ./Drivers/STM32F1xx_HAL_Driver/Src/stm32f1xx_hal_pcd.o
 .debug_macro   0x0000000000018b83      0x1bd ./Drivers/STM32F1xx_HAL_Driver/Src/stm32f1xx_hal_pcd_ex.o
 .debug_macro   0x0000000000018d40      0x1cf ./Drivers/STM32F1xx_HAL_Driver/Src/stm32f1xx_hal_rcc.o
 .debug_macro   0x0000000000018f0f      0x1bd ./Drivers/STM32F1xx_HAL_Driver/Src/stm32f1xx_hal_rcc_ex.o
 .debug_macro   0x00000000000190cc      0x1bd ./Drivers/STM32F1xx_HAL_Driver/Src/stm32f1xx_ll_usb.o
 .debug_macro   0x0000000000019289      0x3d2 ./Middlewares/ST/STM32_USB_Device_Library/Core/Src/usbd_core.o
 .debug_macro   0x000000000001965b      0x1ce ./Middlewares/ST/STM32_USB_Device_Library/Core/Src/usbd_core.o
 .debug_macro   0x0000000000019829      0x3dc ./Middlewares/ST/STM32_USB_Device_Library/Core/Src/usbd_ctlreq.o
 .debug_macro   0x0000000000019c05      0x3d8 ./Middlewares/ST/STM32_USB_Device_Library/Core/Src/usbd_ioreq.o
 .debug_macro   0x0000000000019fdd      0x419 ./USB_DEVICE/App/usb_device.o
 .debug_macro   0x000000000001a3f6      0x40f ./USB_DEVICE/App/usbd_desc.o
 .debug_macro   0x000000000001a805      0x3f5 ./USB_DEVICE/Target/usbd_conf.o

.debug_line     0x0000000000000000    0x101f4
 .debug_line    0x0000000000000000      0x71a ./Core/Src/debug_led.o
 .debug_line    0x000000000000071a      0x752 ./Core/Src/dma.o
 .debug_line    0x0000000000000e6c      0x7c5 ./Core/Src/gpio.o
 .debug_line    0x0000000000001631      0x76f ./Core/Src/init.o
 .debug_line    0x0000000000001da0      0xb2a ./Core/Src/main.o
 .debug_line    0x00000000000028ca      0x722 ./Core/Src/stm32f1xx_hal_msp.o
 .debug_line    0x0000000000002fec      0x7ab ./Core/Src/stm32f1xx_it.o
 .debug_line    0x0000000000003797      0x75a ./Core/Src/system_stm32f1xx.o
 .debug_line    0x0000000000003ef1      0x89e ./Core/Src/timer.o
 .debug_line    0x000000000000478f      0xb0b ./Core/Src/usbd_midi.o
 .debug_line    0x000000000000529a      0xbe5 ./Core/Src/usbd_midi_if.o
 .debug_line    0x0000000000005e7f       0x84 ./Core/Startup/startup_stm32f103c8tx.o
 .debug_line    0x0000000000005f03      0x987 ./Drivers/STM32F1xx_HAL_Driver/Src/stm32f1xx_hal.o
 .debug_line    0x000000000000688a      0xb6f ./Drivers/STM32F1xx_HAL_Driver/Src/stm32f1xx_hal_cortex.o
 .debug_line    0x00000000000073f9     0x1375 ./Drivers/STM32F1xx_HAL_Driver/Src/stm32f1xx_hal_pcd.o
 .debug_line    0x000000000000876e      0x755 ./Drivers/STM32F1xx_HAL_Driver/Src/stm32f1xx_hal_pcd_ex.o
 .debug_line    0x0000000000008ec3      0xd95 ./Drivers/STM32F1xx_HAL_Driver/Src/stm32f1xx_hal_rcc.o
 .debug_line    0x0000000000009c58      0x8d3 ./Drivers/STM32F1xx_HAL_Driver/Src/stm32f1xx_hal_rcc_ex.o
 .debug_line    0x000000000000a52b     0x108f ./Drivers/STM32F1xx_HAL_Driver/Src/stm32f1xx_ll_usb.o
 .debug_line    0x000000000000b5ba      0xe02 ./Middlewares/ST/STM32_USB_Device_Library/Core/Src/usbd_core.o
 .debug_line    0x000000000000c3bc     0x1021 ./Middlewares/ST/STM32_USB_Device_Library/Core/Src/usbd_ctlreq.o
 .debug_line    0x000000000000d3dd      0xa98 ./Middlewares/ST/STM32_USB_Device_Library/Core/Src/usbd_ioreq.o
 .debug_line    0x000000000000de75      0xa21 ./USB_DEVICE/App/usb_device.o
 .debug_line    0x000000000000e896      0xb21 ./USB_DEVICE/App/usbd_desc.o
 .debug_line    0x000000000000f3b7      0xe3d ./USB_DEVICE/Target/usbd_conf.o

.debug_str      0x0000000000000000    0x8c7d6
 .debug_str     0x0000000000000000    0x84002 ./Core/Src/debug_led.o
                                      0x84341 (size before relaxing)
 .debug_str     0x0000000000084002      0x1a7 ./Core/Src/dma.o
                                      0x84328 (size before relaxing)
 .debug_str     0x00000000000841a9       0x60 ./Core/Src/gpio.o
                                      0x84358 (size before relaxing)
 .debug_str     0x0000000000084209      0x372 ./Core/Src/init.o
                                      0x847c0 (size before relaxing)
 .debug_str     0x000000000008457b     0x5bfc ./Core/Src/main.o
                                      0x8a15b (size before relaxing)
 .debug_str     0x000000000008a177      0x46e ./Core/Src/stm32f1xx_hal_msp.o
                                      0x847aa (size before relaxing)
 .debug_str     0x000000000008a5e5      0x366 ./Core/Src/stm32f1xx_it.o
                                      0x84653 (size before relaxing)
 .debug_str     0x000000000008a94b       0x52 ./Core/Src/system_stm32f1xx.o
                                      0x841b5 (size before relaxing)
 .debug_str     0x000000000008a99d       0x8c ./Core/Src/timer.o
                                      0x84342 (size before relaxing)
 .debug_str     0x000000000008aa29      0x13b ./Core/Src/usbd_midi.o
                                      0x898c7 (size before relaxing)
 .debug_str     0x000000000008ab64      0x102 ./Core/Src/usbd_midi_if.o
                                      0x89957 (size before relaxing)
 .debug_str     0x000000000008ac66       0x36 ./Core/Startup/startup_stm32f103c8tx.o
                                         0x83 (size before relaxing)
 .debug_str     0x000000000008ac9c      0x2e2 ./Drivers/STM32F1xx_HAL_Driver/Src/stm32f1xx_hal.o
                                      0x84846 (size before relaxing)
 .debug_str     0x000000000008af7e      0x29d ./Drivers/STM32F1xx_HAL_Driver/Src/stm32f1xx_hal_cortex.o
                                      0x8484e (size before relaxing)
 .debug_str     0x000000000008b21b      0x3fc ./Drivers/STM32F1xx_HAL_Driver/Src/stm32f1xx_hal_pcd.o
                                      0x84908 (size before relaxing)
 .debug_str     0x000000000008b617      0x18d ./Drivers/STM32F1xx_HAL_Driver/Src/stm32f1xx_hal_pcd_ex.o
                                      0x84655 (size before relaxing)
 .debug_str     0x000000000008b7a4      0x265 ./Drivers/STM32F1xx_HAL_Driver/Src/stm32f1xx_hal_rcc.o
                                      0x845b2 (size before relaxing)
 .debug_str     0x000000000008ba09       0xb9 ./Drivers/STM32F1xx_HAL_Driver/Src/stm32f1xx_hal_rcc_ex.o
                                      0x8433f (size before relaxing)
 .debug_str     0x000000000008bac2      0x2b2 ./Drivers/STM32F1xx_HAL_Driver/Src/stm32f1xx_ll_usb.o
                                      0x84688 (size before relaxing)
 .debug_str     0x000000000008bd74      0x1b5 ./Middlewares/ST/STM32_USB_Device_Library/Core/Src/usbd_core.o
                                      0x893b1 (size before relaxing)
 .debug_str     0x000000000008bf29      0x134 ./Middlewares/ST/STM32_USB_Device_Library/Core/Src/usbd_ctlreq.o
                                      0x89337 (size before relaxing)
 .debug_str     0x000000000008c05d       0xc9 ./Middlewares/ST/STM32_USB_Device_Library/Core/Src/usbd_ioreq.o
                                      0x892bf (size before relaxing)
 .debug_str     0x000000000008c126       0x32 ./USB_DEVICE/App/usb_device.o
                                      0x8956b (size before relaxing)
 .debug_str     0x000000000008c158      0x24d ./USB_DEVICE/App/usbd_desc.o
                                      0x8921f (size before relaxing)
 .debug_str     0x000000000008c3a5      0x431 ./USB_DEVICE/Target/usbd_conf.o
                                      0x89edc (size before relaxing)

.comment        0x0000000000000000       0x53
 .comment       0x0000000000000000       0x53 ./Core/Src/debug_led.o
                                         0x54 (size before relaxing)
 .comment       0x0000000000000053       0x54 ./Core/Src/dma.o
 .comment       0x0000000000000053       0x54 ./Core/Src/gpio.o
 .comment       0x0000000000000053       0x54 ./Core/Src/init.o
 .comment       0x0000000000000053       0x54 ./Core/Src/main.o
 .comment       0x0000000000000053       0x54 ./Core/Src/stm32f1xx_hal_msp.o
 .comment       0x0000000000000053       0x54 ./Core/Src/stm32f1xx_it.o
 .comment       0x0000000000000053       0x54 ./Core/Src/system_stm32f1xx.o
 .comment       0x0000000000000053       0x54 ./Core/Src/timer.o
 .comment       0x0000000000000053       0x54 ./Core/Src/usbd_midi.o
 .comment       0x0000000000000053       0x54 ./Core/Src/usbd_midi_if.o
 .comment       0x0000000000000053       0x54 ./Drivers/STM32F1xx_HAL_Driver/Src/stm32f1xx_hal.o
 .comment       0x0000000000000053       0x54 ./Drivers/STM32F1xx_HAL_Driver/Src/stm32f1xx_hal_cortex.o
 .comment       0x0000000000000053       0x54 ./Drivers/STM32F1xx_HAL_Driver/Src/stm32f1xx_hal_pcd.o
 .comment       0x0000000000000053       0x54 ./Drivers/STM32F1xx_HAL_Driver/Src/stm32f1xx_hal_pcd_ex.o
 .comment       0x0000000000000053       0x54 ./Drivers/STM32F1xx_HAL_Driver/Src/stm32f1xx_hal_rcc.o
 .comment       0x0000000000000053       0x54 ./Drivers/STM32F1xx_HAL_Driver/Src/stm32f1xx_hal_rcc_ex.o
 .comment       0x0000000000000053       0x54 ./Drivers/STM32F1xx_HAL_Driver/Src/stm32f1xx_ll_usb.o
 .comment       0x0000000000000053       0x54 ./Middlewares/ST/STM32_USB_Device_Library/Core/Src/usbd_core.o
 .comment       0x0000000000000053       0x54 ./Middlewares/ST/STM32_USB_Device_Library/Core/Src/usbd_ctlreq.o
 .comment       0x0000000000000053       0x54 ./Middlewares/ST/STM32_USB_Device_Library/Core/Src/usbd_ioreq.o
 .comment       0x0000000000000053       0x54 ./USB_DEVICE/App/usb_device.o
 .comment       0x0000000000000053       0x54 ./USB_DEVICE/App/usbd_desc.o
 .comment       0x0000000000000053       0x54 ./USB_DEVICE/Target/usbd_conf.o

.debug_frame    0x0000000000000000     0x2d00
 .debug_frame   0x0000000000000000       0x64 ./Core/Src/debug_led.o
 .debug_frame   0x0000000000000064       0x60 ./Core/Src/dma.o
 .debug_frame   0x00000000000000c4      0x124 ./Core/Src/gpio.o